[Fri Jun 02 05:56:18.878960 2023] [ssl:info] [pid 21567] (70014)End of file found: [client 157.55.39.223:53440] AH01991: SSL input filter read failed.
[Fri Jun 02 05:57:37.151721 2023] [ssl:info] [pid 21564] [client 157.245.102.38:38426] AH01964: Connection to child 0 established (server app.solddownriver.com:443)
[Fri Jun 02 05:58:55.254168 2023] [ssl:info] [pid 21706] [client 37.139.53.179:60784] AH01964: Connection to child 1 established (server app.solddownriver.com:443)
[Fri Jun 02 05:58:55.376153 2023] [ssl:info] [pid 21706] [client 37.139.53.179:60784] AH01998: Connection closed to child 1 with abortive shutdown (server app.solddownriver.com:443)
[Fri Jun 02 05:59:20.603869 2023] [ssl:info] [pid 21566] [client 2a06:4880:7000::72:56441] AH01964: Connection to child 3 established (server app.solddownriver.com:443)
[Fri Jun 02 05:59:26.428857 2023] [ssl:info] [pid 21565] [client 2a06:4880:7000::81:55539] AH01964: Connection to child 2 established (server app.solddownriver.com:443)
[Fri Jun 02 05:59:26.516291 2023] [ssl:info] [pid 21565] [client 2a06:4880:7000::81:55539] AH01998: Connection closed to child 2 with abortive shutdown (server app.solddownriver.com:443)
[Fri Jun 02 05:59:37.601987 2023] [ssl:info] [pid 21775] [client 2a06:4880:7000::7c:38379] AH01964: Connection to child 6 established (server app.solddownriver.com:443)
[Fri Jun 02 05:59:37.688510 2023] [ssl:info] [pid 21775] [client 2a06:4880:7000::7c:38379] AH01998: Connection closed to child 6 with abortive shutdown (server app.solddownriver.com:443)
[Fri Jun 02 05:59:48.776963 2023] [ssl:info] [pid 21778] [client 2a06:4880:7000::8a:42831] AH01964: Connection to child 9 established (server app.solddownriver.com:443)
[Fri Jun 02 05:59:48.866272 2023] [ssl:info] [pid 21778] [client 2a06:4880:7000::8a:42831] AH01998: Connection closed to child 9 with abortive shutdown (server app.solddownriver.com:443)
[Fri Jun 02 06:00:00.950746 2023] [ssl:info] [pid 21776] [client 2a06:4880:7000::7f:46169] AH01964: Connection to child 7 established (server app.solddownriver.com:443)
[Fri Jun 02 06:00:01.037701 2023] [ssl:info] [pid 21776] [client 2a06:4880:7000::7f:46169] AH01998: Connection closed to child 7 with abortive shutdown (server app.solddownriver.com:443)
[Fri Jun 02 06:00:12.122467 2023] [ssl:info] [pid 21779] [client 2a06:4880:7000::7a:60475] AH01964: Connection to child 10 established (server app.solddownriver.com:443)
[Fri Jun 02 06:00:12.210085 2023] [ssl:info] [pid 21779] [client 2a06:4880:7000::7a:60475] AH01998: Connection closed to child 10 with abortive shutdown (server app.solddownriver.com:443)
[Fri Jun 02 06:00:23.297190 2023] [ssl:info] [pid 21567] [client 2a06:4880:7000::8f:51185] AH01964: Connection to child 4 established (server app.solddownriver.com:443)
[Fri Jun 02 06:00:23.384899 2023] [ssl:info] [pid 21567] [client 2a06:4880:7000::8f:51185] AH01998: Connection closed to child 4 with abortive shutdown (server app.solddownriver.com:443)
[Fri Jun 02 06:00:34.473901 2023] [ssl:info] [pid 21568] [client 2a06:4880:7000::80:40451] AH01964: Connection to child 5 established (server app.solddownriver.com:443)
[Fri Jun 02 06:00:34.563209 2023] [ssl:info] [pid 21568] [client 2a06:4880:7000::80:40451] AH01998: Connection closed to child 5 with abortive shutdown (server app.solddownriver.com:443)
[Fri Jun 02 06:00:45.646611 2023] [ssl:info] [pid 21564] [client 2a06:4880:7000::7e:36161] AH01964: Connection to child 0 established (server app.solddownriver.com:443)
[Fri Jun 02 06:00:45.732590 2023] [ssl:info] [pid 21564] [client 2a06:4880:7000::7e:36161] AH01998: Connection closed to child 0 with abortive shutdown (server app.solddownriver.com:443)
[Fri Jun 02 06:00:56.824893 2023] [ssl:info] [pid 21706] [client 2a06:4880:7000::70:42877] AH01964: Connection to child 1 established (server app.solddownriver.com:443)
[Fri Jun 02 06:00:56.825215 2023] [ssl:info] [pid 21706] [client 2a06:4880:7000::70:42877] AH02008: SSL library error 1 in handshake (server app.solddownriver.com:443)
[Fri Jun 02 06:00:56.825334 2023] [ssl:info] [pid 21706] SSL Library Error: error:142090C1:SSL routines:tls_early_post_process_client_hello:no shared cipher -- Too restrictive SSLCipherSuite or using DSA server certificate?
[Fri Jun 02 06:00:56.825341 2023] [ssl:info] [pid 21706] [client 2a06:4880:7000::70:42877] AH01998: Connection closed to child 1 with abortive shutdown (server app.solddownriver.com:443)
[Fri Jun 02 06:01:07.998375 2023] [ssl:info] [pid 21566] [client 2a06:4880:7000::87:34919] AH01964: Connection to child 3 established (server app.solddownriver.com:443)
[Fri Jun 02 06:01:07.998723 2023] [ssl:info] [pid 21566] [client 2a06:4880:7000::87:34919] AH02008: SSL library error 1 in handshake (server app.solddownriver.com:443)
[Fri Jun 02 06:01:07.998788 2023] [ssl:info] [pid 21566] SSL Library Error: error:141CF06C:SSL routines:tls_parse_ctos_key_share:bad key share
[Fri Jun 02 06:01:07.998797 2023] [ssl:info] [pid 21566] [client 2a06:4880:7000::87:34919] AH01998: Connection closed to child 3 with abortive shutdown (server app.solddownriver.com:443)
[Fri Jun 02 06:09:09.208058 2023] [ssl:info] [pid 21565] [client 135.125.197.48:46410] AH01964: Connection to child 2 established (server app.solddownriver.com:443)
[Fri Jun 02 06:10:47.468718 2023] [wsgi:info] [pid 21563] [remote 95.214.26.182:65293] mod_wsgi (pid=21563, process='app', application=''): Loading Python script file '/var/www/python/app.wsgi'.
[Fri Jun 02 06:10:47.472722 2023] [wsgi:error] [pid 21563] [remote 95.214.26.182:65293] mod_wsgi (pid=21563): Failed to exec Python script file '/var/www/python/app.wsgi'.
[Fri Jun 02 06:10:47.472881 2023] [wsgi:error] [pid 21563] [remote 95.214.26.182:65293] mod_wsgi (pid=21563): Exception occurred processing WSGI script '/var/www/python/app.wsgi'.
[Fri Jun 02 06:10:47.473321 2023] [wsgi:error] [pid 21563] [remote 95.214.26.182:65293] Traceback (most recent call last):
[Fri Jun 02 06:10:47.473399 2023] [wsgi:error] [pid 21563] [remote 95.214.26.182:65293]   File "/var/www/python/app.wsgi", line 7, in <module>
[Fri Jun 02 06:10:47.473407 2023] [wsgi:error] [pid 21563] [remote 95.214.26.182:65293]     from app import app as application
[Fri Jun 02 06:10:47.473415 2023] [wsgi:error] [pid 21563] [remote 95.214.26.182:65293]   File "/var/www/python/app.py", line 3, in <module>
[Fri Jun 02 06:10:47.473419 2023] [wsgi:error] [pid 21563] [remote 95.214.26.182:65293]     from flask import Flask, request
[Fri Jun 02 06:10:47.473448 2023] [wsgi:error] [pid 21563] [remote 95.214.26.182:65293] ModuleNotFoundError: No module named 'flask'
[Fri Jun 02 06:10:47.708764 2023] [wsgi:info] [pid 21563] [remote 95.214.26.182:65437] mod_wsgi (pid=21563, process='app', application=''): Loading Python script file '/var/www/python/app.wsgi'.
[Fri Jun 02 06:10:47.709759 2023] [wsgi:error] [pid 21563] [remote 95.214.26.182:65437] mod_wsgi (pid=21563): Failed to exec Python script file '/var/www/python/app.wsgi'.
[Fri Jun 02 06:10:47.709800 2023] [wsgi:error] [pid 21563] [remote 95.214.26.182:65437] mod_wsgi (pid=21563): Exception occurred processing WSGI script '/var/www/python/app.wsgi'.
[Fri Jun 02 06:10:47.709909 2023] [wsgi:error] [pid 21563] [remote 95.214.26.182:65437] Traceback (most recent call last):
[Fri Jun 02 06:10:47.709944 2023] [wsgi:error] [pid 21563] [remote 95.214.26.182:65437]   File "/var/www/python/app.wsgi", line 7, in <module>
[Fri Jun 02 06:10:47.709949 2023] [wsgi:error] [pid 21563] [remote 95.214.26.182:65437]     from app import app as application
[Fri Jun 02 06:10:47.709954 2023] [wsgi:error] [pid 21563] [remote 95.214.26.182:65437]   File "/var/www/python/app.py", line 3, in <module>
[Fri Jun 02 06:10:47.709957 2023] [wsgi:error] [pid 21563] [remote 95.214.26.182:65437]     from flask import Flask, request
[Fri Jun 02 06:10:47.709973 2023] [wsgi:error] [pid 21563] [remote 95.214.26.182:65437] ModuleNotFoundError: No module named 'flask'
[Fri Jun 02 06:12:28.590622 2023] [ssl:info] [pid 21776] [client 66.249.72.68:45878] AH01964: Connection to child 7 established (server app.solddownriver.com:443)
[Fri Jun 02 06:12:33.309816 2023] [ssl:info] [pid 21776] (70014)End of file found: [client 66.249.72.68:45878] AH01991: SSL input filter read failed.
[Fri Jun 02 06:16:06.356361 2023] [ssl:info] [pid 21779] [client 114.119.146.229:29185] AH01964: Connection to child 10 established (server app.solddownriver.com:443)
[Fri Jun 02 06:20:10.835224 2023] [ssl:info] [pid 21567] [client 139.59.147.218:54792] AH01964: Connection to child 4 established (server app.solddownriver.com:443)
[Fri Jun 02 06:20:47.151712 2023] [ssl:info] [pid 21568] [client 52.167.144.112:20672] AH01964: Connection to child 5 established (server app.solddownriver.com:443)
[Fri Jun 02 06:20:47.317081 2023] [ssl:info] [pid 21564] [client 198.74.54.209:59128] AH01964: Connection to child 0 established (server app.solddownriver.com:443)
[Fri Jun 02 06:20:49.109340 2023] [ssl:info] [pid 21568] (70014)End of file found: [client 52.167.144.112:20672] AH01991: SSL input filter read failed.
[Fri Jun 02 06:30:11.868187 2023] [ssl:info] [pid 21706] [client 2400:8901::f03c:93ff:febf:6807:39758] AH01964: Connection to child 1 established (server app.solddownriver.com:443)
[Fri Jun 02 06:34:29.122792 2023] [wsgi:info] [pid 21563] [remote 143.110.222.166:43108] mod_wsgi (pid=21563, process='app', application=''): Loading Python script file '/var/www/python/app.wsgi'.
[Fri Jun 02 06:34:29.128900 2023] [wsgi:error] [pid 21563] [remote 143.110.222.166:43108] mod_wsgi (pid=21563): Failed to exec Python script file '/var/www/python/app.wsgi'.
[Fri Jun 02 06:34:29.129227 2023] [wsgi:error] [pid 21563] [remote 143.110.222.166:43108] mod_wsgi (pid=21563): Exception occurred processing WSGI script '/var/www/python/app.wsgi'.
[Fri Jun 02 06:34:29.129763 2023] [wsgi:error] [pid 21563] [remote 143.110.222.166:43108] Traceback (most recent call last):
[Fri Jun 02 06:34:29.130007 2023] [wsgi:error] [pid 21563] [remote 143.110.222.166:43108]   File "/var/www/python/app.wsgi", line 7, in <module>
[Fri Jun 02 06:34:29.130022 2023] [wsgi:error] [pid 21563] [remote 143.110.222.166:43108]     from app import app as application
[Fri Jun 02 06:34:29.130033 2023] [wsgi:error] [pid 21563] [remote 143.110.222.166:43108]   File "/var/www/python/app.py", line 3, in <module>
[Fri Jun 02 06:34:29.130039 2023] [wsgi:error] [pid 21563] [remote 143.110.222.166:43108]     from flask import Flask, request
[Fri Jun 02 06:34:29.130082 2023] [wsgi:error] [pid 21563] [remote 143.110.222.166:43108] ModuleNotFoundError: No module named 'flask'
[Fri Jun 02 06:40:15.363201 2023] [ssl:info] [pid 21565] [client 77.81.225.158:49934] AH01964: Connection to child 2 established (server app.solddownriver.com:443)
[Fri Jun 02 06:42:36.455144 2023] [ssl:info] [pid 21775] [client 193.70.86.3:43564] AH01964: Connection to child 6 established (server app.solddownriver.com:443)
[Fri Jun 02 06:45:30.257563 2023] [ssl:info] [pid 21778] [client 45.79.181.104:65052] AH01964: Connection to child 9 established (server app.solddownriver.com:443)
[Fri Jun 02 06:45:30.361225 2023] [ssl:info] [pid 21778] [client 45.79.181.104:65052] AH01998: Connection closed to child 9 with abortive shutdown (server app.solddownriver.com:443)
[Fri Jun 02 06:49:54.633325 2023] [ssl:info] [pid 21776] [client 185.165.118.34:37230] AH01964: Connection to child 7 established (server app.solddownriver.com:443)
[Fri Jun 02 06:52:50.076389 2023] [core:error] [pid 21779] [client 83.97.73.89:33190] AH00126: Invalid URI in request POST /cgi-bin/.%2e/.%2e/.%2e/.%2e/bin/sh HTTP/1.1
[Fri Jun 02 06:55:59.384252 2023] [ssl:info] [pid 21567] [client 66.249.72.68:34847] AH01964: Connection to child 4 established (server app.solddownriver.com:443)
[Fri Jun 02 06:56:03.479447 2023] [ssl:info] [pid 21567] (70014)End of file found: [client 66.249.72.68:34847] AH01991: SSL input filter read failed.
[Fri Jun 02 06:56:14.510206 2023] [ssl:info] [pid 21564] [client 66.249.72.68:45899] AH01964: Connection to child 0 established (server app.solddownriver.com:443)
[Fri Jun 02 06:56:14.539255 2023] [ssl:info] [pid 21564] (70014)End of file found: [client 66.249.72.68:45899] AH01991: SSL input filter read failed.
[Fri Jun 02 06:56:14.932834 2023] [ssl:info] [pid 21568] [client 66.249.72.92:63412] AH01964: Connection to child 5 established (server app.solddownriver.com:443)
[Fri Jun 02 06:56:14.964043 2023] [ssl:info] [pid 21568] (70014)End of file found: [client 66.249.72.92:63412] AH01991: SSL input filter read failed.
[Fri Jun 02 06:58:46.971747 2023] [ssl:info] [pid 21706] [client 185.183.122.143:35498] AH01964: Connection to child 1 established (server app.solddownriver.com:443)
[Fri Jun 02 07:06:36.045202 2023] [ssl:info] [pid 21566] [client 43.156.188.44:64315] AH01964: Connection to child 3 established (server app.solddownriver.com:443)
[Fri Jun 02 07:06:36.728947 2023] [ssl:info] [pid 21566] (70014)End of file found: [client 43.156.188.44:64315] AH01991: SSL input filter read failed.
[Fri Jun 02 07:07:21.626041 2023] [ssl:info] [pid 21565] [client 86.48.17.199:54310] AH01964: Connection to child 2 established (server app.solddownriver.com:443)
[Fri Jun 02 07:08:21.680780 2023] [wsgi:info] [pid 21563] [remote 116.0.23.168:53732] mod_wsgi (pid=21563, process='app', application=''): Loading Python script file '/var/www/python/app.wsgi'.
[Fri Jun 02 07:08:21.686568 2023] [wsgi:error] [pid 21563] [remote 116.0.23.168:53732] mod_wsgi (pid=21563): Failed to exec Python script file '/var/www/python/app.wsgi'.
[Fri Jun 02 07:08:21.686773 2023] [wsgi:error] [pid 21563] [remote 116.0.23.168:53732] mod_wsgi (pid=21563): Exception occurred processing WSGI script '/var/www/python/app.wsgi'.
[Fri Jun 02 07:08:21.687057 2023] [wsgi:error] [pid 21563] [remote 116.0.23.168:53732] Traceback (most recent call last):
[Fri Jun 02 07:08:21.687156 2023] [wsgi:error] [pid 21563] [remote 116.0.23.168:53732]   File "/var/www/python/app.wsgi", line 7, in <module>
[Fri Jun 02 07:08:21.687167 2023] [wsgi:error] [pid 21563] [remote 116.0.23.168:53732]     from app import app as application
[Fri Jun 02 07:08:21.687176 2023] [wsgi:error] [pid 21563] [remote 116.0.23.168:53732]   File "/var/www/python/app.py", line 3, in <module>
[Fri Jun 02 07:08:21.687180 2023] [wsgi:error] [pid 21563] [remote 116.0.23.168:53732]     from flask import Flask, request
[Fri Jun 02 07:08:21.687209 2023] [wsgi:error] [pid 21563] [remote 116.0.23.168:53732] ModuleNotFoundError: No module named 'flask'
[Fri Jun 02 07:15:58.818772 2023] [ssl:info] [pid 21778] [client 81.88.52.143:61803] AH01964: Connection to child 9 established (server app.solddownriver.com:443)
[Fri Jun 02 07:24:23.880956 2023] [ssl:info] [pid 21776] [client 148.72.244.186:49516] AH01964: Connection to child 7 established (server app.solddownriver.com:443)
[Fri Jun 02 07:31:14.859451 2023] [wsgi:info] [pid 21563] [remote 176.58.124.5:62887] mod_wsgi (pid=21563, process='app', application=''): Loading Python script file '/var/www/python/app.wsgi'.
[Fri Jun 02 07:31:14.864691 2023] [wsgi:error] [pid 21563] [remote 176.58.124.5:62887] mod_wsgi (pid=21563): Failed to exec Python script file '/var/www/python/app.wsgi'.
[Fri Jun 02 07:31:14.864990 2023] [wsgi:error] [pid 21563] [remote 176.58.124.5:62887] mod_wsgi (pid=21563): Exception occurred processing WSGI script '/var/www/python/app.wsgi'.
[Fri Jun 02 07:31:14.865363 2023] [wsgi:error] [pid 21563] [remote 176.58.124.5:62887] Traceback (most recent call last):
[Fri Jun 02 07:31:14.865441 2023] [wsgi:error] [pid 21563] [remote 176.58.124.5:62887]   File "/var/www/python/app.wsgi", line 7, in <module>
[Fri Jun 02 07:31:14.865446 2023] [wsgi:error] [pid 21563] [remote 176.58.124.5:62887]     from app import app as application
[Fri Jun 02 07:31:14.865453 2023] [wsgi:error] [pid 21563] [remote 176.58.124.5:62887]   File "/var/www/python/app.py", line 3, in <module>
[Fri Jun 02 07:31:14.865456 2023] [wsgi:error] [pid 21563] [remote 176.58.124.5:62887]     from flask import Flask, request
[Fri Jun 02 07:31:14.865488 2023] [wsgi:error] [pid 21563] [remote 176.58.124.5:62887] ModuleNotFoundError: No module named 'flask'
[Fri Jun 02 07:33:02.106852 2023] [ssl:info] [pid 21706] [client 2a01:4f9:4b:3f70::2:45058] AH01964: Connection to child 1 established (server app.solddownriver.com:443)
[Fri Jun 02 07:35:02.148523 2023] [ssl:info] [pid 21566] [client 2607:ff10:c8:594::e:43546] AH01964: Connection to child 3 established (server app.solddownriver.com:443)
[Fri Jun 02 07:35:02.150094 2023] [ssl:info] [pid 21566] [client 2607:ff10:c8:594::e:43546] AH01996: SSL handshake failed: HTTP spoken on HTTPS port; trying to send HTML error page
[Fri Jun 02 07:35:02.150320 2023] [ssl:info] [pid 21566] SSL Library Error: error:1408F09C:SSL routines:ssl3_get_record:http request
[Fri Jun 02 07:35:03.423777 2023] [ssl:info] [pid 21565] [client 2607:ff10:c8:594::e:43556] AH01964: Connection to child 2 established (server app.solddownriver.com:443)
[Fri Jun 02 07:35:03.425366 2023] [ssl:info] [pid 21565] [client 2607:ff10:c8:594::e:43556] AH01996: SSL handshake failed: HTTP spoken on HTTPS port; trying to send HTML error page
[Fri Jun 02 07:35:03.425431 2023] [ssl:info] [pid 21565] SSL Library Error: error:1408F09C:SSL routines:ssl3_get_record:http request
[Fri Jun 02 07:35:06.874907 2023] [ssl:info] [pid 21775] [client 2607:ff10:c8:594::e:43564] AH01964: Connection to child 6 established (server app.solddownriver.com:443)
[Fri Jun 02 07:35:06.875515 2023] [ssl:info] [pid 21775] [client 2607:ff10:c8:594::e:43564] AH01996: SSL handshake failed: HTTP spoken on HTTPS port; trying to send HTML error page
[Fri Jun 02 07:35:06.875547 2023] [ssl:info] [pid 21775] SSL Library Error: error:1408F09C:SSL routines:ssl3_get_record:http request
[Fri Jun 02 07:35:14.284694 2023] [ssl:info] [pid 21778] [client 2607:ff10:c8:594::e:45678] AH01964: Connection to child 9 established (server app.solddownriver.com:443)
[Fri Jun 02 07:35:14.285257 2023] [ssl:info] [pid 21778] [client 2607:ff10:c8:594::e:45678] AH01996: SSL handshake failed: HTTP spoken on HTTPS port; trying to send HTML error page
[Fri Jun 02 07:35:14.285289 2023] [ssl:info] [pid 21778] SSL Library Error: error:1408F09C:SSL routines:ssl3_get_record:http request
[Fri Jun 02 07:35:31.926478 2023] [ssl:info] [pid 21776] [client 2607:ff10:c8:594::e:45754] AH01964: Connection to child 7 established (server app.solddownriver.com:443)
[Fri Jun 02 07:35:31.927112 2023] [ssl:info] [pid 21776] [client 2607:ff10:c8:594::e:45754] AH01996: SSL handshake failed: HTTP spoken on HTTPS port; trying to send HTML error page
[Fri Jun 02 07:35:31.927145 2023] [ssl:info] [pid 21776] SSL Library Error: error:1408F09C:SSL routines:ssl3_get_record:http request
[Fri Jun 02 07:35:57.280953 2023] [ssl:info] [pid 21779] [client 2607:ff10:c8:594::e:50376] AH01964: Connection to child 10 established (server app.solddownriver.com:443)
[Fri Jun 02 07:35:57.281540 2023] [ssl:info] [pid 21779] [client 2607:ff10:c8:594::e:50376] AH01996: SSL handshake failed: HTTP spoken on HTTPS port; trying to send HTML error page
[Fri Jun 02 07:35:57.281589 2023] [ssl:info] [pid 21779] SSL Library Error: error:1408F09C:SSL routines:ssl3_get_record:http request
[Fri Jun 02 07:36:41.996557 2023] [wsgi:info] [pid 21563] [remote 143.110.222.166:43020] mod_wsgi (pid=21563, process='app', application=''): Loading Python script file '/var/www/python/app.wsgi'.
[Fri Jun 02 07:36:42.001458 2023] [wsgi:error] [pid 21563] [remote 143.110.222.166:43020] mod_wsgi (pid=21563): Failed to exec Python script file '/var/www/python/app.wsgi'.
[Fri Jun 02 07:36:42.001675 2023] [wsgi:error] [pid 21563] [remote 143.110.222.166:43020] mod_wsgi (pid=21563): Exception occurred processing WSGI script '/var/www/python/app.wsgi'.
[Fri Jun 02 07:36:42.002291 2023] [wsgi:error] [pid 21563] [remote 143.110.222.166:43020] Traceback (most recent call last):
[Fri Jun 02 07:36:42.002377 2023] [wsgi:error] [pid 21563] [remote 143.110.222.166:43020]   File "/var/www/python/app.wsgi", line 7, in <module>
[Fri Jun 02 07:36:42.002386 2023] [wsgi:error] [pid 21563] [remote 143.110.222.166:43020]     from app import app as application
[Fri Jun 02 07:36:42.002393 2023] [wsgi:error] [pid 21563] [remote 143.110.222.166:43020]   File "/var/www/python/app.py", line 3, in <module>
[Fri Jun 02 07:36:42.002396 2023] [wsgi:error] [pid 21563] [remote 143.110.222.166:43020]     from flask import Flask, request
[Fri Jun 02 07:36:42.002432 2023] [wsgi:error] [pid 21563] [remote 143.110.222.166:43020] ModuleNotFoundError: No module named 'flask'
[Fri Jun 02 07:38:16.920177 2023] [ssl:info] [pid 21564] [client 2607:ff10:c8:594::e:46114] AH01964: Connection to child 0 established (server app.solddownriver.com:443)
[Fri Jun 02 07:38:17.029894 2023] [ssl:info] [pid 21564] (70014)End of file found: [client 2607:ff10:c8:594::e:46114] AH01991: SSL input filter read failed.
[Fri Jun 02 07:38:18.657942 2023] [ssl:info] [pid 21568] [client 2607:ff10:c8:594::e:46128] AH01964: Connection to child 5 established (server app.solddownriver.com:443)
[Fri Jun 02 07:38:18.765464 2023] [ssl:info] [pid 21568] (70014)End of file found: [client 2607:ff10:c8:594::e:46128] AH01991: SSL input filter read failed.
[Fri Jun 02 07:38:23.029813 2023] [ssl:info] [pid 21706] [client 2607:ff10:c8:594::e:43960] AH01964: Connection to child 1 established (server app.solddownriver.com:443)
[Fri Jun 02 07:38:23.133821 2023] [ssl:info] [pid 21706] (70014)End of file found: [client 2607:ff10:c8:594::e:43960] AH01991: SSL input filter read failed.
[Fri Jun 02 07:38:32.993994 2023] [ssl:info] [pid 21566] [client 2607:ff10:c8:594::e:59260] AH01964: Connection to child 3 established (server app.solddownriver.com:443)
[Fri Jun 02 07:38:33.098404 2023] [ssl:info] [pid 21566] (70014)End of file found: [client 2607:ff10:c8:594::e:59260] AH01991: SSL input filter read failed.
[Fri Jun 02 07:38:50.806455 2023] [ssl:info] [pid 21565] [client 2607:ff10:c8:594::e:49084] AH01964: Connection to child 2 established (server app.solddownriver.com:443)
[Fri Jun 02 07:38:50.911550 2023] [ssl:info] [pid 21565] (70014)End of file found: [client 2607:ff10:c8:594::e:49084] AH01991: SSL input filter read failed.
[Fri Jun 02 07:38:56.206367 2023] [wsgi:info] [pid 21563] [remote 178.128.152.119:54996] mod_wsgi (pid=21563, process='app', application=''): Loading Python script file '/var/www/python/app.wsgi'.
[Fri Jun 02 07:38:56.211084 2023] [wsgi:error] [pid 21563] [remote 178.128.152.119:54996] mod_wsgi (pid=21563): Failed to exec Python script file '/var/www/python/app.wsgi'.
[Fri Jun 02 07:38:56.211305 2023] [wsgi:error] [pid 21563] [remote 178.128.152.119:54996] mod_wsgi (pid=21563): Exception occurred processing WSGI script '/var/www/python/app.wsgi'.
[Fri Jun 02 07:38:56.211667 2023] [wsgi:error] [pid 21563] [remote 178.128.152.119:54996] Traceback (most recent call last):
[Fri Jun 02 07:38:56.211788 2023] [wsgi:error] [pid 21563] [remote 178.128.152.119:54996]   File "/var/www/python/app.wsgi", line 7, in <module>
[Fri Jun 02 07:38:56.211859 2023] [wsgi:error] [pid 21563] [remote 178.128.152.119:54996]     from app import app as application
[Fri Jun 02 07:38:56.211876 2023] [wsgi:error] [pid 21563] [remote 178.128.152.119:54996]   File "/var/www/python/app.py", line 3, in <module>
[Fri Jun 02 07:38:56.211882 2023] [wsgi:error] [pid 21563] [remote 178.128.152.119:54996]     from flask import Flask, request
[Fri Jun 02 07:38:56.212033 2023] [wsgi:error] [pid 21563] [remote 178.128.152.119:54996] ModuleNotFoundError: No module named 'flask'
[Fri Jun 02 07:39:22.517711 2023] [ssl:info] [pid 21778] [client 2607:ff10:c8:594::e:33102] AH01964: Connection to child 9 established (server app.solddownriver.com:443)
[Fri Jun 02 07:39:22.626769 2023] [ssl:info] [pid 21778] (70014)End of file found: [client 2607:ff10:c8:594::e:33102] AH01991: SSL input filter read failed.
[Fri Jun 02 07:40:54.947389 2023] [ssl:info] [pid 21776] [client 154.0.175.200:47966] AH01964: Connection to child 7 established (server app.solddownriver.com:443)
[Fri Jun 02 07:41:38.754296 2023] [ssl:info] [pid 21779] [client 107.170.250.22:44602] AH01964: Connection to child 10 established (server app.solddownriver.com:443)
[Fri Jun 02 07:48:04.507363 2023] [ssl:info] [pid 21564] [client 210.207.92.24:40508] AH01964: Connection to child 0 established (server app.solddownriver.com:443)
[Fri Jun 02 07:48:04.806504 2023] [ssl:info] [pid 21568] [client 198.74.54.209:59130] AH01964: Connection to child 5 established (server app.solddownriver.com:443)
[Fri Jun 02 07:48:37.868096 2023] [ssl:info] [pid 21566] [client 216.194.175.42:34642] AH01964: Connection to child 3 established (server app.solddownriver.com:443)
[Fri Jun 02 07:51:06.148994 2023] [wsgi:info] [pid 21563] [remote 5.188.210.227:51020] mod_wsgi (pid=21563, process='app', application=''): Loading Python script file '/var/www/python/app.wsgi'.
[Fri Jun 02 07:51:06.154436 2023] [wsgi:error] [pid 21563] [remote 5.188.210.227:51020] mod_wsgi (pid=21563): Failed to exec Python script file '/var/www/python/app.wsgi'.
[Fri Jun 02 07:51:06.154670 2023] [wsgi:error] [pid 21563] [remote 5.188.210.227:51020] mod_wsgi (pid=21563): Exception occurred processing WSGI script '/var/www/python/app.wsgi'.
[Fri Jun 02 07:51:06.155168 2023] [wsgi:error] [pid 21563] [remote 5.188.210.227:51020] Traceback (most recent call last):
[Fri Jun 02 07:51:06.155239 2023] [wsgi:error] [pid 21563] [remote 5.188.210.227:51020]   File "/var/www/python/app.wsgi", line 7, in <module>
[Fri Jun 02 07:51:06.155296 2023] [wsgi:error] [pid 21563] [remote 5.188.210.227:51020]     from app import app as application
[Fri Jun 02 07:51:06.155305 2023] [wsgi:error] [pid 21563] [remote 5.188.210.227:51020]   File "/var/www/python/app.py", line 3, in <module>
[Fri Jun 02 07:51:06.155308 2023] [wsgi:error] [pid 21563] [remote 5.188.210.227:51020]     from flask import Flask, request
[Fri Jun 02 07:51:06.155337 2023] [wsgi:error] [pid 21563] [remote 5.188.210.227:51020] ModuleNotFoundError: No module named 'flask'
[Fri Jun 02 07:53:21.539837 2023] [ssl:info] [pid 21568] [client 44.195.62.161:52945] AH01964: Connection to child 5 established (server app.solddownriver.com:443)
[Fri Jun 02 07:53:21.540346 2023] [ssl:info] [pid 21568] [client 44.195.62.161:52945] AH02008: SSL library error 1 in handshake (server app.solddownriver.com:443)
[Fri Jun 02 07:53:21.540519 2023] [ssl:info] [pid 21568] SSL Library Error: error:142090FC:SSL routines:tls_early_post_process_client_hello:unknown protocol
[Fri Jun 02 07:53:21.540542 2023] [ssl:info] [pid 21568] [client 44.195.62.161:52945] AH01998: Connection closed to child 5 with abortive shutdown (server app.solddownriver.com:443)
[Fri Jun 02 07:53:21.725343 2023] [ssl:info] [pid 21564] [client 44.195.62.161:60610] AH01964: Connection to child 0 established (server app.solddownriver.com:443)
[Fri Jun 02 07:53:21.726084 2023] [ssl:info] [pid 21564] [client 44.195.62.161:60610] AH02008: SSL library error 1 in handshake (server app.solddownriver.com:443)
[Fri Jun 02 07:53:21.726270 2023] [ssl:info] [pid 21564] SSL Library Error: error:1417A0C1:SSL routines:tls_post_process_client_hello:no shared cipher -- Too restrictive SSLCipherSuite or using DSA server certificate?
[Fri Jun 02 07:53:21.726312 2023] [ssl:info] [pid 21564] [client 44.195.62.161:60610] AH01998: Connection closed to child 0 with abortive shutdown (server app.solddownriver.com:443)
[Fri Jun 02 07:53:21.726467 2023] [ssl:info] [pid 21566] [client 44.195.62.161:42463] AH01964: Connection to child 3 established (server app.solddownriver.com:443)
[Fri Jun 02 07:53:21.728721 2023] [ssl:info] [pid 21706] [client 44.195.62.161:11001] AH01964: Connection to child 1 established (server app.solddownriver.com:443)
[Fri Jun 02 07:53:21.731109 2023] [ssl:info] [pid 21565] [client 44.195.62.161:3787] AH01964: Connection to child 2 established (server app.solddownriver.com:443)
[Fri Jun 02 07:53:21.830030 2023] [ssl:info] [pid 21775] [client 44.195.62.161:4710] AH01964: Connection to child 6 established (server app.solddownriver.com:443)
[Fri Jun 02 07:53:21.830847 2023] [ssl:info] [pid 21775] [client 44.195.62.161:4710] AH02008: SSL library error 1 in handshake (server app.solddownriver.com:443)
[Fri Jun 02 07:53:21.830898 2023] [ssl:info] [pid 21775] SSL Library Error: error:1420918C:SSL routines:tls_early_post_process_client_hello:version too low
[Fri Jun 02 07:53:21.830909 2023] [ssl:info] [pid 21775] [client 44.195.62.161:4710] AH01998: Connection closed to child 6 with abortive shutdown (server app.solddownriver.com:443)
[Fri Jun 02 07:53:21.832407 2023] [ssl:info] [pid 21566] (70014)End of file found: [client 44.195.62.161:42463] AH01991: SSL input filter read failed.
[Fri Jun 02 07:53:21.832831 2023] [ssl:info] [pid 21565] [client 44.195.62.161:3787] AH01998: Connection closed to child 2 with abortive shutdown (server app.solddownriver.com:443)
[Fri Jun 02 07:53:21.836598 2023] [ssl:info] [pid 21706] [client 44.195.62.161:11001] AH01998: Connection closed to child 1 with abortive shutdown (server app.solddownriver.com:443)
[Fri Jun 02 07:53:21.934552 2023] [ssl:info] [pid 21778] [client 44.195.62.161:14085] AH01964: Connection to child 9 established (server app.solddownriver.com:443)
[Fri Jun 02 07:53:21.937515 2023] [ssl:info] [pid 21778] [client 44.195.62.161:14085] AH01998: Connection closed to child 9 with abortive shutdown (server app.solddownriver.com:443)
[Fri Jun 02 07:56:35.198429 2023] [ssl:info] [pid 21776] [client 144.126.211.252:55598] AH01964: Connection to child 7 established (server app.solddownriver.com:443)
[Fri Jun 02 08:02:26.083213 2023] [ssl:info] [pid 21779] [client 167.94.138.124:37356] AH01964: Connection to child 10 established (server app.solddownriver.com:443)
[Fri Jun 02 08:02:27.244936 2023] [ssl:info] [pid 21567] [client 167.94.138.124:56212] AH01964: Connection to child 4 established (server app.solddownriver.com:443)
[Fri Jun 02 08:02:27.348580 2023] [ssl:info] [pid 21568] [client 167.94.138.124:59856] AH01964: Connection to child 5 established (server app.solddownriver.com:443)
[Fri Jun 02 08:02:27.379718 2023] [ssl:info] [pid 21568] [client 167.94.138.124:59856] AH02008: SSL library error 1 in handshake (server app.solddownriver.com:443)
[Fri Jun 02 08:02:27.379811 2023] [ssl:info] [pid 21568] SSL Library Error: error:14094456:SSL routines:ssl3_read_bytes:tlsv1 unsupported extension (SSL alert number 110)
[Fri Jun 02 08:02:27.379830 2023] [ssl:info] [pid 21568] [client 167.94.138.124:59856] AH01998: Connection closed to child 5 with abortive shutdown (server app.solddownriver.com:443)
[Fri Jun 02 08:02:27.407450 2023] [ssl:info] [pid 21564] [client 167.94.138.124:34462] AH01964: Connection to child 0 established (server app.solddownriver.com:443)
[Fri Jun 02 08:02:27.440554 2023] [core:info] [pid 21564] [client 167.94.138.124:34462] AH00128: File does not exist: /var/www/python/favicon.ico
[Fri Jun 02 08:04:19.056209 2023] [ssl:info] [pid 21775] [client 2607:5300:205:200::25b7:57904] AH01964: Connection to child 6 established (server app.solddownriver.com:443)
[Fri Jun 02 08:05:13.242507 2023] [ssl:info] [pid 21566] [client 66.249.72.68:65535] AH01964: Connection to child 3 established (server app.solddownriver.com:443)
[Fri Jun 02 08:05:17.993049 2023] [ssl:info] [pid 21566] (70014)End of file found: [client 66.249.72.68:65535] AH01991: SSL input filter read failed.
[Fri Jun 02 08:20:15.339782 2023] [wsgi:info] [pid 21563] [remote 83.97.73.89:45452] mod_wsgi (pid=21563, process='app', application=''): Loading Python script file '/var/www/python/app.wsgi'.
[Fri Jun 02 08:20:15.345818 2023] [wsgi:error] [pid 21563] [remote 83.97.73.89:45452] mod_wsgi (pid=21563): Failed to exec Python script file '/var/www/python/app.wsgi'.
[Fri Jun 02 08:20:15.346095 2023] [wsgi:error] [pid 21563] [remote 83.97.73.89:45452] mod_wsgi (pid=21563): Exception occurred processing WSGI script '/var/www/python/app.wsgi'.
[Fri Jun 02 08:20:15.346444 2023] [wsgi:error] [pid 21563] [remote 83.97.73.89:45452] Traceback (most recent call last):
[Fri Jun 02 08:20:15.346513 2023] [wsgi:error] [pid 21563] [remote 83.97.73.89:45452]   File "/var/www/python/app.wsgi", line 7, in <module>
[Fri Jun 02 08:20:15.346519 2023] [wsgi:error] [pid 21563] [remote 83.97.73.89:45452]     from app import app as application
[Fri Jun 02 08:20:15.346527 2023] [wsgi:error] [pid 21563] [remote 83.97.73.89:45452]   File "/var/www/python/app.py", line 3, in <module>
[Fri Jun 02 08:20:15.346531 2023] [wsgi:error] [pid 21563] [remote 83.97.73.89:45452]     from flask import Flask, request
[Fri Jun 02 08:20:15.346561 2023] [wsgi:error] [pid 21563] [remote 83.97.73.89:45452] ModuleNotFoundError: No module named 'flask'
[Fri Jun 02 08:26:18.598280 2023] [ssl:info] [pid 21706] [client 149.56.26.205:34076] AH01964: Connection to child 1 established (server app.solddownriver.com:443)
[Fri Jun 02 08:26:18.756782 2023] [ssl:info] [pid 21778] [client 198.74.54.209:59132] AH01964: Connection to child 9 established (server app.solddownriver.com:443)
[Fri Jun 02 08:26:19.109135 2023] [ssl:info] [pid 21776] [client 149.56.26.205:34086] AH01964: Connection to child 7 established (server app.solddownriver.com:443)
[Fri Jun 02 08:33:47.027809 2023] [ssl:info] [pid 21567] [client 40.77.167.98:11520] AH01964: Connection to child 4 established (server app.solddownriver.com:443)
[Fri Jun 02 08:33:47.355302 2023] [ssl:info] [pid 21567] (70014)End of file found: [client 40.77.167.98:11520] AH01991: SSL input filter read failed.
[Fri Jun 02 08:37:39.198117 2023] [wsgi:info] [pid 21563] [remote 143.110.222.166:42678] mod_wsgi (pid=21563, process='app', application=''): Loading Python script file '/var/www/python/app.wsgi'.
[Fri Jun 02 08:37:39.202458 2023] [wsgi:error] [pid 21563] [remote 143.110.222.166:42678] mod_wsgi (pid=21563): Failed to exec Python script file '/var/www/python/app.wsgi'.
[Fri Jun 02 08:37:39.202613 2023] [wsgi:error] [pid 21563] [remote 143.110.222.166:42678] mod_wsgi (pid=21563): Exception occurred processing WSGI script '/var/www/python/app.wsgi'.
[Fri Jun 02 08:37:39.202910 2023] [wsgi:error] [pid 21563] [remote 143.110.222.166:42678] Traceback (most recent call last):
[Fri Jun 02 08:37:39.203029 2023] [wsgi:error] [pid 21563] [remote 143.110.222.166:42678]   File "/var/www/python/app.wsgi", line 7, in <module>
[Fri Jun 02 08:37:39.203041 2023] [wsgi:error] [pid 21563] [remote 143.110.222.166:42678]     from app import app as application
[Fri Jun 02 08:37:39.203050 2023] [wsgi:error] [pid 21563] [remote 143.110.222.166:42678]   File "/var/www/python/app.py", line 3, in <module>
[Fri Jun 02 08:37:39.203053 2023] [wsgi:error] [pid 21563] [remote 143.110.222.166:42678]     from flask import Flask, request
[Fri Jun 02 08:37:39.203081 2023] [wsgi:error] [pid 21563] [remote 143.110.222.166:42678] ModuleNotFoundError: No module named 'flask'
[Fri Jun 02 08:39:40.202106 2023] [ssl:info] [pid 21564] [client 2400:6180:100:d0::2db:3001:53498] AH01964: Connection to child 0 established (server app.solddownriver.com:443)
[Fri Jun 02 08:39:41.332285 2023] [ssl:info] [pid 21775] [client 2400:6180:100:d0::2db:3001:53504] AH01964: Connection to child 6 established (server app.solddownriver.com:443)
[Fri Jun 02 08:42:43.586195 2023] [ssl:info] [pid 21566] [client 45.135.232.26:56312] AH01964: Connection to child 3 established (server app.solddownriver.com:443)
[Fri Jun 02 08:42:47.823168 2023] [core:info] [pid 21566] [client 45.135.232.26:56312] AH00128: File does not exist: /var/www/python/dana-na/auth/url_default/welcome.cgi
[Fri Jun 02 08:42:51.243956 2023] [core:info] [pid 21566] [client 45.135.232.26:56312] AH00128: File does not exist: /var/www/python/remote/login
[Fri Jun 02 08:42:54.312704 2023] [core:info] [pid 21566] [client 45.135.232.26:56312] AH00128: File does not exist: /var/www/python/vpn/
[Fri Jun 02 08:43:00.733310 2023] [ssl:info] [pid 21565] [client 45.135.232.26:57745] AH01964: Connection to child 2 established (server app.solddownriver.com:443)
[Fri Jun 02 08:43:00.861385 2023] [core:info] [pid 21565] [client 45.135.232.26:57745] AH00128: File does not exist: /var/www/python/+CSCOE+/logon.html
[Fri Jun 02 08:46:32.320288 2023] [ssl:info] [pid 21778] [client 172.104.11.51:50490] AH01964: Connection to child 9 established (server app.solddownriver.com:443)
[Fri Jun 02 08:46:32.436177 2023] [ssl:info] [pid 21778] [client 172.104.11.51:50490] AH01998: Connection closed to child 9 with abortive shutdown (server app.solddownriver.com:443)
[Fri Jun 02 08:53:24.401897 2023] [ssl:info] [pid 21706] [client 185.183.122.143:37882] AH01964: Connection to child 1 established (server app.solddownriver.com:443)
[Fri Jun 02 08:53:24.737610 2023] [ssl:info] [pid 21776] [client 198.74.54.209:59134] AH01964: Connection to child 7 established (server app.solddownriver.com:443)
[Fri Jun 02 08:53:25.406048 2023] [ssl:info] [pid 21779] [client 185.183.122.143:38112] AH01964: Connection to child 10 established (server app.solddownriver.com:443)
[Fri Jun 02 08:55:13.760497 2023] [ssl:info] [pid 21567] [client 66.249.72.92:46131] AH01964: Connection to child 4 established (server app.solddownriver.com:443)
[Fri Jun 02 08:55:14.760985 2023] [ssl:info] [pid 21568] [client 66.249.77.141:62851] AH01964: Connection to child 5 established (server app.solddownriver.com:443)
[Fri Jun 02 08:55:15.174098 2023] [ssl:info] [pid 21564] [client 66.249.77.145:35042] AH01964: Connection to child 0 established (server app.solddownriver.com:443)
[Fri Jun 02 08:55:15.925737 2023] [wsgi:info] [pid 21563] [remote 148.153.45.234:38586] mod_wsgi (pid=21563, process='app', application=''): Loading Python script file '/var/www/python/app.wsgi'.
[Fri Jun 02 08:55:15.929228 2023] [wsgi:error] [pid 21563] [remote 148.153.45.234:38586] mod_wsgi (pid=21563): Failed to exec Python script file '/var/www/python/app.wsgi'.
[Fri Jun 02 08:55:15.929432 2023] [wsgi:error] [pid 21563] [remote 148.153.45.234:38586] mod_wsgi (pid=21563): Exception occurred processing WSGI script '/var/www/python/app.wsgi'.
[Fri Jun 02 08:55:15.929756 2023] [wsgi:error] [pid 21563] [remote 148.153.45.234:38586] Traceback (most recent call last):
[Fri Jun 02 08:55:15.929814 2023] [wsgi:error] [pid 21563] [remote 148.153.45.234:38586]   File "/var/www/python/app.wsgi", line 7, in <module>
[Fri Jun 02 08:55:15.929820 2023] [wsgi:error] [pid 21563] [remote 148.153.45.234:38586]     from app import app as application
[Fri Jun 02 08:55:15.929826 2023] [wsgi:error] [pid 21563] [remote 148.153.45.234:38586]   File "/var/www/python/app.py", line 3, in <module>
[Fri Jun 02 08:55:15.929829 2023] [wsgi:error] [pid 21563] [remote 148.153.45.234:38586]     from flask import Flask, request
[Fri Jun 02 08:55:15.929853 2023] [wsgi:error] [pid 21563] [remote 148.153.45.234:38586] ModuleNotFoundError: No module named 'flask'
[Fri Jun 02 08:55:16.033294 2023] [wsgi:info] [pid 21563] [remote 148.153.45.234:38600] mod_wsgi (pid=21563, process='app', application=''): Loading Python script file '/var/www/python/app.wsgi'.
[Fri Jun 02 08:55:16.034373 2023] [wsgi:error] [pid 21563] [remote 148.153.45.234:38600] mod_wsgi (pid=21563): Failed to exec Python script file '/var/www/python/app.wsgi'.
[Fri Jun 02 08:55:16.034424 2023] [wsgi:error] [pid 21563] [remote 148.153.45.234:38600] mod_wsgi (pid=21563): Exception occurred processing WSGI script '/var/www/python/app.wsgi'.
[Fri Jun 02 08:55:16.034559 2023] [wsgi:error] [pid 21563] [remote 148.153.45.234:38600] Traceback (most recent call last):
[Fri Jun 02 08:55:16.034597 2023] [wsgi:error] [pid 21563] [remote 148.153.45.234:38600]   File "/var/www/python/app.wsgi", line 7, in <module>
[Fri Jun 02 08:55:16.034602 2023] [wsgi:error] [pid 21563] [remote 148.153.45.234:38600]     from app import app as application
[Fri Jun 02 08:55:16.034607 2023] [wsgi:error] [pid 21563] [remote 148.153.45.234:38600]   File "/var/www/python/app.py", line 3, in <module>
[Fri Jun 02 08:55:16.034610 2023] [wsgi:error] [pid 21563] [remote 148.153.45.234:38600]     from flask import Flask, request
[Fri Jun 02 08:55:16.034626 2023] [wsgi:error] [pid 21563] [remote 148.153.45.234:38600] ModuleNotFoundError: No module named 'flask'
[Fri Jun 02 08:55:16.137923 2023] [wsgi:info] [pid 21563] [remote 148.153.45.234:38604] mod_wsgi (pid=21563, process='app', application=''): Loading Python script file '/var/www/python/app.wsgi'.
[Fri Jun 02 08:55:16.139447 2023] [wsgi:error] [pid 21563] [remote 148.153.45.234:38604] mod_wsgi (pid=21563): Failed to exec Python script file '/var/www/python/app.wsgi'.
[Fri Jun 02 08:55:16.139546 2023] [wsgi:error] [pid 21563] [remote 148.153.45.234:38604] mod_wsgi (pid=21563): Exception occurred processing WSGI script '/var/www/python/app.wsgi'.
[Fri Jun 02 08:55:16.139649 2023] [wsgi:error] [pid 21563] [remote 148.153.45.234:38604] Traceback (most recent call last):
[Fri Jun 02 08:55:16.139677 2023] [wsgi:error] [pid 21563] [remote 148.153.45.234:38604]   File "/var/www/python/app.wsgi", line 7, in <module>
[Fri Jun 02 08:55:16.139682 2023] [wsgi:error] [pid 21563] [remote 148.153.45.234:38604]     from app import app as application
[Fri Jun 02 08:55:16.139687 2023] [wsgi:error] [pid 21563] [remote 148.153.45.234:38604]   File "/var/www/python/app.py", line 3, in <module>
[Fri Jun 02 08:55:16.139690 2023] [wsgi:error] [pid 21563] [remote 148.153.45.234:38604]     from flask import Flask, request
[Fri Jun 02 08:55:16.139705 2023] [wsgi:error] [pid 21563] [remote 148.153.45.234:38604] ModuleNotFoundError: No module named 'flask'
[Fri Jun 02 08:55:17.251476 2023] [wsgi:info] [pid 21563] [remote 148.153.45.234:38610] mod_wsgi (pid=21563, process='app', application=''): Loading Python script file '/var/www/python/app.wsgi'.
[Fri Jun 02 08:55:17.252812 2023] [wsgi:error] [pid 21563] [remote 148.153.45.234:38610] mod_wsgi (pid=21563): Failed to exec Python script file '/var/www/python/app.wsgi'.
[Fri Jun 02 08:55:17.252873 2023] [wsgi:error] [pid 21563] [remote 148.153.45.234:38610] mod_wsgi (pid=21563): Exception occurred processing WSGI script '/var/www/python/app.wsgi'.
[Fri Jun 02 08:55:17.253153 2023] [wsgi:error] [pid 21563] [remote 148.153.45.234:38610] Traceback (most recent call last):
[Fri Jun 02 08:55:17.253264 2023] [wsgi:error] [pid 21563] [remote 148.153.45.234:38610]   File "/var/www/python/app.wsgi", line 7, in <module>
[Fri Jun 02 08:55:17.253278 2023] [wsgi:error] [pid 21563] [remote 148.153.45.234:38610]     from app import app as application
[Fri Jun 02 08:55:17.253296 2023] [wsgi:error] [pid 21563] [remote 148.153.45.234:38610]   File "/var/www/python/app.py", line 3, in <module>
[Fri Jun 02 08:55:17.253300 2023] [wsgi:error] [pid 21563] [remote 148.153.45.234:38610]     from flask import Flask, request
[Fri Jun 02 08:55:17.253322 2023] [wsgi:error] [pid 21563] [remote 148.153.45.234:38610] ModuleNotFoundError: No module named 'flask'
[Fri Jun 02 08:55:17.356532 2023] [wsgi:info] [pid 21563] [remote 148.153.45.234:38624] mod_wsgi (pid=21563, process='app', application=''): Loading Python script file '/var/www/python/app.wsgi'.
[Fri Jun 02 08:55:17.357496 2023] [wsgi:error] [pid 21563] [remote 148.153.45.234:38624] mod_wsgi (pid=21563): Failed to exec Python script file '/var/www/python/app.wsgi'.
[Fri Jun 02 08:55:17.357536 2023] [wsgi:error] [pid 21563] [remote 148.153.45.234:38624] mod_wsgi (pid=21563): Exception occurred processing WSGI script '/var/www/python/app.wsgi'.
[Fri Jun 02 08:55:17.357622 2023] [wsgi:error] [pid 21563] [remote 148.153.45.234:38624] Traceback (most recent call last):
[Fri Jun 02 08:55:17.357682 2023] [wsgi:error] [pid 21563] [remote 148.153.45.234:38624]   File "/var/www/python/app.wsgi", line 7, in <module>
[Fri Jun 02 08:55:17.357687 2023] [wsgi:error] [pid 21563] [remote 148.153.45.234:38624]     from app import app as application
[Fri Jun 02 08:55:17.357742 2023] [wsgi:error] [pid 21563] [remote 148.153.45.234:38624]   File "/var/www/python/app.py", line 3, in <module>
[Fri Jun 02 08:55:17.357748 2023] [wsgi:error] [pid 21563] [remote 148.153.45.234:38624]     from flask import Flask, request
[Fri Jun 02 08:55:17.357764 2023] [wsgi:error] [pid 21563] [remote 148.153.45.234:38624] ModuleNotFoundError: No module named 'flask'
[Fri Jun 02 08:55:17.835212 2023] [wsgi:info] [pid 21563] [remote 148.153.45.234:38640] mod_wsgi (pid=21563, process='app', application=''): Loading Python script file '/var/www/python/app.wsgi'.
[Fri Jun 02 08:55:17.836219 2023] [wsgi:error] [pid 21563] [remote 148.153.45.234:38640] mod_wsgi (pid=21563): Failed to exec Python script file '/var/www/python/app.wsgi'.
[Fri Jun 02 08:55:17.836266 2023] [wsgi:error] [pid 21563] [remote 148.153.45.234:38640] mod_wsgi (pid=21563): Exception occurred processing WSGI script '/var/www/python/app.wsgi'.
[Fri Jun 02 08:55:17.836359 2023] [wsgi:error] [pid 21563] [remote 148.153.45.234:38640] Traceback (most recent call last):
[Fri Jun 02 08:55:17.836387 2023] [wsgi:error] [pid 21563] [remote 148.153.45.234:38640]   File "/var/www/python/app.wsgi", line 7, in <module>
[Fri Jun 02 08:55:17.836391 2023] [wsgi:error] [pid 21563] [remote 148.153.45.234:38640]     from app import app as application
[Fri Jun 02 08:55:17.836397 2023] [wsgi:error] [pid 21563] [remote 148.153.45.234:38640]   File "/var/www/python/app.py", line 3, in <module>
[Fri Jun 02 08:55:17.836400 2023] [wsgi:error] [pid 21563] [remote 148.153.45.234:38640]     from flask import Flask, request
[Fri Jun 02 08:55:17.836416 2023] [wsgi:error] [pid 21563] [remote 148.153.45.234:38640] ModuleNotFoundError: No module named 'flask'
[Fri Jun 02 08:55:18.250110 2023] [ssl:info] [pid 21567] (70014)End of file found: [client 66.249.72.92:46131] AH01991: SSL input filter read failed.
[Fri Jun 02 08:55:19.467692 2023] [ssl:info] [pid 21568] (70014)End of file found: [client 66.249.77.141:62851] AH01991: SSL input filter read failed.
[Fri Jun 02 08:55:20.209801 2023] [ssl:info] [pid 21564] (70014)End of file found: [client 66.249.77.145:35042] AH01991: SSL input filter read failed.
[Fri Jun 02 08:55:37.677461 2023] [ssl:info] [pid 27504] [client 51.91.151.60:38742] AH01964: Connection to child 11 established (server app.solddownriver.com:443)
[Fri Jun 02 08:56:50.533396 2023] [ssl:info] [pid 21566] [client 83.97.73.89:58952] AH01964: Connection to child 3 established (server app.solddownriver.com:443)
[Fri Jun 02 08:58:37.279021 2023] [ssl:info] [pid 21565] [client 194.165.16.73:65481] AH01964: Connection to child 2 established (server app.solddownriver.com:443)
[Fri Jun 02 08:58:37.279947 2023] [ssl:info] [pid 21565] (-560610496)Unknown error -560610496: [client 194.165.16.73:65481] AH02008: SSL library error 1 in handshake (server app.solddownriver.com:443)
[Fri Jun 02 08:58:37.280158 2023] [ssl:info] [pid 21565] SSL Library Error: error:1408F10B:SSL routines:ssl3_get_record:wrong version number
[Fri Jun 02 08:58:37.280181 2023] [ssl:info] [pid 21565] [client 194.165.16.73:65481] AH01998: Connection closed to child 2 with abortive shutdown (server app.solddownriver.com:443)
[Fri Jun 02 09:01:50.621110 2023] [ssl:info] [pid 21566] [client 83.97.73.89:58952] AH01998: Connection closed to child 3 with abortive shutdown (server app.solddownriver.com:443)
[Fri Jun 02 09:06:41.735332 2023] [ssl:info] [pid 21778] [client 43.156.188.44:59359] AH01964: Connection to child 9 established (server app.solddownriver.com:443)
[Fri Jun 02 09:06:42.413230 2023] [ssl:info] [pid 21778] (70014)End of file found: [client 43.156.188.44:59359] AH01991: SSL input filter read failed.
[Fri Jun 02 09:07:08.837087 2023] [ssl:info] [pid 21567] [client 2a02:c207:2040:171::1:44122] AH01964: Connection to child 4 established (server app.solddownriver.com:443)
[Fri Jun 02 09:07:10.336256 2023] [ssl:info] [pid 21776] [client 2a02:c207:2040:171::1:44436] AH01964: Connection to child 7 established (server app.solddownriver.com:443)
[Fri Jun 02 09:18:29.185032 2023] [wsgi:info] [pid 21563] [remote 185.180.143.76:51108] mod_wsgi (pid=21563, process='app', application=''): Loading Python script file '/var/www/python/app.wsgi'.
[Fri Jun 02 09:18:29.189676 2023] [wsgi:error] [pid 21563] [remote 185.180.143.76:51108] mod_wsgi (pid=21563): Failed to exec Python script file '/var/www/python/app.wsgi'.
[Fri Jun 02 09:18:29.189869 2023] [wsgi:error] [pid 21563] [remote 185.180.143.76:51108] mod_wsgi (pid=21563): Exception occurred processing WSGI script '/var/www/python/app.wsgi'.
[Fri Jun 02 09:18:29.190147 2023] [wsgi:error] [pid 21563] [remote 185.180.143.76:51108] Traceback (most recent call last):
[Fri Jun 02 09:18:29.190205 2023] [wsgi:error] [pid 21563] [remote 185.180.143.76:51108]   File "/var/www/python/app.wsgi", line 7, in <module>
[Fri Jun 02 09:18:29.190210 2023] [wsgi:error] [pid 21563] [remote 185.180.143.76:51108]     from app import app as application
[Fri Jun 02 09:18:29.190217 2023] [wsgi:error] [pid 21563] [remote 185.180.143.76:51108]   File "/var/www/python/app.py", line 3, in <module>
[Fri Jun 02 09:18:29.190220 2023] [wsgi:error] [pid 21563] [remote 185.180.143.76:51108]     from flask import Flask, request
[Fri Jun 02 09:18:29.190244 2023] [wsgi:error] [pid 21563] [remote 185.180.143.76:51108] ModuleNotFoundError: No module named 'flask'
[Fri Jun 02 09:22:46.634989 2023] [ssl:info] [pid 21568] [client 20.244.115.14:38278] AH01964: Connection to child 5 established (server app.solddownriver.com:443)
[Fri Jun 02 09:22:48.170431 2023] [ssl:info] [pid 21779] [client 20.244.115.14:38282] AH01964: Connection to child 10 established (server app.solddownriver.com:443)
[Fri Jun 02 09:23:28.971166 2023] [ssl:info] [pid 21564] [client 66.249.77.141:58466] AH01964: Connection to child 0 established (server app.solddownriver.com:443)
[Fri Jun 02 09:23:33.246941 2023] [ssl:info] [pid 21564] (70014)End of file found: [client 66.249.77.141:58466] AH01991: SSL input filter read failed.
