[Fri Jun 02 12:42:55.279850 2023] [ssl:info] [pid 21779] [client 137.184.140.67:41392] AH01964: Connection to child 10 established (server app.solddownriver.com:443)
[Fri Jun 02 12:45:34.670436 2023] [ssl:info] [pid 27504] [client 192.155.90.118:40138] AH01964: Connection to child 11 established (server app.solddownriver.com:443)
[Fri Jun 02 12:45:34.808112 2023] [ssl:info] [pid 27504] [client 192.155.90.118:40138] AH01998: Connection closed to child 11 with abortive shutdown (server app.solddownriver.com:443)
[Fri Jun 02 12:47:10.141740 2023] [ssl:info] [pid 21566] [client 66.249.66.7:43561] AH01964: Connection to child 3 established (server app.solddownriver.com:443)
[Fri Jun 02 12:47:14.663068 2023] [ssl:info] [pid 21566] (70014)End of file found: [client 66.249.66.7:43561] AH01991: SSL input filter read failed.
[Fri Jun 02 12:48:44.538629 2023] [ssl:info] [pid 21778] [client 209.145.52.234:34744] AH01964: Connection to child 9 established (server app.solddownriver.com:443)
[Fri Jun 02 12:50:44.461004 2023] [ssl:info] [pid 21565] [client 35.203.211.237:64276] AH01964: Connection to child 2 established (server app.solddownriver.com:443)
[Fri Jun 02 12:51:59.043394 2023] [ssl:info] [pid 21567] [client 190.106.134.217:57498] AH01964: Connection to child 4 established (server app.solddownriver.com:443)
[Fri Jun 02 13:04:38.472290 2023] [ssl:info] [pid 21706] [client 2607:5501:3000:878::2:53084] AH01964: Connection to child 1 established (server app.solddownriver.com:443)
[Fri Jun 02 13:06:07.910610 2023] [wsgi:info] [pid 21563] [remote 51.83.238.159:62795] mod_wsgi (pid=21563, process='app', application=''): Loading Python script file '/var/www/python/app.wsgi'.
[Fri Jun 02 13:06:07.915837 2023] [wsgi:error] [pid 21563] [remote 51.83.238.159:62795] mod_wsgi (pid=21563): Failed to exec Python script file '/var/www/python/app.wsgi'.
[Fri Jun 02 13:06:07.916062 2023] [wsgi:error] [pid 21563] [remote 51.83.238.159:62795] mod_wsgi (pid=21563): Exception occurred processing WSGI script '/var/www/python/app.wsgi'.
[Fri Jun 02 13:06:07.916476 2023] [wsgi:error] [pid 21563] [remote 51.83.238.159:62795] Traceback (most recent call last):
[Fri Jun 02 13:06:07.916570 2023] [wsgi:error] [pid 21563] [remote 51.83.238.159:62795]   File "/var/www/python/app.wsgi", line 7, in <module>
[Fri Jun 02 13:06:07.916579 2023] [wsgi:error] [pid 21563] [remote 51.83.238.159:62795]     from app import app as application
[Fri Jun 02 13:06:07.916590 2023] [wsgi:error] [pid 21563] [remote 51.83.238.159:62795]   File "/var/www/python/app.py", line 3, in <module>
[Fri Jun 02 13:06:07.916594 2023] [wsgi:error] [pid 21563] [remote 51.83.238.159:62795]     from flask import Flask, request
[Fri Jun 02 13:06:07.916634 2023] [wsgi:error] [pid 21563] [remote 51.83.238.159:62795] ModuleNotFoundError: No module named 'flask'
[Fri Jun 02 13:14:38.719729 2023] [ssl:info] [pid 21564] [client 148.72.210.140:53674] AH01964: Connection to child 0 established (server app.solddownriver.com:443)
[Fri Jun 02 13:17:42.575249 2023] [ssl:info] [pid 21568] [client 66.249.66.89:39538] AH01964: Connection to child 5 established (server app.solddownriver.com:443)
[Fri Jun 02 13:17:42.595933 2023] [ssl:info] [pid 21568] (70014)End of file found: [client 66.249.66.89:39538] AH01991: SSL input filter read failed.
[Fri Jun 02 13:17:43.576116 2023] [ssl:info] [pid 21779] [client 66.249.66.7:63624] AH01964: Connection to child 10 established (server app.solddownriver.com:443)
[Fri Jun 02 13:17:43.598879 2023] [ssl:info] [pid 21779] (70014)End of file found: [client 66.249.66.7:63624] AH01991: SSL input filter read failed.
[Fri Jun 02 13:21:46.074772 2023] [wsgi:info] [pid 21563] [remote 84.42.138.66:41990] mod_wsgi (pid=21563, process='app', application=''): Loading Python script file '/var/www/python/app.wsgi'.
[Fri Jun 02 13:21:46.077977 2023] [wsgi:error] [pid 21563] [remote 84.42.138.66:41990] mod_wsgi (pid=21563): Failed to exec Python script file '/var/www/python/app.wsgi'.
[Fri Jun 02 13:21:46.078132 2023] [wsgi:error] [pid 21563] [remote 84.42.138.66:41990] mod_wsgi (pid=21563): Exception occurred processing WSGI script '/var/www/python/app.wsgi'.
[Fri Jun 02 13:21:46.078435 2023] [wsgi:error] [pid 21563] [remote 84.42.138.66:41990] Traceback (most recent call last):
[Fri Jun 02 13:21:46.078509 2023] [wsgi:error] [pid 21563] [remote 84.42.138.66:41990]   File "/var/www/python/app.wsgi", line 7, in <module>
[Fri Jun 02 13:21:46.078518 2023] [wsgi:error] [pid 21563] [remote 84.42.138.66:41990]     from app import app as application
[Fri Jun 02 13:21:46.078527 2023] [wsgi:error] [pid 21563] [remote 84.42.138.66:41990]   File "/var/www/python/app.py", line 3, in <module>
[Fri Jun 02 13:21:46.078532 2023] [wsgi:error] [pid 21563] [remote 84.42.138.66:41990]     from flask import Flask, request
[Fri Jun 02 13:21:46.078579 2023] [wsgi:error] [pid 21563] [remote 84.42.138.66:41990] ModuleNotFoundError: No module named 'flask'
[Fri Jun 02 13:24:09.217667 2023] [ssl:info] [pid 21566] [client 66.240.205.34:57580] AH01964: Connection to child 3 established (server app.solddownriver.com:443)
[Fri Jun 02 13:24:09.219248 2023] [ssl:info] [pid 21566] [client 66.240.205.34:57580] AH02008: SSL library error 1 in handshake (server app.solddownriver.com:443)
[Fri Jun 02 13:24:09.219457 2023] [ssl:info] [pid 21566] SSL Library Error: error:1408F10B:SSL routines:ssl3_get_record:wrong version number
[Fri Jun 02 13:24:09.219479 2023] [ssl:info] [pid 21566] [client 66.240.205.34:57580] AH01998: Connection closed to child 3 with abortive shutdown (server app.solddownriver.com:443)
[Fri Jun 02 13:25:14.053419 2023] [ssl:info] [pid 21778] [client 73.167.165.115:59097] AH01964: Connection to child 9 established (server app.solddownriver.com:443)
[Fri Jun 02 13:25:15.740658 2023] [ssl:info] [pid 21565] [client 142.4.22.16:45266] AH01964: Connection to child 2 established (server app.solddownriver.com:443)
[Fri Jun 02 13:25:17.538884 2023] [ssl:info] [pid 21567] [client 73.167.165.115:59101] AH01964: Connection to child 4 established (server app.solddownriver.com:443)
[Fri Jun 02 13:25:17.638400 2023] [ssl:info] [pid 21706] [client 198.74.54.209:59146] AH01964: Connection to child 1 established (server app.solddownriver.com:443)
[Fri Jun 02 13:25:18.067760 2023] [ssl:info] [pid 21776] [client 73.167.165.115:59102] AH01964: Connection to child 7 established (server app.solddownriver.com:443)
[Fri Jun 02 13:30:19.043013 2023] [ssl:info] [pid 21568] [client 66.249.66.33:52798] AH01964: Connection to child 5 established (server app.solddownriver.com:443)
[Fri Jun 02 13:30:23.397315 2023] [ssl:info] [pid 21568] (70014)End of file found: [client 66.249.66.33:52798] AH01991: SSL input filter read failed.
[Fri Jun 02 13:34:57.661814 2023] [ssl:info] [pid 21779] [client 24.243.236.154:33036] AH01964: Connection to child 10 established (server app.solddownriver.com:443)
[Fri Jun 02 13:35:37.817424 2023] [ssl:info] [pid 27504] [client 116.118.50.209:42424] AH01964: Connection to child 11 established (server app.solddownriver.com:443)
[Fri Jun 02 13:39:38.184340 2023] [wsgi:info] [pid 21563] [remote 143.110.222.166:36280] mod_wsgi (pid=21563, process='app', application=''): Loading Python script file '/var/www/python/app.wsgi'.
[Fri Jun 02 13:39:38.187801 2023] [wsgi:error] [pid 21563] [remote 143.110.222.166:36280] mod_wsgi (pid=21563): Failed to exec Python script file '/var/www/python/app.wsgi'.
[Fri Jun 02 13:39:38.188009 2023] [wsgi:error] [pid 21563] [remote 143.110.222.166:36280] mod_wsgi (pid=21563): Exception occurred processing WSGI script '/var/www/python/app.wsgi'.
[Fri Jun 02 13:39:38.188427 2023] [wsgi:error] [pid 21563] [remote 143.110.222.166:36280] Traceback (most recent call last):
[Fri Jun 02 13:39:38.188524 2023] [wsgi:error] [pid 21563] [remote 143.110.222.166:36280]   File "/var/www/python/app.wsgi", line 7, in <module>
[Fri Jun 02 13:39:38.188533 2023] [wsgi:error] [pid 21563] [remote 143.110.222.166:36280]     from app import app as application
[Fri Jun 02 13:39:38.188541 2023] [wsgi:error] [pid 21563] [remote 143.110.222.166:36280]   File "/var/www/python/app.py", line 3, in <module>
[Fri Jun 02 13:39:38.188544 2023] [wsgi:error] [pid 21563] [remote 143.110.222.166:36280]     from flask import Flask, request
[Fri Jun 02 13:39:38.188572 2023] [wsgi:error] [pid 21563] [remote 143.110.222.166:36280] ModuleNotFoundError: No module named 'flask'
[Fri Jun 02 13:46:09.133312 2023] [ssl:info] [pid 21706] [client 43.153.12.171:46776] AH01964: Connection to child 1 established (server app.solddownriver.com:443)
[Fri Jun 02 13:56:34.371118 2023] [ssl:info] [pid 21776] [client 177.53.141.237:33590] AH01964: Connection to child 7 established (server app.solddownriver.com:443)
[Fri Jun 02 13:58:49.720851 2023] [ssl:info] [pid 21567] [client 2001:41d0:800:3a65:::42720] AH01964: Connection to child 4 established (server app.solddownriver.com:443)
[Fri Jun 02 13:58:49.894484 2023] [ssl:info] [pid 21778] [client 198.74.54.209:59148] AH01964: Connection to child 9 established (server app.solddownriver.com:443)
[Fri Jun 02 14:00:22.622632 2023] [ssl:info] [pid 21564] [client 107.170.238.26:36254] AH01964: Connection to child 0 established (server app.solddownriver.com:443)
[Fri Jun 02 14:00:24.115772 2023] [core:info] [pid 21564] [client 107.170.238.26:36254] AH00128: File does not exist: /var/www/python/autodiscover/autodiscover.json
[Fri Jun 02 14:00:24.959240 2023] [ssl:info] [pid 21564] (70014)End of file found: [client 107.170.238.26:36254] AH01991: SSL input filter read failed.
[Fri Jun 02 14:01:21.878021 2023] [wsgi:info] [pid 21563] [remote 80.82.78.4:41772] mod_wsgi (pid=21563, process='app', application=''): Loading Python script file '/var/www/python/app.wsgi'.
[Fri Jun 02 14:01:21.889260 2023] [wsgi:error] [pid 21563] [remote 80.82.78.4:41772] mod_wsgi (pid=21563): Failed to exec Python script file '/var/www/python/app.wsgi'.
[Fri Jun 02 14:01:21.889517 2023] [wsgi:error] [pid 21563] [remote 80.82.78.4:41772] mod_wsgi (pid=21563): Exception occurred processing WSGI script '/var/www/python/app.wsgi'.
[Fri Jun 02 14:01:21.890007 2023] [wsgi:error] [pid 21563] [remote 80.82.78.4:41772] Traceback (most recent call last):
[Fri Jun 02 14:01:21.890116 2023] [wsgi:error] [pid 21563] [remote 80.82.78.4:41772]   File "/var/www/python/app.wsgi", line 7, in <module>
[Fri Jun 02 14:01:21.890129 2023] [wsgi:error] [pid 21563] [remote 80.82.78.4:41772]     from app import app as application
[Fri Jun 02 14:01:21.890140 2023] [wsgi:error] [pid 21563] [remote 80.82.78.4:41772]   File "/var/www/python/app.py", line 3, in <module>
[Fri Jun 02 14:01:21.890145 2023] [wsgi:error] [pid 21563] [remote 80.82.78.4:41772]     from flask import Flask, request
[Fri Jun 02 14:01:21.890187 2023] [wsgi:error] [pid 21563] [remote 80.82.78.4:41772] ModuleNotFoundError: No module named 'flask'
[Fri Jun 02 14:02:33.567388 2023] [ssl:info] [pid 21779] [client 107.170.253.31:35808] AH01964: Connection to child 10 established (server app.solddownriver.com:443)
[Fri Jun 02 14:02:34.760852 2023] [core:info] [pid 21779] [client 107.170.253.31:35808] AH00128: File does not exist: /var/www/python/owa/auth/logon.aspx
[Fri Jun 02 14:02:35.405513 2023] [ssl:info] [pid 21779] (70014)End of file found: [client 107.170.253.31:35808] AH01991: SSL input filter read failed.
[Fri Jun 02 14:04:49.764393 2023] [ssl:info] [pid 27504] [client 80.82.78.4:44936] AH01964: Connection to child 11 established (server app.solddownriver.com:443)
[Fri Jun 02 14:04:49.765466 2023] [ssl:info] [pid 27504] [client 80.82.78.4:44936] AH01996: SSL handshake failed: HTTP spoken on HTTPS port; trying to send HTML error page
[Fri Jun 02 14:04:49.765694 2023] [ssl:info] [pid 27504] SSL Library Error: error:1408F09C:SSL routines:ssl3_get_record:http request
[Fri Jun 02 14:07:47.385522 2023] [ssl:info] [pid 21566] [client 103.146.21.5:59684] AH01964: Connection to child 3 established (server app.solddownriver.com:443)
[Fri Jun 02 14:08:12.275983 2023] [ssl:info] [pid 21565] [client 185.180.143.79:49022] AH01964: Connection to child 2 established (server app.solddownriver.com:443)
[Fri Jun 02 14:13:33.260154 2023] [ssl:info] [pid 21706] [client 66.249.66.7:44902] AH01964: Connection to child 1 established (server app.solddownriver.com:443)
[Fri Jun 02 14:13:34.250161 2023] [ssl:info] [pid 21776] [client 66.249.66.42:51282] AH01964: Connection to child 7 established (server app.solddownriver.com:443)
[Fri Jun 02 14:13:37.670134 2023] [ssl:info] [pid 21706] (70014)End of file found: [client 66.249.66.7:44902] AH01991: SSL input filter read failed.
[Fri Jun 02 14:13:38.564055 2023] [ssl:info] [pid 21776] (70014)End of file found: [client 66.249.66.42:51282] AH01991: SSL input filter read failed.
[Fri Jun 02 14:15:43.955749 2023] [ssl:info] [pid 21778] [client 2620:96:e000:b0cc:e:2:7:9:38888] AH01964: Connection to child 9 established (server app.solddownriver.com:443)
[Fri Jun 02 14:15:44.021091 2023] [ssl:info] [pid 21567] [client 2620:96:e000:b0cc:e:2:7:9:40220] AH01964: Connection to child 4 established (server app.solddownriver.com:443)
[Fri Jun 02 14:15:44.038653 2023] [ssl:info] [pid 21567] [client 2620:96:e000:b0cc:e:2:7:9:40220] AH02008: SSL library error 1 in handshake (server app.solddownriver.com:443)
[Fri Jun 02 14:15:44.038812 2023] [ssl:info] [pid 21567] SSL Library Error: error:14094456:SSL routines:ssl3_read_bytes:tlsv1 unsupported extension (SSL alert number 110)
[Fri Jun 02 14:15:44.038835 2023] [ssl:info] [pid 21567] [client 2620:96:e000:b0cc:e:2:7:9:40220] AH01998: Connection closed to child 4 with abortive shutdown (server app.solddownriver.com:443)
[Fri Jun 02 14:15:44.053637 2023] [ssl:info] [pid 21564] [client 2620:96:e000:b0cc:e:2:7:9:40716] AH01964: Connection to child 0 established (server app.solddownriver.com:443)
[Fri Jun 02 14:15:44.074914 2023] [core:info] [pid 21564] [client 2620:96:e000:b0cc:e:2:7:9:40716] AH00128: File does not exist: /var/www/python/favicon.ico
[Fri Jun 02 14:15:57.803068 2023] [ssl:info] [pid 21568] [client 34.76.158.233:42774] AH01964: Connection to child 5 established (server app.solddownriver.com:443)
[Fri Jun 02 14:15:58.297522 2023] [ssl:info] [pid 21568] (70014)End of file found: [client 34.76.158.233:42774] AH01991: SSL input filter read failed.
[Fri Jun 02 14:19:11.174932 2023] [ssl:info] [pid 21779] [client 45.137.192.64:39856] AH01964: Connection to child 10 established (server app.solddownriver.com:443)
[Fri Jun 02 14:31:38.827675 2023] [ssl:info] [pid 27504] [client 198.199.106.111:33212] AH01964: Connection to child 11 established (server app.solddownriver.com:443)
[Fri Jun 02 14:31:41.488143 2023] [ssl:info] [pid 27504] (70014)End of file found: [client 198.199.106.111:33212] AH01991: SSL input filter read failed.
[Fri Jun 02 14:40:00.329784 2023] [wsgi:info] [pid 21563] [remote 143.110.222.166:60276] mod_wsgi (pid=21563, process='app', application=''): Loading Python script file '/var/www/python/app.wsgi'.
[Fri Jun 02 14:40:00.333142 2023] [wsgi:error] [pid 21563] [remote 143.110.222.166:60276] mod_wsgi (pid=21563): Failed to exec Python script file '/var/www/python/app.wsgi'.
[Fri Jun 02 14:40:00.333346 2023] [wsgi:error] [pid 21563] [remote 143.110.222.166:60276] mod_wsgi (pid=21563): Exception occurred processing WSGI script '/var/www/python/app.wsgi'.
[Fri Jun 02 14:40:00.333610 2023] [wsgi:error] [pid 21563] [remote 143.110.222.166:60276] Traceback (most recent call last):
[Fri Jun 02 14:40:00.333668 2023] [wsgi:error] [pid 21563] [remote 143.110.222.166:60276]   File "/var/www/python/app.wsgi", line 7, in <module>
[Fri Jun 02 14:40:00.333674 2023] [wsgi:error] [pid 21563] [remote 143.110.222.166:60276]     from app import app as application
[Fri Jun 02 14:40:00.333681 2023] [wsgi:error] [pid 21563] [remote 143.110.222.166:60276]   File "/var/www/python/app.py", line 3, in <module>
[Fri Jun 02 14:40:00.333684 2023] [wsgi:error] [pid 21563] [remote 143.110.222.166:60276]     from flask import Flask, request
[Fri Jun 02 14:40:00.333709 2023] [wsgi:error] [pid 21563] [remote 143.110.222.166:60276] ModuleNotFoundError: No module named 'flask'
[Fri Jun 02 14:45:18.170273 2023] [ssl:info] [pid 21565] [client 192.155.90.118:23490] AH01964: Connection to child 2 established (server app.solddownriver.com:443)
[Fri Jun 02 14:45:18.388680 2023] [ssl:info] [pid 21565] [client 192.155.90.118:23490] AH01998: Connection closed to child 2 with abortive shutdown (server app.solddownriver.com:443)
[Fri Jun 02 14:52:13.445565 2023] [ssl:info] [pid 21706] [client 66.249.66.64:48183] AH01964: Connection to child 1 established (server app.solddownriver.com:443)
[Fri Jun 02 14:52:18.448982 2023] [ssl:info] [pid 21706] (70014)End of file found: [client 66.249.66.64:48183] AH01991: SSL input filter read failed.
[Fri Jun 02 14:57:43.950240 2023] [ssl:info] [pid 21776] [client 52.167.144.112:20416] AH01964: Connection to child 7 established (server app.solddownriver.com:443)
[Fri Jun 02 14:57:44.063217 2023] [ssl:info] [pid 21776] (70014)End of file found: [client 52.167.144.112:20416] AH01991: SSL input filter read failed.
[Fri Jun 02 15:09:49.476110 2023] [ssl:info] [pid 21778] [client 209.145.52.234:36304] AH01964: Connection to child 9 established (server app.solddownriver.com:443)
[Fri Jun 02 15:09:49.610829 2023] [ssl:info] [pid 21567] [client 198.74.54.209:59150] AH01964: Connection to child 4 established (server app.solddownriver.com:443)
[Fri Jun 02 15:09:50.517406 2023] [ssl:info] [pid 21564] [client 198.74.54.209:59162] AH01964: Connection to child 0 established (server app.solddownriver.com:443)
[Fri Jun 02 15:09:50.543507 2023] [ssl:info] [pid 21568] [client 198.74.54.209:59164] AH01964: Connection to child 5 established (server app.solddownriver.com:443)
[Fri Jun 02 15:09:50.729417 2023] [ssl:info] [pid 21779] [client 198.74.54.209:59166] AH01964: Connection to child 10 established (server app.solddownriver.com:443)
[Fri Jun 02 15:09:50.912868 2023] [ssl:info] [pid 27504] [client 198.74.54.209:59168] AH01964: Connection to child 11 established (server app.solddownriver.com:443)
[Fri Jun 02 15:09:51.105317 2023] [ssl:info] [pid 21566] [client 198.74.54.209:59170] AH01964: Connection to child 3 established (server app.solddownriver.com:443)
[Fri Jun 02 15:09:51.299479 2023] [ssl:info] [pid 21565] [client 198.74.54.209:59172] AH01964: Connection to child 2 established (server app.solddownriver.com:443)
[Fri Jun 02 15:13:44.823435 2023] [ssl:info] [pid 21706] [client 66.249.66.89:35718] AH01964: Connection to child 1 established (server app.solddownriver.com:443)
[Fri Jun 02 15:13:49.037053 2023] [ssl:info] [pid 21706] (70014)End of file found: [client 66.249.66.89:35718] AH01991: SSL input filter read failed.
[Fri Jun 02 15:18:15.728998 2023] [wsgi:info] [pid 21563] [remote 45.155.204.17:54508] mod_wsgi (pid=21563, process='app', application=''): Loading Python script file '/var/www/python/app.wsgi'.
[Fri Jun 02 15:18:15.734842 2023] [wsgi:error] [pid 21563] [remote 45.155.204.17:54508] mod_wsgi (pid=21563): Failed to exec Python script file '/var/www/python/app.wsgi'.
[Fri Jun 02 15:18:15.735109 2023] [wsgi:error] [pid 21563] [remote 45.155.204.17:54508] mod_wsgi (pid=21563): Exception occurred processing WSGI script '/var/www/python/app.wsgi'.
[Fri Jun 02 15:18:15.735560 2023] [wsgi:error] [pid 21563] [remote 45.155.204.17:54508] Traceback (most recent call last):
[Fri Jun 02 15:18:15.735661 2023] [wsgi:error] [pid 21563] [remote 45.155.204.17:54508]   File "/var/www/python/app.wsgi", line 7, in <module>
[Fri Jun 02 15:18:15.735672 2023] [wsgi:error] [pid 21563] [remote 45.155.204.17:54508]     from app import app as application
[Fri Jun 02 15:18:15.735682 2023] [wsgi:error] [pid 21563] [remote 45.155.204.17:54508]   File "/var/www/python/app.py", line 3, in <module>
[Fri Jun 02 15:18:15.735688 2023] [wsgi:error] [pid 21563] [remote 45.155.204.17:54508]     from flask import Flask, request
[Fri Jun 02 15:18:15.735725 2023] [wsgi:error] [pid 21563] [remote 45.155.204.17:54508] ModuleNotFoundError: No module named 'flask'
[Fri Jun 02 15:27:56.533553 2023] [ssl:info] [pid 21564] [client 107.170.239.28:52988] AH01964: Connection to child 0 established (server app.solddownriver.com:443)
[Fri Jun 02 15:27:56.534838 2023] [ssl:info] [pid 21564] [client 107.170.239.28:52988] AH01996: SSL handshake failed: HTTP spoken on HTTPS port; trying to send HTML error page
[Fri Jun 02 15:27:56.534984 2023] [ssl:info] [pid 21564] SSL Library Error: error:1408F09C:SSL routines:ssl3_get_record:http request
[Fri Jun 02 15:31:54.046274 2023] [ssl:info] [pid 21778] [client 3.215.185.65:55356] AH01964: Connection to child 9 established (server app.solddownriver.com:443)
[Fri Jun 02 15:31:54.072857 2023] [core:info] [pid 21778] [client 3.215.185.65:55356] AH00128: File does not exist: /var/www/python/admin/.git/config
[Fri Jun 02 15:32:47.255475 2023] [wsgi:info] [pid 21563] [remote 143.110.222.166:46598] mod_wsgi (pid=21563, process='app', application=''): Loading Python script file '/var/www/python/app.wsgi'.
[Fri Jun 02 15:32:47.260397 2023] [wsgi:error] [pid 21563] [remote 143.110.222.166:46598] mod_wsgi (pid=21563): Failed to exec Python script file '/var/www/python/app.wsgi'.
[Fri Jun 02 15:32:47.260647 2023] [wsgi:error] [pid 21563] [remote 143.110.222.166:46598] mod_wsgi (pid=21563): Exception occurred processing WSGI script '/var/www/python/app.wsgi'.
[Fri Jun 02 15:32:47.261204 2023] [wsgi:error] [pid 21563] [remote 143.110.222.166:46598] Traceback (most recent call last):
[Fri Jun 02 15:32:47.261319 2023] [wsgi:error] [pid 21563] [remote 143.110.222.166:46598]   File "/var/www/python/app.wsgi", line 7, in <module>
[Fri Jun 02 15:32:47.261325 2023] [wsgi:error] [pid 21563] [remote 143.110.222.166:46598]     from app import app as application
[Fri Jun 02 15:32:47.261332 2023] [wsgi:error] [pid 21563] [remote 143.110.222.166:46598]   File "/var/www/python/app.py", line 3, in <module>
[Fri Jun 02 15:32:47.261335 2023] [wsgi:error] [pid 21563] [remote 143.110.222.166:46598]     from flask import Flask, request
[Fri Jun 02 15:32:47.261370 2023] [wsgi:error] [pid 21563] [remote 143.110.222.166:46598] ModuleNotFoundError: No module named 'flask'
[Fri Jun 02 15:43:50.852655 2023] [ssl:info] [pid 21779] [client 66.249.66.73:37905] AH01964: Connection to child 10 established (server app.solddownriver.com:443)
[Fri Jun 02 15:43:51.859116 2023] [ssl:info] [pid 27504] [client 66.249.66.8:51526] AH01964: Connection to child 11 established (server app.solddownriver.com:443)
[Fri Jun 02 15:43:54.981124 2023] [ssl:info] [pid 21779] (70014)End of file found: [client 66.249.66.73:37905] AH01991: SSL input filter read failed.
[Fri Jun 02 15:43:56.137933 2023] [ssl:info] [pid 27504] (70014)End of file found: [client 66.249.66.8:51526] AH01991: SSL input filter read failed.
[Fri Jun 02 15:45:33.437552 2023] [ssl:info] [pid 21566] [client 54.36.148.24:35899] AH01964: Connection to child 3 established (server app.solddownriver.com:443)
[Fri Jun 02 15:53:49.551458 2023] [ssl:info] [pid 21706] [client 2600:3c02::f03c:91ff:feae:1e89:50240] AH01964: Connection to child 1 established (server app.solddownriver.com:443)
[Fri Jun 02 15:53:49.646173 2023] [ssl:info] [pid 21776] [client 198.74.54.209:59188] AH01964: Connection to child 7 established (server app.solddownriver.com:443)
[Fri Jun 02 15:53:49.747462 2023] [ssl:info] [pid 21778] [client 2600:3c02::f03c:91ff:feae:1e89:50282] AH01964: Connection to child 9 established (server app.solddownriver.com:443)
[Fri Jun 02 15:53:49.823932 2023] [ssl:info] [pid 21568] [client 2600:3c02::f03c:91ff:feae:1e89:50318] AH01964: Connection to child 5 established (server app.solddownriver.com:443)
[Fri Jun 02 16:07:13.666055 2023] [ssl:info] [pid 21779] [client 66.249.66.7:57463] AH01964: Connection to child 10 established (server app.solddownriver.com:443)
[Fri Jun 02 16:07:18.445904 2023] [ssl:info] [pid 21779] (70014)End of file found: [client 66.249.66.7:57463] AH01991: SSL input filter read failed.
[Fri Jun 02 16:11:01.330002 2023] [ssl:info] [pid 27504] [client 107.170.233.10:57346] AH01964: Connection to child 11 established (server app.solddownriver.com:443)
[Fri Jun 02 16:11:02.980248 2023] [core:info] [pid 27504] [client 107.170.233.10:57346] AH00128: File does not exist: /var/www/python/version
[Fri Jun 02 16:11:03.644229 2023] [ssl:info] [pid 27504] (70014)End of file found: [client 107.170.233.10:57346] AH01991: SSL input filter read failed.
[Fri Jun 02 16:19:48.644568 2023] [ssl:info] [pid 21566] [client 35.205.85.245:47232] AH01964: Connection to child 3 established (server app.solddownriver.com:443)
[Fri Jun 02 16:30:36.488606 2023] [ssl:info] [pid 21565] [client 66.249.66.32:54070] AH01964: Connection to child 2 established (server app.solddownriver.com:443)
[Fri Jun 02 16:30:41.170141 2023] [ssl:info] [pid 21565] (70014)End of file found: [client 66.249.66.32:54070] AH01991: SSL input filter read failed.
[Fri Jun 02 16:38:01.186302 2023] [ssl:info] [pid 21706] [client 178.159.247.46:14238] AH01964: Connection to child 1 established (server app.solddownriver.com:443)
[Fri Jun 02 16:38:01.943934 2023] [ssl:info] [pid 21564] [client 178.159.247.46:14442] AH01964: Connection to child 0 established (server app.solddownriver.com:443)
[Fri Jun 02 16:38:02.693546 2023] [ssl:info] [pid 21778] [client 178.159.247.46:14622] AH01964: Connection to child 9 established (server app.solddownriver.com:443)
[Fri Jun 02 16:39:24.457100 2023] [wsgi:info] [pid 21563] [remote 143.110.222.166:43620] mod_wsgi (pid=21563, process='app', application=''): Loading Python script file '/var/www/python/app.wsgi'.
[Fri Jun 02 16:39:24.460748 2023] [wsgi:error] [pid 21563] [remote 143.110.222.166:43620] mod_wsgi (pid=21563): Failed to exec Python script file '/var/www/python/app.wsgi'.
[Fri Jun 02 16:39:24.461187 2023] [wsgi:error] [pid 21563] [remote 143.110.222.166:43620] mod_wsgi (pid=21563): Exception occurred processing WSGI script '/var/www/python/app.wsgi'.
[Fri Jun 02 16:39:24.461632 2023] [wsgi:error] [pid 21563] [remote 143.110.222.166:43620] Traceback (most recent call last):
[Fri Jun 02 16:39:24.461736 2023] [wsgi:error] [pid 21563] [remote 143.110.222.166:43620]   File "/var/www/python/app.wsgi", line 7, in <module>
[Fri Jun 02 16:39:24.461748 2023] [wsgi:error] [pid 21563] [remote 143.110.222.166:43620]     from app import app as application
[Fri Jun 02 16:39:24.461757 2023] [wsgi:error] [pid 21563] [remote 143.110.222.166:43620]   File "/var/www/python/app.py", line 3, in <module>
[Fri Jun 02 16:39:24.461761 2023] [wsgi:error] [pid 21563] [remote 143.110.222.166:43620]     from flask import Flask, request
[Fri Jun 02 16:39:24.461805 2023] [wsgi:error] [pid 21563] [remote 143.110.222.166:43620] ModuleNotFoundError: No module named 'flask'
[Fri Jun 02 16:45:48.458557 2023] [ssl:info] [pid 21779] [client 45.79.181.223:6018] AH01964: Connection to child 10 established (server app.solddownriver.com:443)
[Fri Jun 02 16:45:48.711357 2023] [ssl:info] [pid 21779] [client 45.79.181.223:6018] AH01998: Connection closed to child 10 with abortive shutdown (server app.solddownriver.com:443)
[Fri Jun 02 16:53:59.486003 2023] [ssl:info] [pid 27504] [client 66.249.66.8:48778] AH01964: Connection to child 11 established (server app.solddownriver.com:443)
[Fri Jun 02 16:53:59.620146 2023] [ssl:info] [pid 21566] [client 198.74.54.209:59190] AH01964: Connection to child 3 established (server app.solddownriver.com:443)
[Fri Jun 02 16:54:00.679650 2023] [ssl:info] [pid 21565] [client 66.249.66.74:62549] AH01964: Connection to child 2 established (server app.solddownriver.com:443)
[Fri Jun 02 16:54:04.674295 2023] [ssl:info] [pid 27504] (70014)End of file found: [client 66.249.66.8:48778] AH01991: SSL input filter read failed.
[Fri Jun 02 16:54:05.613560 2023] [ssl:info] [pid 21565] (70014)End of file found: [client 66.249.66.74:62549] AH01991: SSL input filter read failed.
[Fri Jun 02 16:55:14.837671 2023] [wsgi:info] [pid 21563] [remote 107.170.253.36:47890] mod_wsgi (pid=21563, process='app', application=''): Loading Python script file '/var/www/python/app.wsgi'.
[Fri Jun 02 16:55:14.842511 2023] [wsgi:error] [pid 21563] [remote 107.170.253.36:47890] mod_wsgi (pid=21563): Failed to exec Python script file '/var/www/python/app.wsgi'.
[Fri Jun 02 16:55:14.842992 2023] [wsgi:error] [pid 21563] [remote 107.170.253.36:47890] mod_wsgi (pid=21563): Exception occurred processing WSGI script '/var/www/python/app.wsgi'.
[Fri Jun 02 16:55:14.846604 2023] [wsgi:error] [pid 21563] [remote 107.170.253.36:47890] Traceback (most recent call last):
[Fri Jun 02 16:55:14.846998 2023] [wsgi:error] [pid 21563] [remote 107.170.253.36:47890]   File "/var/www/python/app.wsgi", line 7, in <module>
[Fri Jun 02 16:55:14.847163 2023] [wsgi:error] [pid 21563] [remote 107.170.253.36:47890]     from app import app as application
[Fri Jun 02 16:55:14.847311 2023] [wsgi:error] [pid 21563] [remote 107.170.253.36:47890]   File "/var/www/python/app.py", line 3, in <module>
[Fri Jun 02 16:55:14.847451 2023] [wsgi:error] [pid 21563] [remote 107.170.253.36:47890]     from flask import Flask, request
[Fri Jun 02 16:55:14.847633 2023] [wsgi:error] [pid 21563] [remote 107.170.253.36:47890] ModuleNotFoundError: No module named 'flask'
[Fri Jun 02 16:55:46.361090 2023] [wsgi:info] [pid 21563] mod_wsgi (pid=21563): Shutdown requested 'app'.
[Fri Jun 02 16:55:46.361563 2023] [wsgi:info] [pid 21563] mod_wsgi (pid=21563): Stopping process 'app'.
[Fri Jun 02 16:55:46.361574 2023] [wsgi:info] [pid 21563] mod_wsgi (pid=21563): Destroying interpreters.
[Fri Jun 02 16:55:46.361583 2023] [wsgi:info] [pid 21563] mod_wsgi (pid=21563): Cleanup interpreter ''.
[Fri Jun 02 16:55:46.363303 2023] [wsgi:info] [pid 21563] mod_wsgi (pid=21563): Terminating Python.
[Fri Jun 02 16:55:46.932512 2023] [wsgi:info] [pid 21563] mod_wsgi (pid=21563): Python has shutdown.
[Fri Jun 02 16:55:46.932798 2023] [wsgi:info] [pid 21563] mod_wsgi (pid=21563): Exiting process 'app'.
[Fri Jun 02 16:55:47.523731 2023] [ssl:info] [pid 32685] AH01914: Configuring server app.solddownriver.com:443 for SSL protocol
[Fri Jun 02 16:55:47.525261 2023] [ssl:info] [pid 32685] AH02568: Certificate and private key app.solddownriver.com:443:0 configured from /etc/letsencrypt/live/app.solddownriver.com/fullchain.pem and /etc/letsencrypt/live/app.solddownriver.com/privkey.pem
[Fri Jun 02 16:55:47.595744 2023] [ssl:info] [pid 32686] AH01914: Configuring server app.solddownriver.com:443 for SSL protocol
[Fri Jun 02 16:55:47.596531 2023] [ssl:info] [pid 32686] AH02568: Certificate and private key app.solddownriver.com:443:0 configured from /etc/letsencrypt/live/app.solddownriver.com/fullchain.pem and /etc/letsencrypt/live/app.solddownriver.com/privkey.pem
[Fri Jun 02 16:55:47.856221 2023] [wsgi:info] [pid 32687] mod_wsgi (pid=32687): Attach interpreter ''.
[Fri Jun 02 16:55:47.889119 2023] [wsgi:info] [pid 32687] mod_wsgi (pid=32687): Adding '/var/www/python' to path.
[Fri Jun 02 16:56:08.543779 2023] [ssl:info] [pid 32690] [client 98.183.220.59:62967] AH01964: Connection to child 2 established (server app.solddownriver.com:443)
[Fri Jun 02 16:56:08.808924 2023] [ssl:info] [pid 32692] [client 98.183.220.59:62969] AH01964: Connection to child 4 established (server app.solddownriver.com:443)
[Fri Jun 02 16:56:08.810886 2023] [ssl:info] [pid 32691] [client 98.183.220.59:62970] AH01964: Connection to child 3 established (server app.solddownriver.com:443)
[Fri Jun 02 16:56:08.819491 2023] [ssl:info] [pid 32688] [client 98.183.220.59:62971] AH01964: Connection to child 0 established (server app.solddownriver.com:443)
[Fri Jun 02 16:57:47.546148 2023] [ssl:info] [pid 32689] [client 194.50.153.113:41254] AH01964: Connection to child 1 established (server app.solddownriver.com:443)
[Fri Jun 02 16:57:55.873736 2023] [ssl:info] [pid 32700] [client 194.50.153.113:51948] AH01964: Connection to child 5 established (server app.solddownriver.com:443)
[Fri Jun 02 16:57:55.992241 2023] [core:info] [pid 32700] [client 194.50.153.113:51948] AH00128: File does not exist: /var/www/python/+CSCOE+/logon.html
[Fri Jun 02 16:58:10.682654 2023] [ssl:info] [pid 32690] [client 194.50.153.113:40166] AH01964: Connection to child 2 established (server app.solddownriver.com:443)
[Fri Jun 02 16:58:10.800840 2023] [core:info] [pid 32690] [client 194.50.153.113:40166] AH00128: File does not exist: /var/www/python/remote/login
[Fri Jun 02 16:58:49.906558 2023] [wsgi:error] [pid 32702] [client 103.110.32.156:32880] Attempt to invoke directory as WSGI application: /var/www/python/
[Fri Jun 02 16:59:46.636777 2023] [ssl:info] [pid 32701] [client 52.167.144.112:18304] AH01964: Connection to child 6 established (server app.solddownriver.com:443)
[Fri Jun 02 16:59:46.733320 2023] [ssl:info] [pid 32701] (70014)End of file found: [client 52.167.144.112:18304] AH01991: SSL input filter read failed.
[Fri Jun 02 17:02:10.661004 2023] [ssl:info] [pid 32691] [client 51.222.253.5:40832] AH01964: Connection to child 3 established (server app.solddownriver.com:443)
[Fri Jun 02 17:04:43.513016 2023] [wsgi:info] [pid 32687] mod_wsgi (pid=32687): Shutdown requested 'app'.
[Fri Jun 02 17:04:43.513774 2023] [wsgi:info] [pid 32687] mod_wsgi (pid=32687): Stopping process 'app'.
[Fri Jun 02 17:04:43.513800 2023] [wsgi:info] [pid 32687] mod_wsgi (pid=32687): Destroying interpreters.
[Fri Jun 02 17:04:43.513806 2023] [wsgi:info] [pid 32687] mod_wsgi (pid=32687): Cleanup interpreter ''.
[Fri Jun 02 17:04:43.659552 2023] [wsgi:info] [pid 32687] mod_wsgi (pid=32687): Terminating Python.
[Fri Jun 02 17:04:43.754054 2023] [wsgi:info] [pid 32687] mod_wsgi (pid=32687): Python has shutdown.
[Fri Jun 02 17:04:43.754324 2023] [wsgi:info] [pid 32687] mod_wsgi (pid=32687): Exiting process 'app'.
[Fri Jun 02 17:04:44.923123 2023] [ssl:info] [pid 342] AH01914: Configuring server app.solddownriver.com:443 for SSL protocol
[Fri Jun 02 17:04:44.924059 2023] [ssl:info] [pid 342] AH02568: Certificate and private key app.solddownriver.com:443:0 configured from /etc/letsencrypt/live/app.solddownriver.com/fullchain.pem and /etc/letsencrypt/live/app.solddownriver.com/privkey.pem
[Fri Jun 02 17:04:45.008104 2023] [ssl:info] [pid 343] AH01914: Configuring server app.solddownriver.com:443 for SSL protocol
[Fri Jun 02 17:04:45.009603 2023] [ssl:info] [pid 343] AH02568: Certificate and private key app.solddownriver.com:443:0 configured from /etc/letsencrypt/live/app.solddownriver.com/fullchain.pem and /etc/letsencrypt/live/app.solddownriver.com/privkey.pem
[Fri Jun 02 17:04:45.370150 2023] [wsgi:info] [pid 344] mod_wsgi (pid=344): Attach interpreter ''.
[Fri Jun 02 17:04:45.408576 2023] [wsgi:info] [pid 344] mod_wsgi (pid=344): Adding '/var/www/python' to path.
[Fri Jun 02 17:04:54.255752 2023] [ssl:info] [pid 346] [client 98.183.220.59:63009] AH01964: Connection to child 1 established (server app.solddownriver.com:443)
[Fri Jun 02 17:04:54.297428 2023] [core:info] [pid 346] [client 98.183.220.59:63009] AH00128: File does not exist: /var/www/html/app.wsgi/
[Fri Jun 02 17:05:31.988344 2023] [wsgi:info] [pid 344] mod_wsgi (pid=344): Shutdown requested 'app'.
[Fri Jun 02 17:05:31.988934 2023] [wsgi:info] [pid 344] mod_wsgi (pid=344): Stopping process 'app'.
[Fri Jun 02 17:05:31.989013 2023] [wsgi:info] [pid 344] mod_wsgi (pid=344): Destroying interpreters.
[Fri Jun 02 17:05:31.989028 2023] [wsgi:info] [pid 344] mod_wsgi (pid=344): Cleanup interpreter ''.
[Fri Jun 02 17:05:32.082088 2023] [wsgi:info] [pid 344] mod_wsgi (pid=344): Terminating Python.
[Fri Jun 02 17:05:32.137679 2023] [wsgi:info] [pid 344] mod_wsgi (pid=344): Python has shutdown.
[Fri Jun 02 17:05:32.145432 2023] [wsgi:info] [pid 344] mod_wsgi (pid=344): Exiting process 'app'.
[Fri Jun 02 17:05:32.389264 2023] [ssl:info] [pid 373] AH01914: Configuring server app.solddownriver.com:443 for SSL protocol
[Fri Jun 02 17:05:32.390335 2023] [ssl:info] [pid 373] AH02568: Certificate and private key app.solddownriver.com:443:0 configured from /etc/letsencrypt/live/app.solddownriver.com/fullchain.pem and /etc/letsencrypt/live/app.solddownriver.com/privkey.pem
[Fri Jun 02 17:05:32.455190 2023] [ssl:info] [pid 374] AH01914: Configuring server app.solddownriver.com:443 for SSL protocol
[Fri Jun 02 17:05:32.456184 2023] [ssl:info] [pid 374] AH02568: Certificate and private key app.solddownriver.com:443:0 configured from /etc/letsencrypt/live/app.solddownriver.com/fullchain.pem and /etc/letsencrypt/live/app.solddownriver.com/privkey.pem
[Fri Jun 02 17:05:32.739612 2023] [wsgi:info] [pid 375] mod_wsgi (pid=375): Attach interpreter ''.
[Fri Jun 02 17:05:32.775754 2023] [wsgi:info] [pid 375] mod_wsgi (pid=375): Adding '/var/www/python' to path.
[Fri Jun 02 17:05:36.635482 2023] [ssl:info] [pid 376] [client 98.183.220.59:63014] AH01964: Connection to child 0 established (server app.solddownriver.com:443)
[Fri Jun 02 17:05:36.670174 2023] [core:info] [pid 376] [client 98.183.220.59:63014] AH00130: File does not exist: /var/www/python/app.wsgi/
[Fri Jun 02 17:05:59.666009 2023] [wsgi:info] [pid 375] mod_wsgi (pid=375): Shutdown requested 'app'.
[Fri Jun 02 17:05:59.666698 2023] [wsgi:info] [pid 375] mod_wsgi (pid=375): Stopping process 'app'.
[Fri Jun 02 17:05:59.666717 2023] [wsgi:info] [pid 375] mod_wsgi (pid=375): Destroying interpreters.
[Fri Jun 02 17:05:59.666734 2023] [wsgi:info] [pid 375] mod_wsgi (pid=375): Cleanup interpreter ''.
[Fri Jun 02 17:05:59.802474 2023] [wsgi:info] [pid 375] mod_wsgi (pid=375): Terminating Python.
[Fri Jun 02 17:05:59.880954 2023] [wsgi:info] [pid 375] mod_wsgi (pid=375): Python has shutdown.
[Fri Jun 02 17:05:59.881232 2023] [wsgi:info] [pid 375] mod_wsgi (pid=375): Exiting process 'app'.
[Fri Jun 02 17:06:01.064832 2023] [ssl:info] [pid 409] AH01914: Configuring server app.solddownriver.com:443 for SSL protocol
[Fri Jun 02 17:06:01.066376 2023] [ssl:info] [pid 409] AH02568: Certificate and private key app.solddownriver.com:443:0 configured from /etc/letsencrypt/live/app.solddownriver.com/fullchain.pem and /etc/letsencrypt/live/app.solddownriver.com/privkey.pem
[Fri Jun 02 17:06:01.141163 2023] [ssl:info] [pid 410] AH01914: Configuring server app.solddownriver.com:443 for SSL protocol
[Fri Jun 02 17:06:01.142350 2023] [ssl:info] [pid 410] AH02568: Certificate and private key app.solddownriver.com:443:0 configured from /etc/letsencrypt/live/app.solddownriver.com/fullchain.pem and /etc/letsencrypt/live/app.solddownriver.com/privkey.pem
[Fri Jun 02 17:06:01.465098 2023] [wsgi:info] [pid 411] mod_wsgi (pid=411): Attach interpreter ''.
[Fri Jun 02 17:06:01.491964 2023] [wsgi:info] [pid 411] mod_wsgi (pid=411): Adding '/var/www/python' to path.
[Fri Jun 02 17:06:02.851730 2023] [ssl:info] [pid 415] [client 98.183.220.59:63016] AH01964: Connection to child 3 established (server app.solddownriver.com:443)
[Fri Jun 02 17:07:44.939483 2023] [wsgi:info] [pid 411] mod_wsgi (pid=411): Shutdown requested 'app'.
[Fri Jun 02 17:07:44.939698 2023] [wsgi:info] [pid 411] mod_wsgi (pid=411): Stopping process 'app'.
[Fri Jun 02 17:07:44.939708 2023] [wsgi:info] [pid 411] mod_wsgi (pid=411): Destroying interpreters.
[Fri Jun 02 17:07:44.939713 2023] [wsgi:info] [pid 411] mod_wsgi (pid=411): Cleanup interpreter ''.
[Fri Jun 02 17:07:44.982968 2023] [wsgi:info] [pid 411] mod_wsgi (pid=411): Terminating Python.
[Fri Jun 02 17:07:45.023808 2023] [wsgi:info] [pid 411] mod_wsgi (pid=411): Python has shutdown.
[Fri Jun 02 17:07:45.036971 2023] [wsgi:info] [pid 411] mod_wsgi (pid=411): Exiting process 'app'.
[Fri Jun 02 17:07:45.318543 2023] [ssl:info] [pid 463] AH01914: Configuring server app.solddownriver.com:443 for SSL protocol
[Fri Jun 02 17:07:45.319459 2023] [ssl:info] [pid 463] AH02568: Certificate and private key app.solddownriver.com:443:0 configured from /etc/letsencrypt/live/app.solddownriver.com/fullchain.pem and /etc/letsencrypt/live/app.solddownriver.com/privkey.pem
[Fri Jun 02 17:07:45.373661 2023] [ssl:info] [pid 464] AH01914: Configuring server app.solddownriver.com:443 for SSL protocol
[Fri Jun 02 17:07:45.374548 2023] [ssl:info] [pid 464] AH02568: Certificate and private key app.solddownriver.com:443:0 configured from /etc/letsencrypt/live/app.solddownriver.com/fullchain.pem and /etc/letsencrypt/live/app.solddownriver.com/privkey.pem
[Fri Jun 02 17:07:45.588695 2023] [wsgi:info] [pid 465] mod_wsgi (pid=465): Attach interpreter ''.
[Fri Jun 02 17:07:45.640186 2023] [wsgi:info] [pid 465] mod_wsgi (pid=465): Adding '/var/www/python' to path.
[Fri Jun 02 17:07:52.298354 2023] [ssl:info] [pid 466] [client 98.183.220.59:63028] AH01964: Connection to child 0 established (server app.solddownriver.com:443)
[Fri Jun 02 17:07:52.448734 2023] [ssl:info] [pid 467] [client 98.183.220.59:63029] AH01964: Connection to child 1 established (server app.solddownriver.com:443)
[Fri Jun 02 17:07:52.450077 2023] [ssl:info] [pid 468] [client 98.183.220.59:63030] AH01964: Connection to child 2 established (server app.solddownriver.com:443)
[Fri Jun 02 17:08:14.804973 2023] [wsgi:info] [pid 465] mod_wsgi (pid=465): Shutdown requested 'app'.
[Fri Jun 02 17:08:14.805249 2023] [wsgi:info] [pid 465] mod_wsgi (pid=465): Stopping process 'app'.
[Fri Jun 02 17:08:14.805258 2023] [wsgi:info] [pid 465] mod_wsgi (pid=465): Destroying interpreters.
[Fri Jun 02 17:08:14.805262 2023] [wsgi:info] [pid 465] mod_wsgi (pid=465): Cleanup interpreter ''.
[Fri Jun 02 17:08:14.883981 2023] [wsgi:info] [pid 465] mod_wsgi (pid=465): Terminating Python.
[Fri Jun 02 17:08:14.931452 2023] [wsgi:info] [pid 465] mod_wsgi (pid=465): Python has shutdown.
[Fri Jun 02 17:08:14.957030 2023] [wsgi:info] [pid 465] mod_wsgi (pid=465): Exiting process 'app'.
[Fri Jun 02 17:08:15.205177 2023] [ssl:info] [pid 493] AH01914: Configuring server app.solddownriver.com:443 for SSL protocol
[Fri Jun 02 17:08:15.206411 2023] [ssl:info] [pid 493] AH02568: Certificate and private key app.solddownriver.com:443:0 configured from /etc/letsencrypt/live/app.solddownriver.com/fullchain.pem and /etc/letsencrypt/live/app.solddownriver.com/privkey.pem
[Fri Jun 02 17:08:15.265927 2023] [ssl:info] [pid 494] AH01914: Configuring server app.solddownriver.com:443 for SSL protocol
[Fri Jun 02 17:08:15.266729 2023] [ssl:info] [pid 494] AH02568: Certificate and private key app.solddownriver.com:443:0 configured from /etc/letsencrypt/live/app.solddownriver.com/fullchain.pem and /etc/letsencrypt/live/app.solddownriver.com/privkey.pem
[Fri Jun 02 17:08:15.486655 2023] [wsgi:info] [pid 495] mod_wsgi (pid=495): Attach interpreter ''.
[Fri Jun 02 17:08:15.516193 2023] [wsgi:info] [pid 495] mod_wsgi (pid=495): Adding '/var/www/python' to path.
[Fri Jun 02 17:08:18.420651 2023] [ssl:info] [pid 496] [client 98.183.220.59:63031] AH01964: Connection to child 0 established (server app.solddownriver.com:443)
[Fri Jun 02 17:08:18.541112 2023] [core:info] [pid 496] [client 98.183.220.59:63031] AH00128: File does not exist: /var/www/html/js/js.cookie.min.js, referer: https://app.solddownriver.com/
[Fri Jun 02 17:08:18.675169 2023] [ssl:info] [pid 498] [client 98.183.220.59:63037] AH01964: Connection to child 2 established (server app.solddownriver.com:443)
[Fri Jun 02 17:08:18.677079 2023] [ssl:info] [pid 497] [client 98.183.220.59:63035] AH01964: Connection to child 1 established (server app.solddownriver.com:443)
[Fri Jun 02 17:08:18.680839 2023] [ssl:info] [pid 499] [client 98.183.220.59:63034] AH01964: Connection to child 3 established (server app.solddownriver.com:443)
[Fri Jun 02 17:08:18.680984 2023] [ssl:info] [pid 500] [client 98.183.220.59:63033] AH01964: Connection to child 4 established (server app.solddownriver.com:443)
[Fri Jun 02 17:08:18.912409 2023] [core:info] [pid 496] [client 98.183.220.59:63031] AH00128: File does not exist: /var/www/html/_app/immutable/entry/start.db105c58.js, referer: https://app.solddownriver.com/
[Fri Jun 02 17:08:18.940299 2023] [core:info] [pid 496] [client 98.183.220.59:63031] AH00128: File does not exist: /var/www/html/_app/immutable/entry/app.e9e536c5.js, referer: https://app.solddownriver.com/
[Fri Jun 02 17:08:19.335244 2023] [ssl:info] [pid 508] [client 98.183.220.59:63036] AH01964: Connection to child 5 established (server app.solddownriver.com:443)
[Fri Jun 02 17:08:20.389929 2023] [ssl:info] [pid 510] [client 98.183.220.59:63044] AH01964: Connection to child 7 established (server app.solddownriver.com:443)
[Fri Jun 02 17:08:30.192665 2023] [wsgi:info] [pid 495] [remote 83.97.73.89:59494] mod_wsgi (pid=495, process='app', application=''): Loading Python script file '/var/www/python/app.wsgi'.
[Fri Jun 02 17:08:30.210494 2023] [wsgi:error] [pid 495] [remote 83.97.73.89:59494] mod_wsgi (pid=495): Failed to exec Python script file '/var/www/python/app.wsgi'.
[Fri Jun 02 17:08:30.210848 2023] [wsgi:error] [pid 495] [remote 83.97.73.89:59494] mod_wsgi (pid=495): Exception occurred processing WSGI script '/var/www/python/app.wsgi'.
[Fri Jun 02 17:08:30.211468 2023] [wsgi:error] [pid 495] [remote 83.97.73.89:59494] Traceback (most recent call last):
[Fri Jun 02 17:08:30.211634 2023] [wsgi:error] [pid 495] [remote 83.97.73.89:59494]   File "/var/www/python/app.wsgi", line 7, in <module>
[Fri Jun 02 17:08:30.211711 2023] [wsgi:error] [pid 495] [remote 83.97.73.89:59494]     from app import app as application
[Fri Jun 02 17:08:30.211784 2023] [wsgi:error] [pid 495] [remote 83.97.73.89:59494]   File "/var/www/python/app.py", line 3, in <module>
[Fri Jun 02 17:08:30.211866 2023] [wsgi:error] [pid 495] [remote 83.97.73.89:59494]     from flask import Flask, request
[Fri Jun 02 17:08:30.211976 2023] [wsgi:error] [pid 495] [remote 83.97.73.89:59494] ModuleNotFoundError: No module named 'flask'
[Fri Jun 02 17:09:09.905781 2023] [ssl:info] [pid 513] [client 98.183.220.59:63048] AH01964: Connection to child 10 established (server app.solddownriver.com:443)
[Fri Jun 02 17:09:20.340603 2023] [ssl:info] [pid 514] [client 98.183.220.59:63050] AH01964: Connection to child 11 established (server app.solddownriver.com:443)
[Fri Jun 02 17:09:20.364511 2023] [ssl:info] [pid 508] [client 98.183.220.59:63051] AH01964: Connection to child 5 established (server app.solddownriver.com:443)
[Fri Jun 02 17:09:20.370102 2023] [ssl:info] [pid 500] [client 98.183.220.59:63052] AH01964: Connection to child 4 established (server app.solddownriver.com:443)
[Fri Jun 02 17:09:20.420899 2023] [core:info] [pid 514] [client 98.183.220.59:63050] AH00128: File does not exist: /var/www/html/_app/immutable/entry/start.db105c58.js, referer: https://app.solddownriver.com/
[Fri Jun 02 17:09:20.425577 2023] [core:info] [pid 508] [client 98.183.220.59:63051] AH00128: File does not exist: /var/www/html/_app/immutable/entry/app.e9e536c5.js, referer: https://app.solddownriver.com/
[Fri Jun 02 17:17:02.493076 2023] [wsgi:info] [pid 495] mod_wsgi (pid=495): Shutdown requested 'app'.
[Fri Jun 02 17:17:02.497137 2023] [wsgi:info] [pid 495] mod_wsgi (pid=495): Stopping process 'app'.
[Fri Jun 02 17:17:02.497200 2023] [wsgi:info] [pid 495] mod_wsgi (pid=495): Destroying interpreters.
[Fri Jun 02 17:17:02.497230 2023] [wsgi:info] [pid 495] mod_wsgi (pid=495): Cleanup interpreter ''.
[Fri Jun 02 17:17:02.498485 2023] [wsgi:info] [pid 495] mod_wsgi (pid=495): Terminating Python.
[Fri Jun 02 17:17:02.745975 2023] [wsgi:info] [pid 495] mod_wsgi (pid=495): Python has shutdown.
[Fri Jun 02 17:17:02.750691 2023] [wsgi:info] [pid 495] mod_wsgi (pid=495): Exiting process 'app'.
[Fri Jun 02 17:17:03.664868 2023] [ssl:info] [pid 660] AH01914: Configuring server app.solddownriver.com:443 for SSL protocol
[Fri Jun 02 17:17:03.666824 2023] [ssl:info] [pid 660] AH02568: Certificate and private key app.solddownriver.com:443:0 configured from /etc/letsencrypt/live/app.solddownriver.com/fullchain.pem and /etc/letsencrypt/live/app.solddownriver.com/privkey.pem
[Fri Jun 02 17:17:03.755985 2023] [ssl:info] [pid 661] AH01914: Configuring server app.solddownriver.com:443 for SSL protocol
[Fri Jun 02 17:17:03.757138 2023] [ssl:info] [pid 661] AH02568: Certificate and private key app.solddownriver.com:443:0 configured from /etc/letsencrypt/live/app.solddownriver.com/fullchain.pem and /etc/letsencrypt/live/app.solddownriver.com/privkey.pem
[Fri Jun 02 17:17:04.055824 2023] [wsgi:info] [pid 662] mod_wsgi (pid=662): Attach interpreter ''.
[Fri Jun 02 17:17:04.090486 2023] [wsgi:info] [pid 662] mod_wsgi (pid=662): Adding '/var/www/python' to path.
[Fri Jun 02 17:17:13.126534 2023] [ssl:info] [pid 663] [client 98.183.220.59:63085] AH01964: Connection to child 0 established (server app.solddownriver.com:443)
[Fri Jun 02 17:17:13.130591 2023] [ssl:info] [pid 667] [client 98.183.220.59:63086] AH01964: Connection to child 4 established (server app.solddownriver.com:443)
[Fri Jun 02 17:17:13.172695 2023] [ssl:info] [pid 664] [client 98.183.220.59:63088] AH01964: Connection to child 1 established (server app.solddownriver.com:443)
[Fri Jun 02 17:17:13.177374 2023] [ssl:info] [pid 666] [client 98.183.220.59:63089] AH01964: Connection to child 3 established (server app.solddownriver.com:443)
[Fri Jun 02 17:17:13.181126 2023] [ssl:info] [pid 665] [client 98.183.220.59:63087] AH01964: Connection to child 2 established (server app.solddownriver.com:443)
[Fri Jun 02 17:17:13.186338 2023] [core:info] [pid 663] [client 98.183.220.59:63085] AH00128: File does not exist: /var/www/html/js/js.cookie.min.js, referer: https://app.solddownriver.com/
[Fri Jun 02 17:17:13.304983 2023] [core:info] [pid 663] [client 98.183.220.59:63085] AH00128: File does not exist: /var/www/html/_app/immutable/entry/start.db105c58.js, referer: https://app.solddownriver.com/
[Fri Jun 02 17:17:13.309314 2023] [core:info] [pid 667] [client 98.183.220.59:63086] AH00128: File does not exist: /var/www/html/_app/immutable/entry/app.e9e536c5.js, referer: https://app.solddownriver.com/
