[Fri Jun 02 00:00:05.497605 2023] [ssl:info] [pid 32606] AH01914: Configuring server app.solddownriver.com:443 for SSL protocol
[Fri Jun 02 00:00:05.499898 2023] [ssl:info] [pid 32606] AH02568: Certificate and private key app.solddownriver.com:443:0 configured from /etc/letsencrypt/live/app.solddownriver.com/fullchain.pem and /etc/letsencrypt/live/app.solddownriver.com/privkey.pem
[Fri Jun 02 00:00:05.994370 2023] [wsgi:info] [pid 21563] mod_wsgi (pid=21563): Attach interpreter ''.
[Fri Jun 02 00:00:06.025557 2023] [wsgi:info] [pid 21563] mod_wsgi (pid=21563): Adding '/var/www/python' to path.
[Fri Jun 02 00:01:42.423095 2023] [ssl:info] [pid 21564] [client 45.61.187.81:50110] AH01964: Connection to child 0 established (server app.solddownriver.com:443)
[Fri Jun 02 00:04:08.854907 2023] [wsgi:info] [pid 21563] [remote 95.214.26.182:63441] mod_wsgi (pid=21563, process='app', application=''): Loading Python script file '/var/www/python/app.wsgi'.
[Fri Jun 02 00:04:08.883739 2023] [wsgi:error] [pid 21563] [remote 95.214.26.182:63441] mod_wsgi (pid=21563): Failed to exec Python script file '/var/www/python/app.wsgi'.
[Fri Jun 02 00:04:08.883855 2023] [wsgi:error] [pid 21563] [remote 95.214.26.182:63441] mod_wsgi (pid=21563): Exception occurred processing WSGI script '/var/www/python/app.wsgi'.
[Fri Jun 02 00:04:08.884646 2023] [wsgi:error] [pid 21563] [remote 95.214.26.182:63441] Traceback (most recent call last):
[Fri Jun 02 00:04:08.884699 2023] [wsgi:error] [pid 21563] [remote 95.214.26.182:63441]   File "/var/www/python/app.wsgi", line 7, in <module>
[Fri Jun 02 00:04:08.884704 2023] [wsgi:error] [pid 21563] [remote 95.214.26.182:63441]     from app import app as application
[Fri Jun 02 00:04:08.884711 2023] [wsgi:error] [pid 21563] [remote 95.214.26.182:63441]   File "/var/www/python/app.py", line 3, in <module>
[Fri Jun 02 00:04:08.884715 2023] [wsgi:error] [pid 21563] [remote 95.214.26.182:63441]     from flask import Flask, request
[Fri Jun 02 00:04:08.884733 2023] [wsgi:error] [pid 21563] [remote 95.214.26.182:63441] ModuleNotFoundError: No module named 'flask'
[Fri Jun 02 00:04:09.264652 2023] [wsgi:info] [pid 21563] [remote 95.214.26.182:58614] mod_wsgi (pid=21563, process='app', application=''): Loading Python script file '/var/www/python/app.wsgi'.
[Fri Jun 02 00:04:09.266139 2023] [wsgi:error] [pid 21563] [remote 95.214.26.182:58614] mod_wsgi (pid=21563): Failed to exec Python script file '/var/www/python/app.wsgi'.
[Fri Jun 02 00:04:09.266204 2023] [wsgi:error] [pid 21563] [remote 95.214.26.182:58614] mod_wsgi (pid=21563): Exception occurred processing WSGI script '/var/www/python/app.wsgi'.
[Fri Jun 02 00:04:09.266325 2023] [wsgi:error] [pid 21563] [remote 95.214.26.182:58614] Traceback (most recent call last):
[Fri Jun 02 00:04:09.266375 2023] [wsgi:error] [pid 21563] [remote 95.214.26.182:58614]   File "/var/www/python/app.wsgi", line 7, in <module>
[Fri Jun 02 00:04:09.266381 2023] [wsgi:error] [pid 21563] [remote 95.214.26.182:58614]     from app import app as application
[Fri Jun 02 00:04:09.266387 2023] [wsgi:error] [pid 21563] [remote 95.214.26.182:58614]   File "/var/www/python/app.py", line 3, in <module>
[Fri Jun 02 00:04:09.266392 2023] [wsgi:error] [pid 21563] [remote 95.214.26.182:58614]     from flask import Flask, request
[Fri Jun 02 00:04:09.266412 2023] [wsgi:error] [pid 21563] [remote 95.214.26.182:58614] ModuleNotFoundError: No module named 'flask'
[Fri Jun 02 00:07:29.753555 2023] [ssl:info] [pid 21568] [client 40.77.167.98:22016] AH01964: Connection to child 5 established (server app.solddownriver.com:443)
[Fri Jun 02 00:07:29.842876 2023] [ssl:info] [pid 21568] (70014)End of file found: [client 40.77.167.98:22016] AH01991: SSL input filter read failed.
[Fri Jun 02 00:10:16.975394 2023] [ssl:info] [pid 21566] [client 150.109.148.216:61041] AH01964: Connection to child 3 established (server app.solddownriver.com:443)
[Fri Jun 02 00:10:18.514182 2023] [ssl:info] [pid 21564] [client 198.74.54.209:59102] AH01964: Connection to child 0 established (server app.solddownriver.com:443)
[Fri Jun 02 00:13:52.066273 2023] [ssl:info] [pid 21565] [client 5.188.210.227:42768] AH01964: Connection to child 2 established (server app.solddownriver.com:443)
[Fri Jun 02 00:13:57.113221 2023] [ssl:info] [pid 21565] [client 5.188.210.227:42768] AH01998: Connection closed to child 2 with abortive shutdown (server app.solddownriver.com:443)
[Fri Jun 02 00:13:57.356819 2023] [ssl:info] [pid 21567] [client 5.188.210.227:61620] AH01964: Connection to child 4 established (server app.solddownriver.com:443)
[Fri Jun 02 00:14:02.367533 2023] [ssl:info] [pid 21567] [client 5.188.210.227:61620] AH01998: Connection closed to child 4 with abortive shutdown (server app.solddownriver.com:443)
[Fri Jun 02 00:14:02.485859 2023] [ssl:info] [pid 21568] [client 5.188.210.227:48825] AH01964: Connection to child 5 established (server app.solddownriver.com:443)
[Fri Jun 02 00:14:07.548620 2023] [ssl:info] [pid 21568] [client 5.188.210.227:48825] AH01998: Connection closed to child 5 with abortive shutdown (server app.solddownriver.com:443)
[Fri Jun 02 00:14:47.237713 2023] [ssl:info] [pid 21706] [client 5.188.210.227:46577] AH01964: Connection to child 1 established (server app.solddownriver.com:443)
[Fri Jun 02 00:14:47.238533 2023] [ssl:info] [pid 21706] [client 5.188.210.227:46577] AH02008: SSL library error 1 in handshake (server app.solddownriver.com:443)
[Fri Jun 02 00:14:47.238638 2023] [ssl:info] [pid 21706] SSL Library Error: error:1408F10B:SSL routines:ssl3_get_record:wrong version number
[Fri Jun 02 00:14:47.238645 2023] [ssl:info] [pid 21706] [client 5.188.210.227:46577] AH01998: Connection closed to child 1 with abortive shutdown (server app.solddownriver.com:443)
[Fri Jun 02 00:15:09.345454 2023] [ssl:info] [pid 21564] [client 66.249.77.143:50578] AH01964: Connection to child 0 established (server app.solddownriver.com:443)
[Fri Jun 02 00:15:14.117136 2023] [ssl:info] [pid 21564] (70014)End of file found: [client 66.249.77.143:50578] AH01991: SSL input filter read failed.
[Fri Jun 02 00:15:52.254461 2023] [ssl:info] [pid 21566] [client 5.188.210.227:35995] AH01964: Connection to child 3 established (server app.solddownriver.com:443)
[Fri Jun 02 00:15:52.254911 2023] [ssl:info] [pid 21566] [client 5.188.210.227:35995] AH01996: SSL handshake failed: HTTP spoken on HTTPS port; trying to send HTML error page
[Fri Jun 02 00:15:52.255001 2023] [ssl:info] [pid 21566] SSL Library Error: error:1408F09C:SSL routines:ssl3_get_record:http request
[Fri Jun 02 00:17:44.225517 2023] [ssl:info] [pid 21567] [client 119.45.38.194:35574] AH01964: Connection to child 4 established (server app.solddownriver.com:443)
[Fri Jun 02 00:17:45.545303 2023] [ssl:info] [pid 21706] [client 119.45.38.194:35928] AH01964: Connection to child 1 established (server app.solddownriver.com:443)
[Fri Jun 02 00:17:46.450061 2023] [ssl:info] [pid 21564] [client 119.45.38.194:36076] AH01964: Connection to child 0 established (server app.solddownriver.com:443)
[Fri Jun 02 00:18:00.873569 2023] [ssl:info] [pid 21566] [client 66.249.77.145:37519] AH01964: Connection to child 3 established (server app.solddownriver.com:443)
[Fri Jun 02 00:18:05.385079 2023] [ssl:info] [pid 21566] (70014)End of file found: [client 66.249.77.145:37519] AH01991: SSL input filter read failed.
[Fri Jun 02 00:18:08.525501 2023] [ssl:info] [pid 21565] [client 208.97.158.174:50656] AH01964: Connection to child 2 established (server app.solddownriver.com:443)
[Fri Jun 02 00:18:08.772154 2023] [ssl:info] [pid 21567] [client 173.249.16.244:38894] AH01964: Connection to child 4 established (server app.solddownriver.com:443)
[Fri Jun 02 00:18:08.811753 2023] [ssl:info] [pid 21568] [client 208.97.158.174:50658] AH01964: Connection to child 5 established (server app.solddownriver.com:443)
[Fri Jun 02 00:18:09.181500 2023] [ssl:info] [pid 21706] [client 208.97.158.174:50660] AH01964: Connection to child 1 established (server app.solddownriver.com:443)
[Fri Jun 02 00:18:09.244856 2023] [ssl:info] [pid 21564] [client 208.97.158.174:50662] AH01964: Connection to child 0 established (server app.solddownriver.com:443)
[Fri Jun 02 00:18:09.423539 2023] [ssl:info] [pid 21566] [client 173.249.16.244:39102] AH01964: Connection to child 3 established (server app.solddownriver.com:443)
[Fri Jun 02 00:18:09.520154 2023] [ssl:info] [pid 21565] [client 208.97.158.174:50664] AH01964: Connection to child 2 established (server app.solddownriver.com:443)
[Fri Jun 02 00:18:09.581000 2023] [ssl:info] [pid 21567] [client 208.97.158.174:50666] AH01964: Connection to child 4 established (server app.solddownriver.com:443)
[Fri Jun 02 00:18:10.611434 2023] [ssl:info] [pid 21775] [client 173.249.16.244:39540] AH01964: Connection to child 6 established (server app.solddownriver.com:443)
[Fri Jun 02 00:18:11.013129 2023] [ssl:info] [pid 21567] [client 173.249.16.244:39712] AH01964: Connection to child 4 established (server app.solddownriver.com:443)
[Fri Jun 02 00:18:11.618523 2023] [ssl:info] [pid 21776] [client 173.249.16.244:39948] AH01964: Connection to child 7 established (server app.solddownriver.com:443)
[Fri Jun 02 00:18:11.967513 2023] [ssl:info] [pid 21777] [client 173.249.16.244:40072] AH01964: Connection to child 8 established (server app.solddownriver.com:443)
[Fri Jun 02 00:18:42.629545 2023] [ssl:info] [pid 21778] [client 66.249.72.92:51221] AH01964: Connection to child 9 established (server app.solddownriver.com:443)
[Fri Jun 02 00:18:42.665442 2023] [ssl:info] [pid 21778] (70014)End of file found: [client 66.249.72.92:51221] AH01991: SSL input filter read failed.
[Fri Jun 02 00:18:43.046664 2023] [ssl:info] [pid 21779] [client 66.249.72.92:59185] AH01964: Connection to child 10 established (server app.solddownriver.com:443)
[Fri Jun 02 00:18:43.077990 2023] [ssl:info] [pid 21779] (70014)End of file found: [client 66.249.72.92:59185] AH01991: SSL input filter read failed.
[Fri Jun 02 00:19:32.443206 2023] [wsgi:info] [pid 21563] [remote 94.102.61.10:43422] mod_wsgi (pid=21563, process='app', application=''): Loading Python script file '/var/www/python/app.wsgi'.
[Fri Jun 02 00:19:32.446733 2023] [wsgi:error] [pid 21563] [remote 94.102.61.10:43422] mod_wsgi (pid=21563): Failed to exec Python script file '/var/www/python/app.wsgi'.
[Fri Jun 02 00:19:32.446939 2023] [wsgi:error] [pid 21563] [remote 94.102.61.10:43422] mod_wsgi (pid=21563): Exception occurred processing WSGI script '/var/www/python/app.wsgi'.
[Fri Jun 02 00:19:32.447323 2023] [wsgi:error] [pid 21563] [remote 94.102.61.10:43422] Traceback (most recent call last):
[Fri Jun 02 00:19:32.447394 2023] [wsgi:error] [pid 21563] [remote 94.102.61.10:43422]   File "/var/www/python/app.wsgi", line 7, in <module>
[Fri Jun 02 00:19:32.447401 2023] [wsgi:error] [pid 21563] [remote 94.102.61.10:43422]     from app import app as application
[Fri Jun 02 00:19:32.447407 2023] [wsgi:error] [pid 21563] [remote 94.102.61.10:43422]   File "/var/www/python/app.py", line 3, in <module>
[Fri Jun 02 00:19:32.447411 2023] [wsgi:error] [pid 21563] [remote 94.102.61.10:43422]     from flask import Flask, request
[Fri Jun 02 00:19:32.447441 2023] [wsgi:error] [pid 21563] [remote 94.102.61.10:43422] ModuleNotFoundError: No module named 'flask'
[Fri Jun 02 00:20:08.691845 2023] [wsgi:info] [pid 21563] [remote 95.214.26.182:57288] mod_wsgi (pid=21563, process='app', application=''): Loading Python script file '/var/www/python/app.wsgi'.
[Fri Jun 02 00:20:08.695013 2023] [wsgi:error] [pid 21563] [remote 95.214.26.182:57288] mod_wsgi (pid=21563): Failed to exec Python script file '/var/www/python/app.wsgi'.
[Fri Jun 02 00:20:08.695098 2023] [wsgi:error] [pid 21563] [remote 95.214.26.182:57288] mod_wsgi (pid=21563): Exception occurred processing WSGI script '/var/www/python/app.wsgi'.
[Fri Jun 02 00:20:08.695322 2023] [wsgi:error] [pid 21563] [remote 95.214.26.182:57288] Traceback (most recent call last):
[Fri Jun 02 00:20:08.695409 2023] [wsgi:error] [pid 21563] [remote 95.214.26.182:57288]   File "/var/www/python/app.wsgi", line 7, in <module>
[Fri Jun 02 00:20:08.695418 2023] [wsgi:error] [pid 21563] [remote 95.214.26.182:57288]     from app import app as application
[Fri Jun 02 00:20:08.695437 2023] [wsgi:error] [pid 21563] [remote 95.214.26.182:57288]   File "/var/www/python/app.py", line 3, in <module>
[Fri Jun 02 00:20:08.695557 2023] [wsgi:error] [pid 21563] [remote 95.214.26.182:57288]     from flask import Flask, request
[Fri Jun 02 00:20:08.695593 2023] [wsgi:error] [pid 21563] [remote 95.214.26.182:57288] ModuleNotFoundError: No module named 'flask'
[Fri Jun 02 00:20:09.121368 2023] [wsgi:info] [pid 21563] [remote 95.214.26.182:55092] mod_wsgi (pid=21563, process='app', application=''): Loading Python script file '/var/www/python/app.wsgi'.
[Fri Jun 02 00:20:09.122882 2023] [wsgi:error] [pid 21563] [remote 95.214.26.182:55092] mod_wsgi (pid=21563): Failed to exec Python script file '/var/www/python/app.wsgi'.
[Fri Jun 02 00:20:09.122959 2023] [wsgi:error] [pid 21563] [remote 95.214.26.182:55092] mod_wsgi (pid=21563): Exception occurred processing WSGI script '/var/www/python/app.wsgi'.
[Fri Jun 02 00:20:09.123103 2023] [wsgi:error] [pid 21563] [remote 95.214.26.182:55092] Traceback (most recent call last):
[Fri Jun 02 00:20:09.123151 2023] [wsgi:error] [pid 21563] [remote 95.214.26.182:55092]   File "/var/www/python/app.wsgi", line 7, in <module>
[Fri Jun 02 00:20:09.123161 2023] [wsgi:error] [pid 21563] [remote 95.214.26.182:55092]     from app import app as application
[Fri Jun 02 00:20:09.123170 2023] [wsgi:error] [pid 21563] [remote 95.214.26.182:55092]   File "/var/www/python/app.py", line 3, in <module>
[Fri Jun 02 00:20:09.123174 2023] [wsgi:error] [pid 21563] [remote 95.214.26.182:55092]     from flask import Flask, request
[Fri Jun 02 00:20:09.123199 2023] [wsgi:error] [pid 21563] [remote 95.214.26.182:55092] ModuleNotFoundError: No module named 'flask'
[Fri Jun 02 00:20:52.817875 2023] [ssl:info] [pid 21565] [client 66.249.77.143:51499] AH01964: Connection to child 2 established (server app.solddownriver.com:443)
[Fri Jun 02 00:20:57.436596 2023] [ssl:info] [pid 21565] (70014)End of file found: [client 66.249.77.143:51499] AH01991: SSL input filter read failed.
[Fri Jun 02 00:21:38.760585 2023] [ssl:info] [pid 21566] [client 66.249.77.145:37173] AH01964: Connection to child 3 established (server app.solddownriver.com:443)
[Fri Jun 02 00:21:39.194025 2023] [ssl:info] [pid 21775] [client 66.249.77.141:63087] AH01964: Connection to child 6 established (server app.solddownriver.com:443)
[Fri Jun 02 00:21:43.014539 2023] [ssl:info] [pid 21566] (70014)End of file found: [client 66.249.77.145:37173] AH01991: SSL input filter read failed.
[Fri Jun 02 00:21:43.889843 2023] [ssl:info] [pid 21775] (70014)End of file found: [client 66.249.77.141:63087] AH01991: SSL input filter read failed.
[Fri Jun 02 00:23:44.365788 2023] [ssl:info] [pid 21567] [client 66.249.77.145:51578] AH01964: Connection to child 4 established (server app.solddownriver.com:443)
[Fri Jun 02 00:23:48.534153 2023] [ssl:info] [pid 21567] (70014)End of file found: [client 66.249.77.145:51578] AH01991: SSL input filter read failed.
[Fri Jun 02 00:34:35.241160 2023] [wsgi:info] [pid 21563] [remote 143.110.222.166:57306] mod_wsgi (pid=21563, process='app', application=''): Loading Python script file '/var/www/python/app.wsgi'.
[Fri Jun 02 00:34:35.244147 2023] [wsgi:error] [pid 21563] [remote 143.110.222.166:57306] mod_wsgi (pid=21563): Failed to exec Python script file '/var/www/python/app.wsgi'.
[Fri Jun 02 00:34:35.244285 2023] [wsgi:error] [pid 21563] [remote 143.110.222.166:57306] mod_wsgi (pid=21563): Exception occurred processing WSGI script '/var/www/python/app.wsgi'.
[Fri Jun 02 00:34:35.244538 2023] [wsgi:error] [pid 21563] [remote 143.110.222.166:57306] Traceback (most recent call last):
[Fri Jun 02 00:34:35.244595 2023] [wsgi:error] [pid 21563] [remote 143.110.222.166:57306]   File "/var/www/python/app.wsgi", line 7, in <module>
[Fri Jun 02 00:34:35.244600 2023] [wsgi:error] [pid 21563] [remote 143.110.222.166:57306]     from app import app as application
[Fri Jun 02 00:34:35.244606 2023] [wsgi:error] [pid 21563] [remote 143.110.222.166:57306]   File "/var/www/python/app.py", line 3, in <module>
[Fri Jun 02 00:34:35.244610 2023] [wsgi:error] [pid 21563] [remote 143.110.222.166:57306]     from flask import Flask, request
[Fri Jun 02 00:34:35.244655 2023] [wsgi:error] [pid 21563] [remote 143.110.222.166:57306] ModuleNotFoundError: No module named 'flask'
[Fri Jun 02 00:36:08.530419 2023] [ssl:info] [pid 21778] [client 142.93.115.5:55452] AH01964: Connection to child 9 established (server app.solddownriver.com:443)
[Fri Jun 02 00:36:08.531252 2023] [ssl:info] [pid 21778] [client 142.93.115.5:55452] AH01996: SSL handshake failed: HTTP spoken on HTTPS port; trying to send HTML error page
[Fri Jun 02 00:36:08.531423 2023] [ssl:info] [pid 21778] SSL Library Error: error:1408F09C:SSL routines:ssl3_get_record:http request
[Fri Jun 02 00:36:19.567050 2023] [ssl:info] [pid 21779] [client 142.93.115.5:44898] AH01964: Connection to child 10 established (server app.solddownriver.com:443)
[Fri Jun 02 00:36:19.567870 2023] [ssl:info] [pid 21779] [client 142.93.115.5:44898] AH01996: SSL handshake failed: HTTP spoken on HTTPS port; trying to send HTML error page
[Fri Jun 02 00:36:19.568041 2023] [ssl:info] [pid 21779] SSL Library Error: error:1408F09C:SSL routines:ssl3_get_record:http request
[Fri Jun 02 00:36:25.895271 2023] [ssl:info] [pid 21568] [client 142.93.115.5:45818] AH01964: Connection to child 5 established (server app.solddownriver.com:443)
[Fri Jun 02 00:36:25.895761 2023] [ssl:info] [pid 21568] [client 142.93.115.5:45818] AH01996: SSL handshake failed: HTTP spoken on HTTPS port; trying to send HTML error page
[Fri Jun 02 00:36:25.895813 2023] [ssl:info] [pid 21568] SSL Library Error: error:1408F09C:SSL routines:ssl3_get_record:http request
[Fri Jun 02 00:36:42.410800 2023] [wsgi:info] [pid 21563] [remote 83.97.73.89:39110] mod_wsgi (pid=21563, process='app', application=''): Loading Python script file '/var/www/python/app.wsgi'.
[Fri Jun 02 00:36:42.412571 2023] [wsgi:error] [pid 21563] [remote 83.97.73.89:39110] mod_wsgi (pid=21563): Failed to exec Python script file '/var/www/python/app.wsgi'.
[Fri Jun 02 00:36:42.412667 2023] [wsgi:error] [pid 21563] [remote 83.97.73.89:39110] mod_wsgi (pid=21563): Exception occurred processing WSGI script '/var/www/python/app.wsgi'.
[Fri Jun 02 00:36:42.412823 2023] [wsgi:error] [pid 21563] [remote 83.97.73.89:39110] Traceback (most recent call last):
[Fri Jun 02 00:36:42.413113 2023] [wsgi:error] [pid 21563] [remote 83.97.73.89:39110]   File "/var/www/python/app.wsgi", line 7, in <module>
[Fri Jun 02 00:36:42.413125 2023] [wsgi:error] [pid 21563] [remote 83.97.73.89:39110]     from app import app as application
[Fri Jun 02 00:36:42.413133 2023] [wsgi:error] [pid 21563] [remote 83.97.73.89:39110]   File "/var/www/python/app.py", line 3, in <module>
[Fri Jun 02 00:36:42.413138 2023] [wsgi:error] [pid 21563] [remote 83.97.73.89:39110]     from flask import Flask, request
[Fri Jun 02 00:36:42.413158 2023] [wsgi:error] [pid 21563] [remote 83.97.73.89:39110] ModuleNotFoundError: No module named 'flask'
[Fri Jun 02 00:39:06.067544 2023] [ssl:info] [pid 21564] [client 104.131.1.51:20000] AH01964: Connection to child 0 established (server app.solddownriver.com:443)
[Fri Jun 02 00:39:06.194452 2023] [ssl:info] [pid 21564] [client 104.131.1.51:20000] AH01998: Connection closed to child 0 with abortive shutdown (server app.solddownriver.com:443)
[Fri Jun 02 00:41:44.102088 2023] [ssl:info] [pid 21565] [client 114.119.154.41:41895] AH01964: Connection to child 2 established (server app.solddownriver.com:443)
[Fri Jun 02 00:48:24.622078 2023] [ssl:info] [pid 21775] [client 45.79.181.179:9442] AH01964: Connection to child 6 established (server app.solddownriver.com:443)
[Fri Jun 02 00:48:24.818361 2023] [ssl:info] [pid 21775] [client 45.79.181.179:9442] AH01998: Connection closed to child 6 with abortive shutdown (server app.solddownriver.com:443)
[Fri Jun 02 00:54:36.705450 2023] [wsgi:info] [pid 21563] [remote 83.97.73.89:43494] mod_wsgi (pid=21563, process='app', application=''): Loading Python script file '/var/www/python/app.wsgi'.
[Fri Jun 02 00:54:36.709257 2023] [wsgi:error] [pid 21563] [remote 83.97.73.89:43494] mod_wsgi (pid=21563): Failed to exec Python script file '/var/www/python/app.wsgi'.
[Fri Jun 02 00:54:36.709485 2023] [wsgi:error] [pid 21563] [remote 83.97.73.89:43494] mod_wsgi (pid=21563): Exception occurred processing WSGI script '/var/www/python/app.wsgi'.
[Fri Jun 02 00:54:36.709768 2023] [wsgi:error] [pid 21563] [remote 83.97.73.89:43494] Traceback (most recent call last):
[Fri Jun 02 00:54:36.709829 2023] [wsgi:error] [pid 21563] [remote 83.97.73.89:43494]   File "/var/www/python/app.wsgi", line 7, in <module>
[Fri Jun 02 00:54:36.709834 2023] [wsgi:error] [pid 21563] [remote 83.97.73.89:43494]     from app import app as application
[Fri Jun 02 00:54:36.709840 2023] [wsgi:error] [pid 21563] [remote 83.97.73.89:43494]   File "/var/www/python/app.py", line 3, in <module>
[Fri Jun 02 00:54:36.709843 2023] [wsgi:error] [pid 21563] [remote 83.97.73.89:43494]     from flask import Flask, request
[Fri Jun 02 00:54:36.709873 2023] [wsgi:error] [pid 21563] [remote 83.97.73.89:43494] ModuleNotFoundError: No module named 'flask'
[Fri Jun 02 00:59:24.283776 2023] [wsgi:info] [pid 21563] [remote 45.155.204.17:56104] mod_wsgi (pid=21563, process='app', application=''): Loading Python script file '/var/www/python/app.wsgi'.
[Fri Jun 02 00:59:24.286470 2023] [wsgi:error] [pid 21563] [remote 45.155.204.17:56104] mod_wsgi (pid=21563): Failed to exec Python script file '/var/www/python/app.wsgi'.
[Fri Jun 02 00:59:24.286640 2023] [wsgi:error] [pid 21563] [remote 45.155.204.17:56104] mod_wsgi (pid=21563): Exception occurred processing WSGI script '/var/www/python/app.wsgi'.
[Fri Jun 02 00:59:24.286939 2023] [wsgi:error] [pid 21563] [remote 45.155.204.17:56104] Traceback (most recent call last):
[Fri Jun 02 00:59:24.287006 2023] [wsgi:error] [pid 21563] [remote 45.155.204.17:56104]   File "/var/www/python/app.wsgi", line 7, in <module>
[Fri Jun 02 00:59:24.287014 2023] [wsgi:error] [pid 21563] [remote 45.155.204.17:56104]     from app import app as application
[Fri Jun 02 00:59:24.287031 2023] [wsgi:error] [pid 21563] [remote 45.155.204.17:56104]   File "/var/www/python/app.py", line 3, in <module>
[Fri Jun 02 00:59:24.287041 2023] [wsgi:error] [pid 21563] [remote 45.155.204.17:56104]     from flask import Flask, request
[Fri Jun 02 00:59:24.287076 2023] [wsgi:error] [pid 21563] [remote 45.155.204.17:56104] ModuleNotFoundError: No module named 'flask'
[Fri Jun 02 00:59:49.337046 2023] [ssl:info] [pid 21568] [client 45.61.187.81:56822] AH01964: Connection to child 5 established (server app.solddownriver.com:443)
[Fri Jun 02 00:59:49.360559 2023] [core:info] [pid 21568] [client 45.61.187.81:56822] AH00128: File does not exist: /var/www/python/vendor/phpunit/phpunit/src/Util/PHP/eval-stdin.php
[Fri Jun 02 00:59:49.517278 2023] [ssl:info] [pid 21706] [client 45.61.187.81:56830] AH01964: Connection to child 1 established (server app.solddownriver.com:443)
[Fri Jun 02 00:59:49.535452 2023] [core:info] [pid 21706] [client 45.61.187.81:56830] AH00128: File does not exist: /var/www/python/.git/config
[Fri Jun 02 00:59:49.684378 2023] [ssl:info] [pid 21564] [client 45.61.187.81:56846] AH01964: Connection to child 0 established (server app.solddownriver.com:443)
[Fri Jun 02 01:00:18.479811 2023] [ssl:info] [pid 21565] [client 52.167.144.112:17856] AH01964: Connection to child 2 established (server app.solddownriver.com:443)
[Fri Jun 02 01:00:18.622035 2023] [ssl:info] [pid 21566] [client 198.74.54.209:59106] AH01964: Connection to child 3 established (server app.solddownriver.com:443)
[Fri Jun 02 01:00:18.724016 2023] [ssl:info] [pid 21565] (70014)End of file found: [client 52.167.144.112:17856] AH01991: SSL input filter read failed.
[Fri Jun 02 01:00:19.394725 2023] [ssl:info] [pid 21775] [client 52.167.144.112:17857] AH01964: Connection to child 6 established (server app.solddownriver.com:443)
[Fri Jun 02 01:00:19.450368 2023] [ssl:info] [pid 21775] (70014)End of file found: [client 52.167.144.112:17857] AH01991: SSL input filter read failed.
[Fri Jun 02 01:00:46.701823 2023] [ssl:info] [pid 21567] [client 66.249.77.141:54003] AH01964: Connection to child 4 established (server app.solddownriver.com:443)
[Fri Jun 02 01:00:51.526310 2023] [ssl:info] [pid 21567] (70014)End of file found: [client 66.249.77.141:54003] AH01991: SSL input filter read failed.
[Fri Jun 02 01:01:02.606887 2023] [ssl:info] [pid 21776] [client 104.131.1.51:49028] AH01964: Connection to child 7 established (server app.solddownriver.com:443)
[Fri Jun 02 01:01:02.756665 2023] [core:info] [pid 21776] [client 104.131.1.51:49028] AH00128: File does not exist: /var/www/python/favicon.ico, referer: https://198.74.54.209/
[Fri Jun 02 01:01:02.792979 2023] [ssl:info] [pid 21776] (70014)End of file found: [client 104.131.1.51:49028] AH01991: SSL input filter read failed.
[Fri Jun 02 01:13:13.702882 2023] [ssl:info] [pid 21779] [client 68.183.235.66:57502] AH01964: Connection to child 10 established (server app.solddownriver.com:443)
[Fri Jun 02 01:36:36.384388 2023] [wsgi:info] [pid 21563] [remote 143.110.222.166:46348] mod_wsgi (pid=21563, process='app', application=''): Loading Python script file '/var/www/python/app.wsgi'.
[Fri Jun 02 01:36:36.387725 2023] [wsgi:error] [pid 21563] [remote 143.110.222.166:46348] mod_wsgi (pid=21563): Failed to exec Python script file '/var/www/python/app.wsgi'.
[Fri Jun 02 01:36:36.387864 2023] [wsgi:error] [pid 21563] [remote 143.110.222.166:46348] mod_wsgi (pid=21563): Exception occurred processing WSGI script '/var/www/python/app.wsgi'.
[Fri Jun 02 01:36:36.388146 2023] [wsgi:error] [pid 21563] [remote 143.110.222.166:46348] Traceback (most recent call last):
[Fri Jun 02 01:36:36.388297 2023] [wsgi:error] [pid 21563] [remote 143.110.222.166:46348]   File "/var/www/python/app.wsgi", line 7, in <module>
[Fri Jun 02 01:36:36.388307 2023] [wsgi:error] [pid 21563] [remote 143.110.222.166:46348]     from app import app as application
[Fri Jun 02 01:36:36.388316 2023] [wsgi:error] [pid 21563] [remote 143.110.222.166:46348]   File "/var/www/python/app.py", line 3, in <module>
[Fri Jun 02 01:36:36.388321 2023] [wsgi:error] [pid 21563] [remote 143.110.222.166:46348]     from flask import Flask, request
[Fri Jun 02 01:36:36.388354 2023] [wsgi:error] [pid 21563] [remote 143.110.222.166:46348] ModuleNotFoundError: No module named 'flask'
[Fri Jun 02 01:36:53.832475 2023] [ssl:info] [pid 21564] [client 212.102.40.218:58592] AH01964: Connection to child 0 established (server app.solddownriver.com:443)
[Fri Jun 02 01:36:53.853345 2023] [ssl:info] [pid 21564] [client 212.102.40.218:58592] AH01998: Connection closed to child 0 with abortive shutdown (server app.solddownriver.com:443)
[Fri Jun 02 01:36:53.873078 2023] [ssl:info] [pid 21566] [client 212.102.40.218:61056] AH01964: Connection to child 3 established (server app.solddownriver.com:443)
[Fri Jun 02 01:36:53.893839 2023] [ssl:info] [pid 21566] [client 212.102.40.218:61056] AH01998: Connection closed to child 3 with abortive shutdown (server app.solddownriver.com:443)
[Fri Jun 02 01:36:53.912449 2023] [ssl:info] [pid 21565] [client 212.102.40.218:63462] AH01964: Connection to child 2 established (server app.solddownriver.com:443)
[Fri Jun 02 01:36:53.932667 2023] [ssl:info] [pid 21565] [client 212.102.40.218:63462] AH01998: Connection closed to child 2 with abortive shutdown (server app.solddownriver.com:443)
[Fri Jun 02 01:36:53.951473 2023] [ssl:info] [pid 21775] [client 212.102.40.218:3592] AH01964: Connection to child 6 established (server app.solddownriver.com:443)
[Fri Jun 02 01:36:53.971129 2023] [ssl:info] [pid 21775] [client 212.102.40.218:3592] AH01998: Connection closed to child 6 with abortive shutdown (server app.solddownriver.com:443)
[Fri Jun 02 01:36:53.992148 2023] [ssl:info] [pid 21567] [client 212.102.40.218:5920] AH01964: Connection to child 4 established (server app.solddownriver.com:443)
[Fri Jun 02 01:36:54.012464 2023] [ssl:info] [pid 21567] [client 212.102.40.218:5920] AH01998: Connection closed to child 4 with abortive shutdown (server app.solddownriver.com:443)
[Fri Jun 02 01:36:54.030933 2023] [ssl:info] [pid 21776] [client 212.102.40.218:8188] AH01964: Connection to child 7 established (server app.solddownriver.com:443)
[Fri Jun 02 01:36:54.051292 2023] [ssl:info] [pid 21776] [client 212.102.40.218:8188] AH01998: Connection closed to child 7 with abortive shutdown (server app.solddownriver.com:443)
[Fri Jun 02 01:36:54.070239 2023] [ssl:info] [pid 21778] [client 212.102.40.218:10304] AH01964: Connection to child 9 established (server app.solddownriver.com:443)
[Fri Jun 02 01:36:54.091322 2023] [ssl:info] [pid 21778] [client 212.102.40.218:10304] AH01998: Connection closed to child 9 with abortive shutdown (server app.solddownriver.com:443)
[Fri Jun 02 01:36:54.112652 2023] [ssl:info] [pid 21779] [client 212.102.40.218:12456] AH01964: Connection to child 10 established (server app.solddownriver.com:443)
[Fri Jun 02 01:36:54.133909 2023] [ssl:info] [pid 21779] [client 212.102.40.218:12456] AH01998: Connection closed to child 10 with abortive shutdown (server app.solddownriver.com:443)
[Fri Jun 02 01:36:54.151373 2023] [ssl:info] [pid 21568] [client 212.102.40.218:14878] AH01964: Connection to child 5 established (server app.solddownriver.com:443)
[Fri Jun 02 01:36:54.152007 2023] [ssl:info] [pid 21568] [client 212.102.40.218:14878] AH02008: SSL library error 1 in handshake (server app.solddownriver.com:443)
[Fri Jun 02 01:36:54.152106 2023] [ssl:info] [pid 21568] SSL Library Error: error:142090C1:SSL routines:tls_early_post_process_client_hello:no shared cipher -- Too restrictive SSLCipherSuite or using DSA server certificate?
[Fri Jun 02 01:36:54.152113 2023] [ssl:info] [pid 21568] [client 212.102.40.218:14878] AH01998: Connection closed to child 5 with abortive shutdown (server app.solddownriver.com:443)
[Fri Jun 02 01:36:54.190274 2023] [ssl:info] [pid 21706] [client 212.102.40.218:16934] AH01964: Connection to child 1 established (server app.solddownriver.com:443)
[Fri Jun 02 01:36:54.190927 2023] [ssl:info] [pid 21706] [client 212.102.40.218:16934] AH02008: SSL library error 1 in handshake (server app.solddownriver.com:443)
[Fri Jun 02 01:36:54.190982 2023] [ssl:info] [pid 21706] SSL Library Error: error:141CF06C:SSL routines:tls_parse_ctos_key_share:bad key share
[Fri Jun 02 01:36:54.190997 2023] [ssl:info] [pid 21706] [client 212.102.40.218:16934] AH01998: Connection closed to child 1 with abortive shutdown (server app.solddownriver.com:443)
[Fri Jun 02 01:37:26.230594 2023] [ssl:info] [pid 21564] [client 45.61.187.81:48932] AH01964: Connection to child 0 established (server app.solddownriver.com:443)
[Fri Jun 02 01:37:26.247592 2023] [php7:error] [pid 21564] [client 45.61.187.81:48932] script '/var/www/python/index.php' not found or unable to stat
[Fri Jun 02 01:37:32.205666 2023] [ssl:info] [pid 21566] [client 45.61.187.81:48942] AH01964: Connection to child 3 established (server app.solddownriver.com:443)
[Fri Jun 02 01:37:32.224708 2023] [core:info] [pid 21566] [client 45.61.187.81:48942] AH00128: File does not exist: /var/www/python/TP/public/index.php
[Fri Jun 02 01:37:38.220128 2023] [ssl:info] [pid 21565] [client 45.61.187.81:37244] AH01964: Connection to child 2 established (server app.solddownriver.com:443)
[Fri Jun 02 01:37:38.238798 2023] [php7:error] [pid 21565] [client 45.61.187.81:37244] script '/var/www/python/index.php' not found or unable to stat
[Fri Jun 02 01:41:28.941506 2023] [ssl:info] [pid 21775] [client 199.16.157.180:39220] AH01964: Connection to child 6 established (server app.solddownriver.com:443)
[Fri Jun 02 01:44:17.892953 2023] [ssl:info] [pid 21567] [client 167.160.74.174:8095] AH01964: Connection to child 4 established (server app.solddownriver.com:443)
[Fri Jun 02 01:44:26.568358 2023] [ssl:info] [pid 21776] [client 2a03:2880:31ff:13::face:b00c:51934] AH01964: Connection to child 7 established (server app.solddownriver.com:443)
[Fri Jun 02 01:45:40.042934 2023] [ssl:info] [pid 21778] [client 66.249.72.92:50467] AH01964: Connection to child 9 established (server app.solddownriver.com:443)
[Fri Jun 02 01:45:44.142875 2023] [ssl:info] [pid 21778] (70014)End of file found: [client 66.249.72.92:50467] AH01991: SSL input filter read failed.
[Fri Jun 02 01:49:04.199704 2023] [ssl:info] [pid 21568] [client 45.61.187.81:36822] AH01964: Connection to child 5 established (server app.solddownriver.com:443)
[Fri Jun 02 01:49:04.218737 2023] [php7:error] [pid 21568] [client 45.61.187.81:36822] script '/var/www/python/adminer.php' not found or unable to stat
[Fri Jun 02 01:49:07.200027 2023] [ssl:info] [pid 21706] [client 45.61.187.81:58412] AH01964: Connection to child 1 established (server app.solddownriver.com:443)
[Fri Jun 02 01:49:07.218571 2023] [core:info] [pid 21706] [client 45.61.187.81:58412] AH00128: File does not exist: /var/www/python/adminer/
[Fri Jun 02 01:49:10.217362 2023] [ssl:info] [pid 21564] [client 45.61.187.81:58422] AH01964: Connection to child 0 established (server app.solddownriver.com:443)
[Fri Jun 02 01:49:10.237831 2023] [core:info] [pid 21564] [client 45.61.187.81:58422] AH00128: File does not exist: /var/www/python/adminer/adminer.php
[Fri Jun 02 01:49:13.240936 2023] [ssl:info] [pid 21566] [client 45.61.187.81:58424] AH01964: Connection to child 3 established (server app.solddownriver.com:443)
[Fri Jun 02 01:49:13.262602 2023] [php7:error] [pid 21566] [client 45.61.187.81:58424] script '/var/www/python/adm.php' not found or unable to stat
[Fri Jun 02 01:55:08.365677 2023] [ssl:info] [pid 21565] [client 128.199.28.78:59664] AH01964: Connection to child 2 established (server app.solddownriver.com:443)
[Fri Jun 02 01:55:08.366853 2023] [ssl:info] [pid 21565] [client 128.199.28.78:59664] AH02008: SSL library error 1 in handshake (server app.solddownriver.com:443)
[Fri Jun 02 01:55:08.366986 2023] [ssl:info] [pid 21565] SSL Library Error: error:1408F10B:SSL routines:ssl3_get_record:wrong version number
[Fri Jun 02 01:55:08.367005 2023] [ssl:info] [pid 21565] [client 128.199.28.78:59664] AH01998: Connection closed to child 2 with abortive shutdown (server app.solddownriver.com:443)
[Fri Jun 02 01:55:08.853032 2023] [ssl:info] [pid 21775] [client 128.199.28.78:59676] AH01964: Connection to child 6 established (server app.solddownriver.com:443)
[Fri Jun 02 01:55:08.853804 2023] [ssl:info] [pid 21775] [client 128.199.28.78:59676] AH02008: SSL library error 1 in handshake (server app.solddownriver.com:443)
[Fri Jun 02 01:55:08.853860 2023] [ssl:info] [pid 21775] SSL Library Error: error:1408F10B:SSL routines:ssl3_get_record:wrong version number
[Fri Jun 02 01:55:08.853869 2023] [ssl:info] [pid 21775] [client 128.199.28.78:59676] AH01998: Connection closed to child 6 with abortive shutdown (server app.solddownriver.com:443)
[Fri Jun 02 01:55:09.353216 2023] [ssl:info] [pid 21567] [client 128.199.28.78:47134] AH01964: Connection to child 4 established (server app.solddownriver.com:443)
[Fri Jun 02 01:55:09.354324 2023] [ssl:info] [pid 21567] [client 128.199.28.78:47134] AH02008: SSL library error 1 in handshake (server app.solddownriver.com:443)
[Fri Jun 02 01:55:09.354398 2023] [ssl:info] [pid 21567] SSL Library Error: error:1408F10B:SSL routines:ssl3_get_record:wrong version number
[Fri Jun 02 01:55:09.354408 2023] [ssl:info] [pid 21567] [client 128.199.28.78:47134] AH01998: Connection closed to child 4 with abortive shutdown (server app.solddownriver.com:443)
[Fri Jun 02 01:55:09.834166 2023] [ssl:info] [pid 21776] [client 128.199.28.78:47148] AH01964: Connection to child 7 established (server app.solddownriver.com:443)
[Fri Jun 02 01:55:10.320281 2023] [core:info] [pid 21776] [client 128.199.28.78:47148] AH00128: File does not exist: /var/www/python/ab2g
[Fri Jun 02 01:55:10.567883 2023] [ssl:info] [pid 21776] (70014)End of file found: [client 128.199.28.78:47148] AH01991: SSL input filter read failed.
[Fri Jun 02 01:55:10.799820 2023] [ssl:info] [pid 21778] [client 128.199.28.78:47164] AH01964: Connection to child 9 established (server app.solddownriver.com:443)
[Fri Jun 02 01:55:11.052356 2023] [ssl:info] [pid 21778] [client 128.199.28.78:47164] AH01998: Connection closed to child 9 with abortive shutdown (server app.solddownriver.com:443)
[Fri Jun 02 01:55:11.336915 2023] [ssl:info] [pid 21779] [client 128.199.28.78:47172] AH01964: Connection to child 10 established (server app.solddownriver.com:443)
[Fri Jun 02 01:55:11.591509 2023] [ssl:info] [pid 21779] [client 128.199.28.78:47172] AH01998: Connection closed to child 10 with abortive shutdown (server app.solddownriver.com:443)
[Fri Jun 02 01:55:11.845946 2023] [ssl:info] [pid 21568] [client 128.199.28.78:47180] AH01964: Connection to child 5 established (server app.solddownriver.com:443)
[Fri Jun 02 01:55:12.094148 2023] [ssl:info] [pid 21568] [client 128.199.28.78:47180] AH01998: Connection closed to child 5 with abortive shutdown (server app.solddownriver.com:443)
[Fri Jun 02 01:55:12.335060 2023] [ssl:info] [pid 21706] [client 128.199.28.78:47184] AH01964: Connection to child 1 established (server app.solddownriver.com:443)
[Fri Jun 02 01:55:12.577567 2023] [ssl:info] [pid 21706] [client 128.199.28.78:47184] AH01998: Connection closed to child 1 with abortive shutdown (server app.solddownriver.com:443)
[Fri Jun 02 01:55:12.812548 2023] [ssl:info] [pid 21564] [client 128.199.28.78:47188] AH01964: Connection to child 0 established (server app.solddownriver.com:443)
[Fri Jun 02 01:55:13.056268 2023] [ssl:info] [pid 21564] [client 128.199.28.78:47188] AH01998: Connection closed to child 0 with abortive shutdown (server app.solddownriver.com:443)
[Fri Jun 02 01:55:13.324342 2023] [ssl:info] [pid 21566] [client 128.199.28.78:47196] AH01964: Connection to child 3 established (server app.solddownriver.com:443)
[Fri Jun 02 01:55:13.576346 2023] [ssl:info] [pid 21566] [client 128.199.28.78:47196] AH01998: Connection closed to child 3 with abortive shutdown (server app.solddownriver.com:443)
[Fri Jun 02 01:55:13.837464 2023] [ssl:info] [pid 21565] [client 128.199.28.78:47210] AH01964: Connection to child 2 established (server app.solddownriver.com:443)
[Fri Jun 02 01:55:14.085985 2023] [ssl:info] [pid 21565] [client 128.199.28.78:47210] AH01998: Connection closed to child 2 with abortive shutdown (server app.solddownriver.com:443)
[Fri Jun 02 01:55:14.334224 2023] [ssl:info] [pid 21775] [client 128.199.28.78:47224] AH01964: Connection to child 6 established (server app.solddownriver.com:443)
[Fri Jun 02 01:55:14.576678 2023] [ssl:info] [pid 21775] [client 128.199.28.78:47224] AH01998: Connection closed to child 6 with abortive shutdown (server app.solddownriver.com:443)
[Fri Jun 02 01:55:14.828946 2023] [ssl:info] [pid 21567] [client 128.199.28.78:47236] AH01964: Connection to child 4 established (server app.solddownriver.com:443)
[Fri Jun 02 01:55:14.829321 2023] [ssl:info] [pid 21567] [client 128.199.28.78:47236] AH02008: SSL library error 1 in handshake (server app.solddownriver.com:443)
[Fri Jun 02 01:55:14.829400 2023] [ssl:info] [pid 21567] SSL Library Error: error:142090C1:SSL routines:tls_early_post_process_client_hello:no shared cipher -- Too restrictive SSLCipherSuite or using DSA server certificate?
[Fri Jun 02 01:55:14.829410 2023] [ssl:info] [pid 21567] [client 128.199.28.78:47236] AH01998: Connection closed to child 4 with abortive shutdown (server app.solddownriver.com:443)
[Fri Jun 02 01:55:15.367517 2023] [ssl:info] [pid 21776] [client 128.199.28.78:47252] AH01964: Connection to child 7 established (server app.solddownriver.com:443)
[Fri Jun 02 01:55:15.367875 2023] [ssl:info] [pid 21776] [client 128.199.28.78:47252] AH02008: SSL library error 1 in handshake (server app.solddownriver.com:443)
[Fri Jun 02 01:55:15.367964 2023] [ssl:info] [pid 21776] SSL Library Error: error:141CF06C:SSL routines:tls_parse_ctos_key_share:bad key share
[Fri Jun 02 01:55:15.367974 2023] [ssl:info] [pid 21776] [client 128.199.28.78:47252] AH01998: Connection closed to child 7 with abortive shutdown (server app.solddownriver.com:443)
[Fri Jun 02 01:55:15.850485 2023] [ssl:info] [pid 21778] [client 128.199.28.78:47256] AH01964: Connection to child 9 established (server app.solddownriver.com:443)
[Fri Jun 02 01:55:16.588421 2023] [ssl:info] [pid 21778] (70014)End of file found: [client 128.199.28.78:47256] AH01991: SSL input filter read failed.
[Fri Jun 02 01:55:16.838227 2023] [ssl:info] [pid 21779] [client 128.199.28.78:47266] AH01964: Connection to child 10 established (server app.solddownriver.com:443)
[Fri Jun 02 01:55:16.838456 2023] [ssl:info] [pid 21779] [client 128.199.28.78:47266] AH01996: SSL handshake failed: HTTP spoken on HTTPS port; trying to send HTML error page
[Fri Jun 02 01:55:16.838491 2023] [ssl:info] [pid 21779] SSL Library Error: error:1408F09C:SSL routines:ssl3_get_record:http request
[Fri Jun 02 01:55:17.339692 2023] [ssl:info] [pid 21568] [client 128.199.28.78:47276] AH01964: Connection to child 5 established (server app.solddownriver.com:443)
[Fri Jun 02 01:55:17.339935 2023] [ssl:info] [pid 21568] [client 128.199.28.78:47276] AH01996: SSL handshake failed: HTTP spoken on HTTPS port; trying to send HTML error page
[Fri Jun 02 01:55:17.339970 2023] [ssl:info] [pid 21568] SSL Library Error: error:1408F09C:SSL routines:ssl3_get_record:http request
[Fri Jun 02 01:55:17.821409 2023] [ssl:info] [pid 21706] [client 128.199.28.78:47282] AH01964: Connection to child 1 established (server app.solddownriver.com:443)
[Fri Jun 02 01:55:18.346819 2023] [core:info] [pid 21706] [client 128.199.28.78:47282] AH00128: File does not exist: /var/www/python/t4
[Fri Jun 02 01:55:18.588041 2023] [ssl:info] [pid 21706] (70014)End of file found: [client 128.199.28.78:47282] AH01991: SSL input filter read failed.
[Fri Jun 02 01:55:18.824792 2023] [ssl:info] [pid 21564] [client 128.199.28.78:47284] AH01964: Connection to child 0 established (server app.solddownriver.com:443)
[Fri Jun 02 01:55:19.638962 2023] [ssl:info] [pid 21566] [client 128.199.28.78:57862] AH01964: Connection to child 3 established (server app.solddownriver.com:443)
[Fri Jun 02 01:55:20.133745 2023] [core:info] [pid 21566] [client 128.199.28.78:57862] AH00128: File does not exist: /var/www/python/favicon.ico
[Fri Jun 02 01:55:20.378468 2023] [ssl:info] [pid 21566] (70014)End of file found: [client 128.199.28.78:57862] AH01991: SSL input filter read failed.
[Fri Jun 02 01:58:09.400130 2023] [wsgi:info] [pid 21563] [remote 194.169.175.26:54371] mod_wsgi (pid=21563, process='app', application=''): Loading Python script file '/var/www/python/app.wsgi'.
[Fri Jun 02 01:58:09.406050 2023] [wsgi:error] [pid 21563] [remote 194.169.175.26:54371] mod_wsgi (pid=21563): Failed to exec Python script file '/var/www/python/app.wsgi'.
[Fri Jun 02 01:58:09.406299 2023] [wsgi:error] [pid 21563] [remote 194.169.175.26:54371] mod_wsgi (pid=21563): Exception occurred processing WSGI script '/var/www/python/app.wsgi'.
[Fri Jun 02 01:58:09.406760 2023] [wsgi:error] [pid 21563] [remote 194.169.175.26:54371] Traceback (most recent call last):
[Fri Jun 02 01:58:09.406874 2023] [wsgi:error] [pid 21563] [remote 194.169.175.26:54371]   File "/var/www/python/app.wsgi", line 7, in <module>
[Fri Jun 02 01:58:09.406886 2023] [wsgi:error] [pid 21563] [remote 194.169.175.26:54371]     from app import app as application
[Fri Jun 02 01:58:09.406897 2023] [wsgi:error] [pid 21563] [remote 194.169.175.26:54371]   File "/var/www/python/app.py", line 3, in <module>
[Fri Jun 02 01:58:09.406902 2023] [wsgi:error] [pid 21563] [remote 194.169.175.26:54371]     from flask import Flask, request
[Fri Jun 02 01:58:09.406995 2023] [wsgi:error] [pid 21563] [remote 194.169.175.26:54371] ModuleNotFoundError: No module named 'flask'
[Fri Jun 02 02:01:04.204490 2023] [ssl:info] [pid 21775] [client 45.61.187.81:56862] AH01964: Connection to child 6 established (server app.solddownriver.com:443)
[Fri Jun 02 02:01:07.197643 2023] [ssl:info] [pid 21567] [client 45.61.187.81:38894] AH01964: Connection to child 4 established (server app.solddownriver.com:443)
[Fri Jun 02 02:01:10.209844 2023] [ssl:info] [pid 21776] [client 45.61.187.81:38910] AH01964: Connection to child 7 established (server app.solddownriver.com:443)
[Fri Jun 02 02:01:13.204616 2023] [ssl:info] [pid 21778] [client 45.61.187.81:38912] AH01964: Connection to child 9 established (server app.solddownriver.com:443)
[Fri Jun 02 02:01:16.202944 2023] [ssl:info] [pid 21779] [client 45.61.187.81:36402] AH01964: Connection to child 10 established (server app.solddownriver.com:443)
[Fri Jun 02 02:07:18.508688 2023] [wsgi:info] [pid 21563] [remote 83.97.73.89:58454] mod_wsgi (pid=21563, process='app', application=''): Loading Python script file '/var/www/python/app.wsgi'.
[Fri Jun 02 02:07:18.513085 2023] [wsgi:error] [pid 21563] [remote 83.97.73.89:58454] mod_wsgi (pid=21563): Failed to exec Python script file '/var/www/python/app.wsgi'.
[Fri Jun 02 02:07:18.513296 2023] [wsgi:error] [pid 21563] [remote 83.97.73.89:58454] mod_wsgi (pid=21563): Exception occurred processing WSGI script '/var/www/python/app.wsgi'.
[Fri Jun 02 02:07:18.513678 2023] [wsgi:error] [pid 21563] [remote 83.97.73.89:58454] Traceback (most recent call last):
[Fri Jun 02 02:07:18.513746 2023] [wsgi:error] [pid 21563] [remote 83.97.73.89:58454]   File "/var/www/python/app.wsgi", line 7, in <module>
[Fri Jun 02 02:07:18.513751 2023] [wsgi:error] [pid 21563] [remote 83.97.73.89:58454]     from app import app as application
[Fri Jun 02 02:07:18.513758 2023] [wsgi:error] [pid 21563] [remote 83.97.73.89:58454]   File "/var/www/python/app.py", line 3, in <module>
[Fri Jun 02 02:07:18.513761 2023] [wsgi:error] [pid 21563] [remote 83.97.73.89:58454]     from flask import Flask, request
[Fri Jun 02 02:07:18.513789 2023] [wsgi:error] [pid 21563] [remote 83.97.73.89:58454] ModuleNotFoundError: No module named 'flask'
[Fri Jun 02 02:11:05.212833 2023] [ssl:info] [pid 21564] [client 45.61.187.81:57420] AH01964: Connection to child 0 established (server app.solddownriver.com:443)
[Fri Jun 02 02:11:05.253710 2023] [core:info] [pid 21564] [client 45.61.187.81:57420] AH00128: File does not exist: /var/www/python/.env
[Fri Jun 02 02:11:08.196520 2023] [ssl:info] [pid 21566] [client 45.61.187.81:43492] AH01964: Connection to child 3 established (server app.solddownriver.com:443)
[Fri Jun 02 02:11:08.215303 2023] [core:info] [pid 21566] [client 45.61.187.81:43492] AH00128: File does not exist: /var/www/python/.env.
[Fri Jun 02 02:11:11.210044 2023] [ssl:info] [pid 21565] [client 45.61.187.81:43508] AH01964: Connection to child 2 established (server app.solddownriver.com:443)
[Fri Jun 02 02:11:11.230053 2023] [core:info] [pid 21565] [client 45.61.187.81:43508] AH00128: File does not exist: /var/www/python/.env.dev
[Fri Jun 02 02:11:14.205470 2023] [ssl:info] [pid 21775] [client 45.61.187.81:43512] AH01964: Connection to child 6 established (server app.solddownriver.com:443)
[Fri Jun 02 02:11:14.224882 2023] [core:info] [pid 21775] [client 45.61.187.81:43512] AH00128: File does not exist: /var/www/python/sendgrid.env
[Fri Jun 02 02:11:17.195585 2023] [ssl:info] [pid 21567] [client 45.61.187.81:43592] AH01964: Connection to child 4 established (server app.solddownriver.com:443)
[Fri Jun 02 02:11:17.213199 2023] [core:info] [pid 21567] [client 45.61.187.81:43592] AH00128: File does not exist: /var/www/python/config.env
[Fri Jun 02 02:11:20.205950 2023] [ssl:info] [pid 21776] [client 45.61.187.81:43602] AH01964: Connection to child 7 established (server app.solddownriver.com:443)
[Fri Jun 02 02:11:20.242856 2023] [core:info] [pid 21776] [client 45.61.187.81:43602] AH00128: File does not exist: /var/www/python/.env.backup
[Fri Jun 02 02:14:08.106580 2023] [ssl:info] [pid 21778] [client 165.232.73.237:34296] AH01964: Connection to child 9 established (server app.solddownriver.com:443)
[Fri Jun 02 02:14:08.107589 2023] [ssl:info] [pid 21778] [client 165.232.73.237:34296] AH01996: SSL handshake failed: HTTP spoken on HTTPS port; trying to send HTML error page
[Fri Jun 02 02:14:08.107756 2023] [ssl:info] [pid 21778] SSL Library Error: error:1408F09C:SSL routines:ssl3_get_record:http request
[Fri Jun 02 02:14:15.690925 2023] [ssl:info] [pid 21779] [client 165.232.73.237:34300] AH01964: Connection to child 10 established (server app.solddownriver.com:443)
[Fri Jun 02 02:14:15.691531 2023] [ssl:info] [pid 21779] [client 165.232.73.237:34300] AH01996: SSL handshake failed: HTTP spoken on HTTPS port; trying to send HTML error page
[Fri Jun 02 02:14:15.691568 2023] [ssl:info] [pid 21779] SSL Library Error: error:1408F09C:SSL routines:ssl3_get_record:http request
[Fri Jun 02 02:14:24.505465 2023] [ssl:info] [pid 21568] [client 165.232.73.237:41108] AH01964: Connection to child 5 established (server app.solddownriver.com:443)
[Fri Jun 02 02:14:24.506323 2023] [ssl:info] [pid 21568] [client 165.232.73.237:41108] AH01996: SSL handshake failed: HTTP spoken on HTTPS port; trying to send HTML error page
[Fri Jun 02 02:14:24.506367 2023] [ssl:info] [pid 21568] SSL Library Error: error:1408F09C:SSL routines:ssl3_get_record:http request
[Fri Jun 02 02:16:46.726729 2023] [ssl:info] [pid 21706] [client 2607:f298:5:6000::9b6:15f1:54220] AH01964: Connection to child 1 established (server app.solddownriver.com:443)
[Fri Jun 02 02:16:46.855472 2023] [ssl:info] [pid 21564] [client 198.74.54.209:59108] AH01964: Connection to child 0 established (server app.solddownriver.com:443)
