[Fri Jun 02 18:38:16.504076 2023] [wsgi:error] [pid 2346] [remote 2600:8805:1800:338:40c4:ed77:db60:f48d:59468] Traceback (most recent call last):
[Fri Jun 02 18:38:16.504080 2023] [wsgi:error] [pid 2346] [remote 2600:8805:1800:338:40c4:ed77:db60:f48d:59468]   File "/var/www/python/myenv/lib/python3.7/site-packages/flask/app.py", line 2529, in wsgi_app
[Fri Jun 02 18:38:16.504083 2023] [wsgi:error] [pid 2346] [remote 2600:8805:1800:338:40c4:ed77:db60:f48d:59468]     response = self.full_dispatch_request()
[Fri Jun 02 18:38:16.504086 2023] [wsgi:error] [pid 2346] [remote 2600:8805:1800:338:40c4:ed77:db60:f48d:59468]   File "/var/www/python/myenv/lib/python3.7/site-packages/flask/app.py", line 1825, in full_dispatch_request
[Fri Jun 02 18:38:16.504090 2023] [wsgi:error] [pid 2346] [remote 2600:8805:1800:338:40c4:ed77:db60:f48d:59468]     rv = self.handle_user_exception(e)
[Fri Jun 02 18:38:16.504093 2023] [wsgi:error] [pid 2346] [remote 2600:8805:1800:338:40c4:ed77:db60:f48d:59468]   File "/var/www/python/myenv/lib/python3.7/site-packages/flask_cors/extension.py", line 165, in wrapped_function
[Fri Jun 02 18:38:16.504096 2023] [wsgi:error] [pid 2346] [remote 2600:8805:1800:338:40c4:ed77:db60:f48d:59468]     return cors_after_request(app.make_response(f(*args, **kwargs)))
[Fri Jun 02 18:38:16.504099 2023] [wsgi:error] [pid 2346] [remote 2600:8805:1800:338:40c4:ed77:db60:f48d:59468]   File "/var/www/python/myenv/lib/python3.7/site-packages/flask/app.py", line 1823, in full_dispatch_request
[Fri Jun 02 18:38:16.504102 2023] [wsgi:error] [pid 2346] [remote 2600:8805:1800:338:40c4:ed77:db60:f48d:59468]     rv = self.dispatch_request()
[Fri Jun 02 18:38:16.504105 2023] [wsgi:error] [pid 2346] [remote 2600:8805:1800:338:40c4:ed77:db60:f48d:59468]   File "/var/www/python/myenv/lib/python3.7/site-packages/flask/app.py", line 1799, in dispatch_request
[Fri Jun 02 18:38:16.504108 2023] [wsgi:error] [pid 2346] [remote 2600:8805:1800:338:40c4:ed77:db60:f48d:59468]     return self.ensure_sync(self.view_functions[rule.endpoint])(**view_args)
[Fri Jun 02 18:38:16.504111 2023] [wsgi:error] [pid 2346] [remote 2600:8805:1800:338:40c4:ed77:db60:f48d:59468]   File "/var/www/python/myenv/lib/python3.7/site-packages/flask_cors/decorator.py", line 128, in wrapped_function
[Fri Jun 02 18:38:16.504127 2023] [wsgi:error] [pid 2346] [remote 2600:8805:1800:338:40c4:ed77:db60:f48d:59468]     resp = make_response(f(*args, **kwargs))
[Fri Jun 02 18:38:16.504130 2023] [wsgi:error] [pid 2346] [remote 2600:8805:1800:338:40c4:ed77:db60:f48d:59468]   File "/var/www/python/Login/Login.py", line 20, in Login
[Fri Jun 02 18:38:16.504133 2023] [wsgi:error] [pid 2346] [remote 2600:8805:1800:338:40c4:ed77:db60:f48d:59468]     result = get_login(Email, Password)
[Fri Jun 02 18:38:16.504135 2023] [wsgi:error] [pid 2346] [remote 2600:8805:1800:338:40c4:ed77:db60:f48d:59468]   File "/var/www/python/Login/GetLogin.py", line 37, in get_login
[Fri Jun 02 18:38:16.504138 2023] [wsgi:error] [pid 2346] [remote 2600:8805:1800:338:40c4:ed77:db60:f48d:59468]     cursor.execute(query, values)
[Fri Jun 02 18:38:16.504141 2023] [wsgi:error] [pid 2346] [remote 2600:8805:1800:338:40c4:ed77:db60:f48d:59468]   File "/var/www/python/myenv/lib/python3.7/site-packages/pymysql/cursors.py", line 158, in execute
[Fri Jun 02 18:38:16.504143 2023] [wsgi:error] [pid 2346] [remote 2600:8805:1800:338:40c4:ed77:db60:f48d:59468]     result = self._query(query)
[Fri Jun 02 18:38:16.504146 2023] [wsgi:error] [pid 2346] [remote 2600:8805:1800:338:40c4:ed77:db60:f48d:59468]   File "/var/www/python/myenv/lib/python3.7/site-packages/pymysql/cursors.py", line 325, in _query
[Fri Jun 02 18:38:16.504149 2023] [wsgi:error] [pid 2346] [remote 2600:8805:1800:338:40c4:ed77:db60:f48d:59468]     conn.query(q)
[Fri Jun 02 18:38:16.504152 2023] [wsgi:error] [pid 2346] [remote 2600:8805:1800:338:40c4:ed77:db60:f48d:59468]   File "/var/www/python/myenv/lib/python3.7/site-packages/pymysql/connections.py", line 549, in query
[Fri Jun 02 18:38:16.504154 2023] [wsgi:error] [pid 2346] [remote 2600:8805:1800:338:40c4:ed77:db60:f48d:59468]     self._affected_rows = self._read_query_result(unbuffered=unbuffered)
[Fri Jun 02 18:38:16.504157 2023] [wsgi:error] [pid 2346] [remote 2600:8805:1800:338:40c4:ed77:db60:f48d:59468]   File "/var/www/python/myenv/lib/python3.7/site-packages/pymysql/connections.py", line 779, in _read_query_result
[Fri Jun 02 18:38:16.504160 2023] [wsgi:error] [pid 2346] [remote 2600:8805:1800:338:40c4:ed77:db60:f48d:59468]     result.read()
[Fri Jun 02 18:38:16.504163 2023] [wsgi:error] [pid 2346] [remote 2600:8805:1800:338:40c4:ed77:db60:f48d:59468]   File "/var/www/python/myenv/lib/python3.7/site-packages/pymysql/connections.py", line 1157, in read
[Fri Jun 02 18:38:16.504165 2023] [wsgi:error] [pid 2346] [remote 2600:8805:1800:338:40c4:ed77:db60:f48d:59468]     first_packet = self.connection._read_packet()
[Fri Jun 02 18:38:16.504168 2023] [wsgi:error] [pid 2346] [remote 2600:8805:1800:338:40c4:ed77:db60:f48d:59468]   File "/var/www/python/myenv/lib/python3.7/site-packages/pymysql/connections.py", line 729, in _read_packet
[Fri Jun 02 18:38:16.504171 2023] [wsgi:error] [pid 2346] [remote 2600:8805:1800:338:40c4:ed77:db60:f48d:59468]     packet.raise_for_error()
[Fri Jun 02 18:38:16.504174 2023] [wsgi:error] [pid 2346] [remote 2600:8805:1800:338:40c4:ed77:db60:f48d:59468]   File "/var/www/python/myenv/lib/python3.7/site-packages/pymysql/protocol.py", line 221, in raise_for_error
[Fri Jun 02 18:38:16.504177 2023] [wsgi:error] [pid 2346] [remote 2600:8805:1800:338:40c4:ed77:db60:f48d:59468]     err.raise_mysql_exception(self._data)
[Fri Jun 02 18:38:16.504179 2023] [wsgi:error] [pid 2346] [remote 2600:8805:1800:338:40c4:ed77:db60:f48d:59468]   File "/var/www/python/myenv/lib/python3.7/site-packages/pymysql/err.py", line 143, in raise_mysql_exception
[Fri Jun 02 18:38:16.504182 2023] [wsgi:error] [pid 2346] [remote 2600:8805:1800:338:40c4:ed77:db60:f48d:59468]     raise errorclass(errno, errval)
[Fri Jun 02 18:38:16.504185 2023] [wsgi:error] [pid 2346] [remote 2600:8805:1800:338:40c4:ed77:db60:f48d:59468] pymysql.err.ProgrammingError: (1146, "Table 'SoldDownTheRiver.usersessions' doesn't exist")
[Fri Jun 02 18:38:23.911113 2023] [ssl:info] [pid 2369] [client 2600:8805:1800:338:40c4:ed77:db60:f48d:59472] AH01964: Connection to child 8 established (server api.solddownriver.com:443)
[Fri Jun 02 18:38:23.936507 2023] [wsgi:error] [pid 2345] [remote 2600:8805:1800:338:40c4:ed77:db60:f48d:59472] SELECT * from users WHERE Email = 'steve@roadsteadhighschool.com' and Password = 'password'
[Fri Jun 02 18:38:23.937431 2023] [wsgi:error] [pid 2345] [remote 2600:8805:1800:338:40c4:ed77:db60:f48d:59472] {'UserId': '1', 'FirstName': 'Steve', 'LastName': 'Nelson', 'Email': 'steve@roadsteadhighschool.com', 'Password': 'password', 'School': 'Roadstead High School', 'SemesterYear': '2023', 'Phone': '7576796703', 'UserType': 'admin'}
[Fri Jun 02 18:38:23.941965 2023] [wsgi:error] [pid 2345] [remote 2600:8805:1800:338:40c4:ed77:db60:f48d:59472] ERROR:app:Exception on /Login/Login [GET]
[Fri Jun 02 18:38:23.942001 2023] [wsgi:error] [pid 2345] [remote 2600:8805:1800:338:40c4:ed77:db60:f48d:59472] Traceback (most recent call last):
[Fri Jun 02 18:38:23.942004 2023] [wsgi:error] [pid 2345] [remote 2600:8805:1800:338:40c4:ed77:db60:f48d:59472]   File "/var/www/python/myenv/lib/python3.7/site-packages/flask/app.py", line 2529, in wsgi_app
[Fri Jun 02 18:38:23.942008 2023] [wsgi:error] [pid 2345] [remote 2600:8805:1800:338:40c4:ed77:db60:f48d:59472]     response = self.full_dispatch_request()
[Fri Jun 02 18:38:23.942011 2023] [wsgi:error] [pid 2345] [remote 2600:8805:1800:338:40c4:ed77:db60:f48d:59472]   File "/var/www/python/myenv/lib/python3.7/site-packages/flask/app.py", line 1825, in full_dispatch_request
[Fri Jun 02 18:38:23.942014 2023] [wsgi:error] [pid 2345] [remote 2600:8805:1800:338:40c4:ed77:db60:f48d:59472]     rv = self.handle_user_exception(e)
[Fri Jun 02 18:38:23.942017 2023] [wsgi:error] [pid 2345] [remote 2600:8805:1800:338:40c4:ed77:db60:f48d:59472]   File "/var/www/python/myenv/lib/python3.7/site-packages/flask_cors/extension.py", line 165, in wrapped_function
[Fri Jun 02 18:38:23.942020 2023] [wsgi:error] [pid 2345] [remote 2600:8805:1800:338:40c4:ed77:db60:f48d:59472]     return cors_after_request(app.make_response(f(*args, **kwargs)))
[Fri Jun 02 18:38:23.942023 2023] [wsgi:error] [pid 2345] [remote 2600:8805:1800:338:40c4:ed77:db60:f48d:59472]   File "/var/www/python/myenv/lib/python3.7/site-packages/flask/app.py", line 1823, in full_dispatch_request
[Fri Jun 02 18:38:23.942027 2023] [wsgi:error] [pid 2345] [remote 2600:8805:1800:338:40c4:ed77:db60:f48d:59472]     rv = self.dispatch_request()
[Fri Jun 02 18:38:23.942029 2023] [wsgi:error] [pid 2345] [remote 2600:8805:1800:338:40c4:ed77:db60:f48d:59472]   File "/var/www/python/myenv/lib/python3.7/site-packages/flask/app.py", line 1799, in dispatch_request
[Fri Jun 02 18:38:23.942032 2023] [wsgi:error] [pid 2345] [remote 2600:8805:1800:338:40c4:ed77:db60:f48d:59472]     return self.ensure_sync(self.view_functions[rule.endpoint])(**view_args)
[Fri Jun 02 18:38:23.942035 2023] [wsgi:error] [pid 2345] [remote 2600:8805:1800:338:40c4:ed77:db60:f48d:59472]   File "/var/www/python/myenv/lib/python3.7/site-packages/flask_cors/decorator.py", line 128, in wrapped_function
[Fri Jun 02 18:38:23.942038 2023] [wsgi:error] [pid 2345] [remote 2600:8805:1800:338:40c4:ed77:db60:f48d:59472]     resp = make_response(f(*args, **kwargs))
[Fri Jun 02 18:38:23.942041 2023] [wsgi:error] [pid 2345] [remote 2600:8805:1800:338:40c4:ed77:db60:f48d:59472]   File "/var/www/python/Login/Login.py", line 20, in Login
[Fri Jun 02 18:38:23.942044 2023] [wsgi:error] [pid 2345] [remote 2600:8805:1800:338:40c4:ed77:db60:f48d:59472]     result = get_login(Email, Password)
[Fri Jun 02 18:38:23.942047 2023] [wsgi:error] [pid 2345] [remote 2600:8805:1800:338:40c4:ed77:db60:f48d:59472]   File "/var/www/python/Login/GetLogin.py", line 37, in get_login
[Fri Jun 02 18:38:23.942050 2023] [wsgi:error] [pid 2345] [remote 2600:8805:1800:338:40c4:ed77:db60:f48d:59472]     cursor.execute(query, values)
[Fri Jun 02 18:38:23.942052 2023] [wsgi:error] [pid 2345] [remote 2600:8805:1800:338:40c4:ed77:db60:f48d:59472]   File "/var/www/python/myenv/lib/python3.7/site-packages/pymysql/cursors.py", line 158, in execute
[Fri Jun 02 18:38:23.942068 2023] [wsgi:error] [pid 2345] [remote 2600:8805:1800:338:40c4:ed77:db60:f48d:59472]     result = self._query(query)
[Fri Jun 02 18:38:23.942071 2023] [wsgi:error] [pid 2345] [remote 2600:8805:1800:338:40c4:ed77:db60:f48d:59472]   File "/var/www/python/myenv/lib/python3.7/site-packages/pymysql/cursors.py", line 325, in _query
[Fri Jun 02 18:38:23.942074 2023] [wsgi:error] [pid 2345] [remote 2600:8805:1800:338:40c4:ed77:db60:f48d:59472]     conn.query(q)
[Fri Jun 02 18:38:23.942077 2023] [wsgi:error] [pid 2345] [remote 2600:8805:1800:338:40c4:ed77:db60:f48d:59472]   File "/var/www/python/myenv/lib/python3.7/site-packages/pymysql/connections.py", line 549, in query
[Fri Jun 02 18:38:23.942080 2023] [wsgi:error] [pid 2345] [remote 2600:8805:1800:338:40c4:ed77:db60:f48d:59472]     self._affected_rows = self._read_query_result(unbuffered=unbuffered)
[Fri Jun 02 18:38:23.942083 2023] [wsgi:error] [pid 2345] [remote 2600:8805:1800:338:40c4:ed77:db60:f48d:59472]   File "/var/www/python/myenv/lib/python3.7/site-packages/pymysql/connections.py", line 779, in _read_query_result
[Fri Jun 02 18:38:23.942086 2023] [wsgi:error] [pid 2345] [remote 2600:8805:1800:338:40c4:ed77:db60:f48d:59472]     result.read()
[Fri Jun 02 18:38:23.942088 2023] [wsgi:error] [pid 2345] [remote 2600:8805:1800:338:40c4:ed77:db60:f48d:59472]   File "/var/www/python/myenv/lib/python3.7/site-packages/pymysql/connections.py", line 1157, in read
[Fri Jun 02 18:38:23.942091 2023] [wsgi:error] [pid 2345] [remote 2600:8805:1800:338:40c4:ed77:db60:f48d:59472]     first_packet = self.connection._read_packet()
[Fri Jun 02 18:38:23.942094 2023] [wsgi:error] [pid 2345] [remote 2600:8805:1800:338:40c4:ed77:db60:f48d:59472]   File "/var/www/python/myenv/lib/python3.7/site-packages/pymysql/connections.py", line 729, in _read_packet
[Fri Jun 02 18:38:23.942097 2023] [wsgi:error] [pid 2345] [remote 2600:8805:1800:338:40c4:ed77:db60:f48d:59472]     packet.raise_for_error()
[Fri Jun 02 18:38:23.942100 2023] [wsgi:error] [pid 2345] [remote 2600:8805:1800:338:40c4:ed77:db60:f48d:59472]   File "/var/www/python/myenv/lib/python3.7/site-packages/pymysql/protocol.py", line 221, in raise_for_error
[Fri Jun 02 18:38:23.942103 2023] [wsgi:error] [pid 2345] [remote 2600:8805:1800:338:40c4:ed77:db60:f48d:59472]     err.raise_mysql_exception(self._data)
[Fri Jun 02 18:38:23.942106 2023] [wsgi:error] [pid 2345] [remote 2600:8805:1800:338:40c4:ed77:db60:f48d:59472]   File "/var/www/python/myenv/lib/python3.7/site-packages/pymysql/err.py", line 143, in raise_mysql_exception
[Fri Jun 02 18:38:23.942109 2023] [wsgi:error] [pid 2345] [remote 2600:8805:1800:338:40c4:ed77:db60:f48d:59472]     raise errorclass(errno, errval)
[Fri Jun 02 18:38:23.942111 2023] [wsgi:error] [pid 2345] [remote 2600:8805:1800:338:40c4:ed77:db60:f48d:59472] pymysql.err.ProgrammingError: (1146, "Table 'SoldDownTheRiver.usersessions' doesn't exist")
[Fri Jun 02 18:39:31.824194 2023] [ssl:info] [pid 2350] [client 2600:8805:1800:338:40c4:ed77:db60:f48d:59523] AH01964: Connection to child 5 established (server api.solddownriver.com:443)
[Fri Jun 02 18:39:31.851951 2023] [wsgi:error] [pid 2346] [remote 2600:8805:1800:338:40c4:ed77:db60:f48d:59523] SELECT * from users WHERE Email = 'steve@roadsteadhighschool.com' and Password = 'password'
[Fri Jun 02 18:39:31.852930 2023] [wsgi:error] [pid 2346] [remote 2600:8805:1800:338:40c4:ed77:db60:f48d:59523] {'UserId': '1', 'FirstName': 'Steve', 'LastName': 'Nelson', 'Email': 'steve@roadsteadhighschool.com', 'Password': 'password', 'School': 'Roadstead High School', 'SemesterYear': '2023', 'Phone': '7576796703', 'UserType': 'admin'}
[Fri Jun 02 18:39:31.854940 2023] [wsgi:error] [pid 2346] [remote 2600:8805:1800:338:40c4:ed77:db60:f48d:59523] ERROR:app:Exception on /Login/Login [GET]
[Fri Jun 02 18:39:31.854975 2023] [wsgi:error] [pid 2346] [remote 2600:8805:1800:338:40c4:ed77:db60:f48d:59523] Traceback (most recent call last):
[Fri Jun 02 18:39:31.854997 2023] [wsgi:error] [pid 2346] [remote 2600:8805:1800:338:40c4:ed77:db60:f48d:59523]   File "/var/www/python/myenv/lib/python3.7/site-packages/flask/app.py", line 2529, in wsgi_app
[Fri Jun 02 18:39:31.855002 2023] [wsgi:error] [pid 2346] [remote 2600:8805:1800:338:40c4:ed77:db60:f48d:59523]     response = self.full_dispatch_request()
[Fri Jun 02 18:39:31.855015 2023] [wsgi:error] [pid 2346] [remote 2600:8805:1800:338:40c4:ed77:db60:f48d:59523]   File "/var/www/python/myenv/lib/python3.7/site-packages/flask/app.py", line 1825, in full_dispatch_request
[Fri Jun 02 18:39:31.855019 2023] [wsgi:error] [pid 2346] [remote 2600:8805:1800:338:40c4:ed77:db60:f48d:59523]     rv = self.handle_user_exception(e)
[Fri Jun 02 18:39:31.855023 2023] [wsgi:error] [pid 2346] [remote 2600:8805:1800:338:40c4:ed77:db60:f48d:59523]   File "/var/www/python/myenv/lib/python3.7/site-packages/flask_cors/extension.py", line 165, in wrapped_function
[Fri Jun 02 18:39:31.855027 2023] [wsgi:error] [pid 2346] [remote 2600:8805:1800:338:40c4:ed77:db60:f48d:59523]     return cors_after_request(app.make_response(f(*args, **kwargs)))
[Fri Jun 02 18:39:31.855031 2023] [wsgi:error] [pid 2346] [remote 2600:8805:1800:338:40c4:ed77:db60:f48d:59523]   File "/var/www/python/myenv/lib/python3.7/site-packages/flask/app.py", line 1823, in full_dispatch_request
[Fri Jun 02 18:39:31.855034 2023] [wsgi:error] [pid 2346] [remote 2600:8805:1800:338:40c4:ed77:db60:f48d:59523]     rv = self.dispatch_request()
[Fri Jun 02 18:39:31.855037 2023] [wsgi:error] [pid 2346] [remote 2600:8805:1800:338:40c4:ed77:db60:f48d:59523]   File "/var/www/python/myenv/lib/python3.7/site-packages/flask/app.py", line 1799, in dispatch_request
[Fri Jun 02 18:39:31.855041 2023] [wsgi:error] [pid 2346] [remote 2600:8805:1800:338:40c4:ed77:db60:f48d:59523]     return self.ensure_sync(self.view_functions[rule.endpoint])(**view_args)
[Fri Jun 02 18:39:31.855045 2023] [wsgi:error] [pid 2346] [remote 2600:8805:1800:338:40c4:ed77:db60:f48d:59523]   File "/var/www/python/myenv/lib/python3.7/site-packages/flask_cors/decorator.py", line 128, in wrapped_function
[Fri Jun 02 18:39:31.855050 2023] [wsgi:error] [pid 2346] [remote 2600:8805:1800:338:40c4:ed77:db60:f48d:59523]     resp = make_response(f(*args, **kwargs))
[Fri Jun 02 18:39:31.855055 2023] [wsgi:error] [pid 2346] [remote 2600:8805:1800:338:40c4:ed77:db60:f48d:59523]   File "/var/www/python/Login/Login.py", line 20, in Login
[Fri Jun 02 18:39:31.855058 2023] [wsgi:error] [pid 2346] [remote 2600:8805:1800:338:40c4:ed77:db60:f48d:59523]     result = get_login(Email, Password)
[Fri Jun 02 18:39:31.855062 2023] [wsgi:error] [pid 2346] [remote 2600:8805:1800:338:40c4:ed77:db60:f48d:59523]   File "/var/www/python/Login/GetLogin.py", line 37, in get_login
[Fri Jun 02 18:39:31.855066 2023] [wsgi:error] [pid 2346] [remote 2600:8805:1800:338:40c4:ed77:db60:f48d:59523]     cursor.execute(query, values)
[Fri Jun 02 18:39:31.855069 2023] [wsgi:error] [pid 2346] [remote 2600:8805:1800:338:40c4:ed77:db60:f48d:59523]   File "/var/www/python/myenv/lib/python3.7/site-packages/pymysql/cursors.py", line 158, in execute
[Fri Jun 02 18:39:31.855072 2023] [wsgi:error] [pid 2346] [remote 2600:8805:1800:338:40c4:ed77:db60:f48d:59523]     result = self._query(query)
[Fri Jun 02 18:39:31.855075 2023] [wsgi:error] [pid 2346] [remote 2600:8805:1800:338:40c4:ed77:db60:f48d:59523]   File "/var/www/python/myenv/lib/python3.7/site-packages/pymysql/cursors.py", line 325, in _query
[Fri Jun 02 18:39:31.855077 2023] [wsgi:error] [pid 2346] [remote 2600:8805:1800:338:40c4:ed77:db60:f48d:59523]     conn.query(q)
[Fri Jun 02 18:39:31.855080 2023] [wsgi:error] [pid 2346] [remote 2600:8805:1800:338:40c4:ed77:db60:f48d:59523]   File "/var/www/python/myenv/lib/python3.7/site-packages/pymysql/connections.py", line 549, in query
[Fri Jun 02 18:39:31.855083 2023] [wsgi:error] [pid 2346] [remote 2600:8805:1800:338:40c4:ed77:db60:f48d:59523]     self._affected_rows = self._read_query_result(unbuffered=unbuffered)
[Fri Jun 02 18:39:31.855086 2023] [wsgi:error] [pid 2346] [remote 2600:8805:1800:338:40c4:ed77:db60:f48d:59523]   File "/var/www/python/myenv/lib/python3.7/site-packages/pymysql/connections.py", line 779, in _read_query_result
[Fri Jun 02 18:39:31.855094 2023] [wsgi:error] [pid 2346] [remote 2600:8805:1800:338:40c4:ed77:db60:f48d:59523]     result.read()
[Fri Jun 02 18:39:31.855097 2023] [wsgi:error] [pid 2346] [remote 2600:8805:1800:338:40c4:ed77:db60:f48d:59523]   File "/var/www/python/myenv/lib/python3.7/site-packages/pymysql/connections.py", line 1157, in read
[Fri Jun 02 18:39:31.855100 2023] [wsgi:error] [pid 2346] [remote 2600:8805:1800:338:40c4:ed77:db60:f48d:59523]     first_packet = self.connection._read_packet()
[Fri Jun 02 18:39:31.855103 2023] [wsgi:error] [pid 2346] [remote 2600:8805:1800:338:40c4:ed77:db60:f48d:59523]   File "/var/www/python/myenv/lib/python3.7/site-packages/pymysql/connections.py", line 729, in _read_packet
[Fri Jun 02 18:39:31.855106 2023] [wsgi:error] [pid 2346] [remote 2600:8805:1800:338:40c4:ed77:db60:f48d:59523]     packet.raise_for_error()
[Fri Jun 02 18:39:31.855109 2023] [wsgi:error] [pid 2346] [remote 2600:8805:1800:338:40c4:ed77:db60:f48d:59523]   File "/var/www/python/myenv/lib/python3.7/site-packages/pymysql/protocol.py", line 221, in raise_for_error
[Fri Jun 02 18:39:31.855112 2023] [wsgi:error] [pid 2346] [remote 2600:8805:1800:338:40c4:ed77:db60:f48d:59523]     err.raise_mysql_exception(self._data)
[Fri Jun 02 18:39:31.855114 2023] [wsgi:error] [pid 2346] [remote 2600:8805:1800:338:40c4:ed77:db60:f48d:59523]   File "/var/www/python/myenv/lib/python3.7/site-packages/pymysql/err.py", line 143, in raise_mysql_exception
[Fri Jun 02 18:39:31.855117 2023] [wsgi:error] [pid 2346] [remote 2600:8805:1800:338:40c4:ed77:db60:f48d:59523]     raise errorclass(errno, errval)
[Fri Jun 02 18:39:31.855120 2023] [wsgi:error] [pid 2346] [remote 2600:8805:1800:338:40c4:ed77:db60:f48d:59523] pymysql.err.ProgrammingError: (1146, "Table 'SoldDownTheRiver.usersessions' doesn't exist")
[Fri Jun 02 18:39:40.661300 2023] [ssl:info] [pid 2348] [client 2600:8805:1800:338:40c4:ed77:db60:f48d:59528] AH01964: Connection to child 1 established (server api.solddownriver.com:443)
[Fri Jun 02 18:39:40.687333 2023] [wsgi:info] [pid 2345] [remote 2600:8805:1800:338:40c4:ed77:db60:f48d:59528] mod_wsgi (pid=2345): Force restart of process 'application'.
[Fri Jun 02 18:39:40.687485 2023] [wsgi:info] [pid 2345] mod_wsgi (pid=2345): Shutdown requested 'application'.
[Fri Jun 02 18:39:40.688493 2023] [wsgi:info] [pid 2345] mod_wsgi (pid=2345): Stopping process 'application'.
[Fri Jun 02 18:39:40.688519 2023] [wsgi:info] [pid 2345] mod_wsgi (pid=2345): Destroying interpreters.
[Fri Jun 02 18:39:40.688536 2023] [wsgi:info] [pid 2345] mod_wsgi (pid=2345): Destroy interpreter 'api.solddownriver.com|'.
[Fri Jun 02 18:39:40.688735 2023] [wsgi:info] [pid 2345] mod_wsgi (pid=2345): End interpreter 'api.solddownriver.com|'.
[Fri Jun 02 18:39:40.692996 2023] [wsgi:info] [pid 2348] [client 2600:8805:1800:338:40c4:ed77:db60:f48d:59528] mod_wsgi (pid=2348): Connect after WSGI daemon process restart, attempt #1.
[Fri Jun 02 18:39:40.693404 2023] [wsgi:info] [pid 2346] [remote 2600:8805:1800:338:40c4:ed77:db60:f48d:59528] mod_wsgi (pid=2346): Force restart of process 'application'.
[Fri Jun 02 18:39:40.693568 2023] [wsgi:info] [pid 2346] mod_wsgi (pid=2346): Shutdown requested 'application'.
[Fri Jun 02 18:39:40.694312 2023] [wsgi:info] [pid 2346] mod_wsgi (pid=2346): Stopping process 'application'.
[Fri Jun 02 18:39:40.694328 2023] [wsgi:info] [pid 2346] mod_wsgi (pid=2346): Destroying interpreters.
[Fri Jun 02 18:39:40.694337 2023] [wsgi:info] [pid 2346] mod_wsgi (pid=2346): Destroy interpreter 'api.solddownriver.com|'.
[Fri Jun 02 18:39:40.694503 2023] [wsgi:info] [pid 2346] mod_wsgi (pid=2346): End interpreter 'api.solddownriver.com|'.
[Fri Jun 02 18:39:40.696988 2023] [wsgi:info] [pid 2348] [client 2600:8805:1800:338:40c4:ed77:db60:f48d:59528] mod_wsgi (pid=2348): Connect after WSGI daemon process restart, attempt #2.
[Fri Jun 02 18:39:40.836332 2023] [wsgi:info] [pid 2345] mod_wsgi (pid=2345): Cleanup interpreter ''.
[Fri Jun 02 18:39:40.854693 2023] [wsgi:info] [pid 2346] mod_wsgi (pid=2346): Cleanup interpreter ''.
[Fri Jun 02 18:39:40.860444 2023] [wsgi:info] [pid 2345] mod_wsgi (pid=2345): Terminating Python.
[Fri Jun 02 18:39:40.880084 2023] [wsgi:info] [pid 2346] mod_wsgi (pid=2346): Terminating Python.
[Fri Jun 02 18:39:40.939008 2023] [wsgi:info] [pid 2345] mod_wsgi (pid=2345): Python has shutdown.
[Fri Jun 02 18:39:40.939058 2023] [wsgi:info] [pid 2345] mod_wsgi (pid=2345): Exiting process 'application'.
[Fri Jun 02 18:39:40.952784 2023] [wsgi:info] [pid 2346] mod_wsgi (pid=2346): Python has shutdown.
[Fri Jun 02 18:39:40.952848 2023] [wsgi:info] [pid 2346] mod_wsgi (pid=2346): Exiting process 'application'.
[Fri Jun 02 18:39:41.695350 2023] [wsgi:info] [pid 2572] mod_wsgi (pid=2572): Attach interpreter ''.
[Fri Jun 02 18:39:41.698977 2023] [wsgi:info] [pid 2573] mod_wsgi (pid=2573): Attach interpreter ''.
[Fri Jun 02 18:39:41.704284 2023] [wsgi:info] [pid 2572] mod_wsgi (pid=2572): Adding '/var/www/python' to path.
[Fri Jun 02 18:39:41.707701 2023] [wsgi:info] [pid 2573] mod_wsgi (pid=2573): Adding '/var/www/python' to path.
[Fri Jun 02 18:39:41.743443 2023] [wsgi:info] [pid 2572] mod_wsgi (pid=2572): Create interpreter 'api.solddownriver.com|'.
[Fri Jun 02 18:39:41.766067 2023] [wsgi:info] [pid 2572] mod_wsgi (pid=2572): Adding '/var/www/python' to path.
[Fri Jun 02 18:39:41.767089 2023] [wsgi:info] [pid 2572] [remote 2600:8805:1800:338:40c4:ed77:db60:f48d:59528] mod_wsgi (pid=2572, process='application', application='api.solddownriver.com|'): Loading Python script file '/var/www/python/app.wsgi'.
[Fri Jun 02 18:39:42.457482 2023] [wsgi:error] [pid 2572] [remote 2600:8805:1800:338:40c4:ed77:db60:f48d:59528] SELECT * from users WHERE Email = 'steve@roadsteadhighschool.com' and Password = 'password'
[Fri Jun 02 18:39:42.458689 2023] [wsgi:error] [pid 2572] [remote 2600:8805:1800:338:40c4:ed77:db60:f48d:59528] {'UserId': '1', 'FirstName': 'Steve', 'LastName': 'Nelson', 'Email': 'steve@roadsteadhighschool.com', 'Password': 'password', 'School': 'Roadstead High School', 'SemesterYear': '2023', 'Phone': '7576796703', 'UserType': 'admin'}
[Fri Jun 02 18:39:45.525195 2023] [ssl:info] [pid 2420] [client 2600:8805:1800:338:40c4:ed77:db60:f48d:59531] AH01964: Connection to child 9 established (server api.solddownriver.com:443)
[Fri Jun 02 18:39:45.553159 2023] [wsgi:error] [pid 2572] [remote 2600:8805:1800:338:40c4:ed77:db60:f48d:59531] SELECT * from users WHERE Email = 'steve@roadsteadhighschool.com' and Password = 'password'
[Fri Jun 02 18:39:45.554175 2023] [wsgi:error] [pid 2572] [remote 2600:8805:1800:338:40c4:ed77:db60:f48d:59531] {'UserId': '1', 'FirstName': 'Steve', 'LastName': 'Nelson', 'Email': 'steve@roadsteadhighschool.com', 'Password': 'password', 'School': 'Roadstead High School', 'SemesterYear': '2023', 'Phone': '7576796703', 'UserType': 'admin'}
[Fri Jun 02 18:39:45.651599 2023] [ssl:info] [pid 2347] [client 2600:8805:1800:338:40c4:ed77:db60:f48d:59533] AH01964: Connection to child 0 established (server api.solddownriver.com:443)
[Fri Jun 02 18:39:45.656231 2023] [ssl:info] [pid 2390] [client 2600:8805:1800:338:40c4:ed77:db60:f48d:59534] AH01964: Connection to child 12 established (server api.solddownriver.com:443)
[Fri Jun 02 18:39:45.660042 2023] [ssl:info] [pid 2366] [client 2600:8805:1800:338:40c4:ed77:db60:f48d:59535] AH01964: Connection to child 2 established (server api.solddownriver.com:443)
[Fri Jun 02 18:39:45.665042 2023] [ssl:info] [pid 2368] [client 2600:8805:1800:338:40c4:ed77:db60:f48d:59537] AH01964: Connection to child 7 established (server api.solddownriver.com:443)
[Fri Jun 02 18:39:45.669682 2023] [ssl:info] [pid 2351] [client 2600:8805:1800:338:40c4:ed77:db60:f48d:59536] AH01964: Connection to child 3 established (server api.solddownriver.com:443)
[Fri Jun 02 18:39:47.339692 2023] [wsgi:info] [pid 2573] mod_wsgi (pid=2573): Create interpreter 'api.solddownriver.com|'.
[Fri Jun 02 18:39:47.355713 2023] [wsgi:info] [pid 2573] mod_wsgi (pid=2573): Adding '/var/www/python' to path.
[Fri Jun 02 18:39:47.356458 2023] [wsgi:info] [pid 2573] [remote 2600:8805:1800:338:40c4:ed77:db60:f48d:59531] mod_wsgi (pid=2573, process='application', application='api.solddownriver.com|'): Loading Python script file '/var/www/python/app.wsgi'.
[Fri Jun 02 18:39:47.962330 2023] [wsgi:error] [pid 2573] [remote 2600:8805:1800:338:40c4:ed77:db60:f48d:59531] SELECT * from usersessions WHERE SessionId = 'SES766eeae9-fe0f-4bd6-b996-bf155cb8511e'
[Fri Jun 02 18:39:48.278778 2023] [wsgi:error] [pid 2572] [remote 2600:8805:1800:338:40c4:ed77:db60:f48d:59531] SELECT * from usersessions WHERE SessionId = 'SES766eeae9-fe0f-4bd6-b996-bf155cb8511e'
[Fri Jun 02 18:40:24.266339 2023] [ssl:info] [pid 2593] [client 66.249.66.7:58884] AH01964: Connection to child 4 established (server api.solddownriver.com:443)
[Fri Jun 02 18:40:29.230008 2023] [ssl:info] [pid 2593] (70014)End of file found: [client 66.249.66.7:58884] AH01991: SSL input filter read failed.
[Fri Jun 02 18:43:39.087262 2023] [ssl:info] [pid 2595] [client 89.175.184.250:47372] AH01964: Connection to child 10 established (server api.solddownriver.com:443)
[Fri Jun 02 18:43:39.370014 2023] [ssl:info] [pid 2595] (70014)End of file found: [client 89.175.184.250:47372] AH01991: SSL input filter read failed.
[Fri Jun 02 18:45:12.868777 2023] [ssl:info] [pid 2348] [client 45.79.181.179:10330] AH01964: Connection to child 1 established (server api.solddownriver.com:443)
[Fri Jun 02 18:45:13.025334 2023] [ssl:info] [pid 2348] [client 45.79.181.179:10330] AH01998: Connection closed to child 1 with abortive shutdown (server api.solddownriver.com:443)
[Fri Jun 02 18:47:02.927571 2023] [ssl:info] [pid 2347] [client 91.213.50.8:46590] AH01964: Connection to child 0 established (server api.solddownriver.com:443)
[Fri Jun 02 18:47:03.844821 2023] [ssl:info] [pid 2347] (104)Connection reset by peer: [client 91.213.50.8:46590] AH01991: SSL input filter read failed.
[Fri Jun 02 18:51:09.916828 2023] [ssl:info] [pid 2366] [client 65.154.226.169:34301] AH01964: Connection to child 2 established (server api.solddownriver.com:443)
[Fri Jun 02 18:52:39.645832 2023] [ssl:info] [pid 2593] [client 72.218.129.179:63120] AH01964: Connection to child 4 established (server api.solddownriver.com:443)
[Fri Jun 02 18:52:39.675823 2023] [core:info] [pid 2593] [client 72.218.129.179:63120] AH00128: File does not exist: /var/www/html/Login, referer: https://app.solddownriver.com/Humans
[Fri Jun 02 18:53:29.854295 2023] [ssl:info] [pid 2594] [client 154.28.229.204:61205] AH01964: Connection to child 6 established (server api.solddownriver.com:443)
[Fri Jun 02 18:53:29.908782 2023] [ssl:info] [pid 2594] (70014)End of file found: [client 154.28.229.204:61205] AH01991: SSL input filter read failed.
[Fri Jun 02 18:54:36.752030 2023] [ssl:info] [pid 2595] [client 194.50.153.113:57810] AH01964: Connection to child 10 established (server api.solddownriver.com:443)
[Fri Jun 02 18:54:50.893879 2023] [ssl:info] [pid 2348] [client 194.50.153.113:40456] AH01964: Connection to child 1 established (server api.solddownriver.com:443)
[Fri Jun 02 18:55:05.703047 2023] [ssl:info] [pid 2347] [client 194.50.153.113:49534] AH01964: Connection to child 0 established (server api.solddownriver.com:443)
[Fri Jun 02 19:09:10.441352 2023] [ssl:info] [pid 2351] [client 91.213.50.8:35344] AH01964: Connection to child 3 established (server api.solddownriver.com:443)
[Fri Jun 02 19:09:10.946824 2023] [ssl:info] [pid 2351] (104)Connection reset by peer: [client 91.213.50.8:35344] AH01991: SSL input filter read failed.
[Fri Jun 02 19:13:33.884716 2023] [ssl:info] [pid 2593] [client 98.183.220.59:49710] AH01964: Connection to child 4 established (server api.solddownriver.com:443)
[Fri Jun 02 19:13:33.889446 2023] [ssl:info] [pid 2594] [client 98.183.220.59:49711] AH01964: Connection to child 6 established (server api.solddownriver.com:443)
[Fri Jun 02 19:13:33.893382 2023] [ssl:info] [pid 2595] [client 98.183.220.59:49912] AH01964: Connection to child 10 established (server api.solddownriver.com:443)
[Fri Jun 02 19:13:33.970968 2023] [ssl:info] [pid 2348] [client 98.183.220.59:49914] AH01964: Connection to child 1 established (server api.solddownriver.com:443)
[Fri Jun 02 19:13:33.975287 2023] [ssl:info] [pid 2347] [client 98.183.220.59:49913] AH01964: Connection to child 0 established (server api.solddownriver.com:443)
[Fri Jun 02 19:13:34.121119 2023] [core:info] [pid 2347] [client 98.183.220.59:49913] AH00128: File does not exist: /var/www/html/_app/immutable/entry/app.e9e536c5.js, referer: https://app.solddownriver.com/
[Fri Jun 02 19:13:34.121664 2023] [core:info] [pid 2348] [client 98.183.220.59:49914] AH00128: File does not exist: /var/www/html/_app/immutable/entry/start.db105c58.js, referer: https://app.solddownriver.com/
[Fri Jun 02 19:13:37.055560 2023] [core:info] [pid 2347] [client 98.183.220.59:49913] AH00128: File does not exist: /var/www/html/personalProjects/SoldDownTheRiver/Client/_app/immutable/entry/app.2a45740b.js, referer: https://app.solddownriver.com/
[Fri Jun 02 19:13:37.055903 2023] [core:info] [pid 2348] [client 98.183.220.59:49914] AH00128: File does not exist: /var/www/html/personalProjects/SoldDownTheRiver/Client/_app/immutable/entry/start.254afb51.js, referer: https://app.solddownriver.com/
[Fri Jun 02 19:13:51.129035 2023] [wsgi:info] [pid 2573] mod_wsgi (pid=2573): Shutdown requested 'application'.
[Fri Jun 02 19:13:51.129903 2023] [wsgi:info] [pid 2573] mod_wsgi (pid=2573): Stopping process 'application'.
[Fri Jun 02 19:13:51.129922 2023] [wsgi:info] [pid 2573] mod_wsgi (pid=2573): Destroying interpreters.
[Fri Jun 02 19:13:51.129943 2023] [wsgi:info] [pid 2573] mod_wsgi (pid=2573): Destroy interpreter 'api.solddownriver.com|'.
[Fri Jun 02 19:13:51.131248 2023] [wsgi:info] [pid 2573] mod_wsgi (pid=2573): End interpreter 'api.solddownriver.com|'.
[Fri Jun 02 19:13:51.133063 2023] [wsgi:info] [pid 2572] mod_wsgi (pid=2572): Shutdown requested 'application'.
[Fri Jun 02 19:13:51.165244 2023] [wsgi:info] [pid 2572] mod_wsgi (pid=2572): Stopping process 'application'.
[Fri Jun 02 19:13:51.165282 2023] [wsgi:info] [pid 2572] mod_wsgi (pid=2572): Destroying interpreters.
[Fri Jun 02 19:13:51.165304 2023] [wsgi:info] [pid 2572] mod_wsgi (pid=2572): Destroy interpreter 'api.solddownriver.com|'.
[Fri Jun 02 19:13:51.166164 2023] [wsgi:info] [pid 2572] mod_wsgi (pid=2572): End interpreter 'api.solddownriver.com|'.
[Fri Jun 02 19:13:51.726744 2023] [wsgi:info] [pid 2572] mod_wsgi (pid=2572): Cleanup interpreter ''.
[Fri Jun 02 19:13:51.735031 2023] [wsgi:info] [pid 2573] mod_wsgi (pid=2573): Cleanup interpreter ''.
[Fri Jun 02 19:13:51.762227 2023] [wsgi:info] [pid 2572] mod_wsgi (pid=2572): Terminating Python.
[Fri Jun 02 19:13:51.766961 2023] [wsgi:info] [pid 2573] mod_wsgi (pid=2573): Terminating Python.
[Fri Jun 02 19:13:51.828658 2023] [wsgi:info] [pid 2572] mod_wsgi (pid=2572): Python has shutdown.
[Fri Jun 02 19:13:51.828705 2023] [wsgi:info] [pid 2572] mod_wsgi (pid=2572): Exiting process 'application'.
[Fri Jun 02 19:13:51.832794 2023] [wsgi:info] [pid 2573] mod_wsgi (pid=2573): Python has shutdown.
[Fri Jun 02 19:13:51.832849 2023] [wsgi:info] [pid 2573] mod_wsgi (pid=2573): Exiting process 'application'.
[Fri Jun 02 19:13:52.322509 2023] [ssl:info] [pid 3096] AH01914: Configuring server app.solddownriver.com:443 for SSL protocol
[Fri Jun 02 19:13:52.323168 2023] [ssl:info] [pid 3096] AH02568: Certificate and private key app.solddownriver.com:443:0 configured from /etc/letsencrypt/live/app.solddownriver.com/fullchain.pem and /etc/letsencrypt/live/app.solddownriver.com/privkey.pem
[Fri Jun 02 19:13:52.323293 2023] [ssl:info] [pid 3096] AH01914: Configuring server api.solddownriver.com:443 for SSL protocol
[Fri Jun 02 19:13:52.323881 2023] [ssl:info] [pid 3096] AH02568: Certificate and private key api.solddownriver.com:443:0 configured from /etc/letsencrypt/live/api.solddownriver.com/fullchain.pem and /etc/letsencrypt/live/api.solddownriver.com/privkey.pem
[Fri Jun 02 19:13:52.390446 2023] [ssl:info] [pid 3097] AH01914: Configuring server app.solddownriver.com:443 for SSL protocol
[Fri Jun 02 19:13:52.391160 2023] [ssl:info] [pid 3097] AH02568: Certificate and private key app.solddownriver.com:443:0 configured from /etc/letsencrypt/live/app.solddownriver.com/fullchain.pem and /etc/letsencrypt/live/app.solddownriver.com/privkey.pem
[Fri Jun 02 19:13:52.391372 2023] [ssl:info] [pid 3097] AH01914: Configuring server api.solddownriver.com:443 for SSL protocol
[Fri Jun 02 19:13:52.391965 2023] [ssl:info] [pid 3097] AH02568: Certificate and private key api.solddownriver.com:443:0 configured from /etc/letsencrypt/live/api.solddownriver.com/fullchain.pem and /etc/letsencrypt/live/api.solddownriver.com/privkey.pem
[Fri Jun 02 19:13:52.663259 2023] [wsgi:info] [pid 3098] mod_wsgi (pid=3098): Attach interpreter ''.
[Fri Jun 02 19:13:52.666032 2023] [wsgi:info] [pid 3099] mod_wsgi (pid=3099): Attach interpreter ''.
[Fri Jun 02 19:13:52.691923 2023] [wsgi:info] [pid 3098] mod_wsgi (pid=3098): Adding '/var/www/python' to path.
[Fri Jun 02 19:13:52.694951 2023] [wsgi:info] [pid 3099] mod_wsgi (pid=3099): Adding '/var/www/python' to path.
[Fri Jun 02 19:13:54.749840 2023] [ssl:info] [pid 3103] [client 98.183.220.59:49923] AH01964: Connection to child 3 established (server api.solddownriver.com:443)
[Fri Jun 02 19:13:54.947660 2023] [ssl:info] [pid 3102] [client 98.183.220.59:49924] AH01964: Connection to child 2 established (server api.solddownriver.com:443)
[Fri Jun 02 19:13:54.960172 2023] [ssl:info] [pid 3100] [client 98.183.220.59:49925] AH01964: Connection to child 0 established (server api.solddownriver.com:443)
[Fri Jun 02 19:13:54.989290 2023] [ssl:info] [pid 3101] [client 98.183.220.59:49926] AH01964: Connection to child 1 established (server api.solddownriver.com:443)
[Fri Jun 02 19:13:56.165645 2023] [ssl:info] [pid 3104] [client 98.183.220.59:49927] AH01964: Connection to child 4 established (server api.solddownriver.com:443)
[Fri Jun 02 19:13:56.398709 2023] [ssl:info] [pid 3103] [client 98.183.220.59:49928] AH01964: Connection to child 3 established (server api.solddownriver.com:443)
[Fri Jun 02 19:14:11.499275 2023] [ssl:info] [pid 3101] [client 98.183.220.59:49930] AH01964: Connection to child 1 established (server api.solddownriver.com:443)
[Fri Jun 02 19:14:11.614254 2023] [ssl:info] [pid 3119] [client 98.183.220.59:49931] AH01964: Connection to child 5 established (server api.solddownriver.com:443)
[Fri Jun 02 19:14:11.717444 2023] [ssl:info] [pid 3104] [client 98.183.220.59:49932] AH01964: Connection to child 4 established (server api.solddownriver.com:443)
[Fri Jun 02 19:14:16.599352 2023] [ssl:info] [pid 3103] [client 2a03:2880:12ff:17::face:b00c:52312] AH01964: Connection to child 3 established (server api.solddownriver.com:443)
[Fri Jun 02 19:14:19.154292 2023] [ssl:info] [pid 3120] [client 98.183.220.59:49933] AH01964: Connection to child 6 established (server api.solddownriver.com:443)
[Fri Jun 02 19:14:19.273128 2023] [ssl:info] [pid 3121] [client 98.183.220.59:49934] AH01964: Connection to child 7 established (server api.solddownriver.com:443)
[Fri Jun 02 19:14:19.377139 2023] [ssl:info] [pid 3102] [client 98.183.220.59:49935] AH01964: Connection to child 2 established (server api.solddownriver.com:443)
[Fri Jun 02 19:14:20.778691 2023] [ssl:info] [pid 3100] [client 98.183.220.59:49936] AH01964: Connection to child 0 established (server api.solddownriver.com:443)
[Fri Jun 02 19:14:22.709299 2023] [ssl:info] [pid 3101] [client 98.183.220.59:49937] AH01964: Connection to child 1 established (server api.solddownriver.com:443)
[Fri Jun 02 19:14:22.915524 2023] [ssl:info] [pid 3104] [client 98.183.220.59:49938] AH01964: Connection to child 4 established (server api.solddownriver.com:443)
[Fri Jun 02 19:15:05.430576 2023] [ssl:info] [pid 3103] [client 98.183.220.59:49942] AH01964: Connection to child 3 established (server api.solddownriver.com:443)
[Fri Jun 02 19:15:05.555540 2023] [ssl:info] [pid 3119] [client 98.183.220.59:49943] AH01964: Connection to child 5 established (server api.solddownriver.com:443)
[Fri Jun 02 19:15:05.666742 2023] [ssl:info] [pid 3120] [client 98.183.220.59:49944] AH01964: Connection to child 6 established (server api.solddownriver.com:443)
[Fri Jun 02 19:16:17.880627 2023] [ssl:info] [pid 3102] [client 98.183.220.59:49950] AH01964: Connection to child 2 established (server api.solddownriver.com:443)
[Fri Jun 02 19:16:18.009581 2023] [ssl:info] [pid 3100] [client 98.183.220.59:49951] AH01964: Connection to child 0 established (server api.solddownriver.com:443)
[Fri Jun 02 19:16:18.137465 2023] [ssl:info] [pid 3101] [client 98.183.220.59:49952] AH01964: Connection to child 1 established (server api.solddownriver.com:443)
[Fri Jun 02 19:16:44.014966 2023] [ssl:info] [pid 3104] [client 66.249.66.6:46665] AH01964: Connection to child 4 established (server api.solddownriver.com:443)
[Fri Jun 02 19:16:45.097099 2023] [ssl:info] [pid 3121] [client 198.74.54.209:59394] AH01964: Connection to child 7 established (server api.solddownriver.com:443)
[Fri Jun 02 19:16:49.426279 2023] [ssl:info] [pid 3104] (70014)End of file found: [client 66.249.66.6:46665] AH01991: SSL input filter read failed.
[Fri Jun 02 19:20:44.678026 2023] [ssl:info] [pid 3103] [client 2600:8805:1800:338:40c4:ed77:db60:f48d:55330] AH01964: Connection to child 3 established (server api.solddownriver.com:443)
[Fri Jun 02 19:20:44.768900 2023] [ssl:info] [pid 3120] [client 2600:8805:1800:338:40c4:ed77:db60:f48d:55331] AH01964: Connection to child 6 established (server api.solddownriver.com:443)
[Fri Jun 02 19:20:44.770086 2023] [ssl:info] [pid 3119] [client 2600:8805:1800:338:40c4:ed77:db60:f48d:55334] AH01964: Connection to child 5 established (server api.solddownriver.com:443)
[Fri Jun 02 19:20:44.773082 2023] [ssl:info] [pid 3102] [client 2600:8805:1800:338:40c4:ed77:db60:f48d:55335] AH01964: Connection to child 2 established (server api.solddownriver.com:443)
[Fri Jun 02 19:20:44.774137 2023] [ssl:info] [pid 3101] [client 2600:8805:1800:338:40c4:ed77:db60:f48d:55332] AH01964: Connection to child 1 established (server api.solddownriver.com:443)
[Fri Jun 02 19:20:44.777178 2023] [ssl:info] [pid 3100] [client 2600:8805:1800:338:40c4:ed77:db60:f48d:55333] AH01964: Connection to child 0 established (server api.solddownriver.com:443)
[Fri Jun 02 19:21:13.602254 2023] [ssl:info] [pid 3104] [client 2600:8805:1800:338:40c4:ed77:db60:f48d:55395] AH01964: Connection to child 4 established (server api.solddownriver.com:443)
[Fri Jun 02 19:21:13.703783 2023] [ssl:info] [pid 3201] [client 2600:8805:1800:338:40c4:ed77:db60:f48d:55397] AH01964: Connection to child 8 established (server api.solddownriver.com:443)
[Fri Jun 02 19:21:13.711159 2023] [ssl:info] [pid 3203] [client 2600:8805:1800:338:40c4:ed77:db60:f48d:55396] AH01964: Connection to child 10 established (server api.solddownriver.com:443)
[Fri Jun 02 19:21:13.713194 2023] [ssl:info] [pid 3202] [client 2600:8805:1800:338:40c4:ed77:db60:f48d:55398] AH01964: Connection to child 9 established (server api.solddownriver.com:443)
[Fri Jun 02 19:21:20.078161 2023] [ssl:info] [pid 3103] [client 2600:8805:1800:338:40c4:ed77:db60:f48d:55415] AH01964: Connection to child 3 established (server api.solddownriver.com:443)
[Fri Jun 02 19:21:20.079308 2023] [ssl:info] [pid 3102] [client 2600:8805:1800:338:40c4:ed77:db60:f48d:55413] AH01964: Connection to child 2 established (server api.solddownriver.com:443)
[Fri Jun 02 19:21:20.081028 2023] [ssl:info] [pid 3100] [client 2600:8805:1800:338:40c4:ed77:db60:f48d:55414] AH01964: Connection to child 0 established (server api.solddownriver.com:443)
[Fri Jun 02 19:21:40.133857 2023] [reqtimeout:info] [pid 3102] [client 2600:8805:1800:338:40c4:ed77:db60:f48d:55413] AH01382: Request header read timeout
[Fri Jun 02 19:22:04.787123 2023] [ssl:info] [pid 3120] [client 2600:8805:1800:338:40c4:ed77:db60:f48d:55511] AH01964: Connection to child 6 established (server api.solddownriver.com:443)
[Fri Jun 02 19:22:04.883459 2023] [ssl:info] [pid 3101] [client 2600:8805:1800:338:40c4:ed77:db60:f48d:55512] AH01964: Connection to child 1 established (server api.solddownriver.com:443)
[Fri Jun 02 19:22:04.889785 2023] [ssl:info] [pid 3201] [client 2600:8805:1800:338:40c4:ed77:db60:f48d:55513] AH01964: Connection to child 8 established (server api.solddownriver.com:443)
[Fri Jun 02 19:22:04.891711 2023] [ssl:info] [pid 3203] [client 2600:8805:1800:338:40c4:ed77:db60:f48d:55514] AH01964: Connection to child 10 established (server api.solddownriver.com:443)
[Fri Jun 02 19:22:04.893019 2023] [ssl:info] [pid 3104] [client 2600:8805:1800:338:40c4:ed77:db60:f48d:55516] AH01964: Connection to child 4 established (server api.solddownriver.com:443)
[Fri Jun 02 19:22:04.897023 2023] [ssl:info] [pid 3103] [client 2600:8805:1800:338:40c4:ed77:db60:f48d:55515] AH01964: Connection to child 3 established (server api.solddownriver.com:443)
[Fri Jun 02 19:22:04.951553 2023] [ssl:info] [pid 3100] [client 2600:8805:1800:338:40c4:ed77:db60:f48d:55519] AH01964: Connection to child 0 established (server api.solddownriver.com:443)
[Fri Jun 02 19:22:04.953005 2023] [ssl:info] [pid 3202] [client 2600:8805:1800:338:40c4:ed77:db60:f48d:55517] AH01964: Connection to child 9 established (server api.solddownriver.com:443)
[Fri Jun 02 19:22:04.956894 2023] [ssl:info] [pid 3102] [client 2600:8805:1800:338:40c4:ed77:db60:f48d:55518] AH01964: Connection to child 2 established (server api.solddownriver.com:443)
[Fri Jun 02 19:22:04.992218 2023] [ssl:info] [pid 3119] [client 2600:8805:1800:338:40c4:ed77:db60:f48d:55521] AH01964: Connection to child 5 established (server api.solddownriver.com:443)
[Fri Jun 02 19:22:05.011777 2023] [ssl:info] [pid 3225] [client 2600:8805:1800:338:40c4:ed77:db60:f48d:55520] AH01964: Connection to child 7 established (server api.solddownriver.com:443)
[Fri Jun 02 19:22:24.959526 2023] [reqtimeout:info] [pid 3104] [client 2600:8805:1800:338:40c4:ed77:db60:f48d:55516] AH01382: Request header read timeout
[Fri Jun 02 19:22:25.029007 2023] [reqtimeout:info] [pid 3119] [client 2600:8805:1800:338:40c4:ed77:db60:f48d:55521] AH01382: Request header read timeout
[Fri Jun 02 19:22:25.066234 2023] [reqtimeout:info] [pid 3225] [client 2600:8805:1800:338:40c4:ed77:db60:f48d:55520] AH01382: Request header read timeout
[Fri Jun 02 19:24:52.028531 2023] [ssl:info] [pid 3120] [client 2600:8805:1800:338:40c4:ed77:db60:f48d:55911] AH01964: Connection to child 6 established (server api.solddownriver.com:443)
[Fri Jun 02 19:24:52.119391 2023] [ssl:info] [pid 3201] [client 2600:8805:1800:338:40c4:ed77:db60:f48d:55917] AH01964: Connection to child 8 established (server api.solddownriver.com:443)
[Fri Jun 02 19:24:52.120090 2023] [ssl:info] [pid 3101] [client 2600:8805:1800:338:40c4:ed77:db60:f48d:55916] AH01964: Connection to child 1 established (server api.solddownriver.com:443)
[Fri Jun 02 19:24:52.121050 2023] [ssl:info] [pid 3203] [client 2600:8805:1800:338:40c4:ed77:db60:f48d:55914] AH01964: Connection to child 10 established (server api.solddownriver.com:443)
[Fri Jun 02 19:24:52.123006 2023] [ssl:info] [pid 3202] [client 2600:8805:1800:338:40c4:ed77:db60:f48d:55915] AH01964: Connection to child 9 established (server api.solddownriver.com:443)
[Fri Jun 02 19:24:52.125192 2023] [ssl:info] [pid 3100] [client 2600:8805:1800:338:40c4:ed77:db60:f48d:55918] AH01964: Connection to child 0 established (server api.solddownriver.com:443)
[Fri Jun 02 19:24:52.125780 2023] [ssl:info] [pid 3102] [client 2600:8805:1800:338:40c4:ed77:db60:f48d:55920] AH01964: Connection to child 2 established (server api.solddownriver.com:443)
[Fri Jun 02 19:24:52.127553 2023] [ssl:info] [pid 3104] [client 2600:8805:1800:338:40c4:ed77:db60:f48d:55919] AH01964: Connection to child 4 established (server api.solddownriver.com:443)
[Fri Jun 02 19:24:52.128144 2023] [ssl:info] [pid 3119] [client 2600:8805:1800:338:40c4:ed77:db60:f48d:55913] AH01964: Connection to child 5 established (server api.solddownriver.com:443)
[Fri Jun 02 19:24:52.384954 2023] [ssl:info] [pid 3225] [client 2600:8805:1800:338:40c4:ed77:db60:f48d:55921] AH01964: Connection to child 7 established (server api.solddownriver.com:443)
[Fri Jun 02 19:25:01.579129 2023] [wsgi:info] [pid 3099] mod_wsgi (pid=3099): Create interpreter 'api.solddownriver.com|'.
[Fri Jun 02 19:25:01.599312 2023] [wsgi:info] [pid 3099] mod_wsgi (pid=3099): Adding '/var/www/python' to path.
[Fri Jun 02 19:25:01.600392 2023] [wsgi:info] [pid 3099] [remote 2600:8805:1800:338:40c4:ed77:db60:f48d:55921] mod_wsgi (pid=3099, process='application', application='api.solddownriver.com|'): Loading Python script file '/var/www/python/app.wsgi'.
[Fri Jun 02 19:25:02.309260 2023] [wsgi:error] [pid 3099] [remote 2600:8805:1800:338:40c4:ed77:db60:f48d:55921] SELECT * from users WHERE Email = 'steve@roadsteadhighschool.com' and Password = 'password'
[Fri Jun 02 19:25:02.312440 2023] [wsgi:error] [pid 3099] [remote 2600:8805:1800:338:40c4:ed77:db60:f48d:55921] {'UserId': '1', 'FirstName': 'Steve', 'LastName': 'Nelson', 'Email': 'steve@roadsteadhighschool.com', 'Password': 'password', 'School': 'Roadstead High School', 'SemesterYear': '2023', 'Phone': '7576796703', 'UserType': 'admin'}
[Fri Jun 02 19:25:02.403444 2023] [ssl:info] [pid 3262] [client 2600:8805:1800:338:40c4:ed77:db60:f48d:55941] AH01964: Connection to child 13 established (server api.solddownriver.com:443)
[Fri Jun 02 19:25:03.478851 2023] [ssl:info] [pid 3264] [client 2600:8805:1800:338:40c4:ed77:db60:f48d:55947] AH01964: Connection to child 15 established (server api.solddownriver.com:443)
[Fri Jun 02 19:25:03.482951 2023] [ssl:info] [pid 3203] [client 2600:8805:1800:338:40c4:ed77:db60:f48d:55946] AH01964: Connection to child 10 established (server api.solddownriver.com:443)
[Fri Jun 02 19:25:03.484047 2023] [ssl:info] [pid 3120] [client 2600:8805:1800:338:40c4:ed77:db60:f48d:55949] AH01964: Connection to child 6 established (server api.solddownriver.com:443)
[Fri Jun 02 19:25:03.485018 2023] [ssl:info] [pid 3119] [client 2600:8805:1800:338:40c4:ed77:db60:f48d:55953] AH01964: Connection to child 5 established (server api.solddownriver.com:443)
[Fri Jun 02 19:25:03.486095 2023] [ssl:info] [pid 3101] [client 2600:8805:1800:338:40c4:ed77:db60:f48d:55951] AH01964: Connection to child 1 established (server api.solddownriver.com:443)
[Fri Jun 02 19:25:03.489014 2023] [ssl:info] [pid 3202] [client 2600:8805:1800:338:40c4:ed77:db60:f48d:55952] AH01964: Connection to child 9 established (server api.solddownriver.com:443)
[Fri Jun 02 19:25:03.489760 2023] [ssl:info] [pid 3201] [client 2600:8805:1800:338:40c4:ed77:db60:f48d:55950] AH01964: Connection to child 8 established (server api.solddownriver.com:443)
[Fri Jun 02 19:25:03.492569 2023] [ssl:info] [pid 3104] [client 2600:8805:1800:338:40c4:ed77:db60:f48d:55948] AH01964: Connection to child 4 established (server api.solddownriver.com:443)
[Fri Jun 02 19:25:03.678435 2023] [wsgi:info] [pid 3098] mod_wsgi (pid=3098): Create interpreter 'api.solddownriver.com|'.
[Fri Jun 02 19:25:03.692461 2023] [wsgi:info] [pid 3098] mod_wsgi (pid=3098): Adding '/var/www/python' to path.
